18:54:21 **** Build of configuration Debug for project GPIO_Counter_Test ****
make all 
Building file: ../startup/startup_stm32f767xx.s
Invoking: MCU GCC Assembler
D:\Programs\heroku_apps\SolarControl\GPIO_Counter_Test\Debug
arm-none-eabi-as -mcpu=cortex-m7 -mthumb -mfloat-abi=hard -mfpu=fpv5-d16 -g -o "startup/startup_stm32f767xx.o" "../startup/startup_stm32f767xx.s"
Finished building: ../startup/startup_stm32f767xx.s
 
Building file: ../Src/gpio.c
Invoking: MCU GCC Compiler
D:\Programs\heroku_apps\SolarControl\GPIO_Counter_Test\Debug
arm-none-eabi-gcc -mcpu=cortex-m7 -mthumb -mfloat-abi=hard -mfpu=fpv5-d16 '-D__weak=__attribute__((weak))' '-D__packed=__attribute__((__packed__))' -DUSE_HAL_DRIVER -DSTM32F767xx -I"D:/Programs/heroku_apps/SolarControl/GPIO_Counter_Test/Inc" -I"D:/Programs/heroku_apps/SolarControl/GPIO_Counter_Test/Drivers/STM32F7xx_HAL_Driver/Inc" -I"D:/Programs/heroku_apps/SolarControl/GPIO_Counter_Test/Drivers/STM32F7xx_HAL_Driver/Inc/Legacy" -I"D:/Programs/heroku_apps/SolarControl/GPIO_Counter_Test/Drivers/CMSIS/Device/ST/STM32F7xx/Include" -I"D:/Programs/heroku_apps/SolarControl/GPIO_Counter_Test/Drivers/CMSIS/Include"  -Og -g3 -Wall -fmessage-length=0 -ffunction-sections -c -fmessage-length=0 -MMD -MP -MF"Src/gpio.d" -MT"Src/gpio.o" -o "Src/gpio.o" "../Src/gpio.c"
Finished building: ../Src/gpio.c
 
Building file: ../Src/main.c
Invoking: MCU GCC Compiler
D:\Programs\heroku_apps\SolarControl\GPIO_Counter_Test\Debug
arm-none-eabi-gcc -mcpu=cortex-m7 -mthumb -mfloat-abi=hard -mfpu=fpv5-d16 '-D__weak=__attribute__((weak))' '-D__packed=__attribute__((__packed__))' -DUSE_HAL_DRIVER -DSTM32F767xx -I"D:/Programs/heroku_apps/SolarControl/GPIO_Counter_Test/Inc" -I"D:/Programs/heroku_apps/SolarControl/GPIO_Counter_Test/Drivers/STM32F7xx_HAL_Driver/Inc" -I"D:/Programs/heroku_apps/SolarControl/GPIO_Counter_Test/Drivers/STM32F7xx_HAL_Driver/Inc/Legacy" -I"D:/Programs/heroku_apps/SolarControl/GPIO_Counter_Test/Drivers/CMSIS/Device/ST/STM32F7xx/Include" -I"D:/Programs/heroku_apps/SolarControl/GPIO_Counter_Test/Drivers/CMSIS/Include"  -Og -g3 -Wall -fmessage-length=0 -ffunction-sections -c -fmessage-length=0 -MMD -MP -MF"Src/main.d" -MT"Src/main.o" -o "Src/main.o" "../Src/main.c"
Finished building: ../Src/main.c
 
Building file: ../Src/stm32f7xx_hal_msp.c
Invoking: MCU GCC Compiler
D:\Programs\heroku_apps\SolarControl\GPIO_Counter_Test\Debug
arm-none-eabi-gcc -mcpu=cortex-m7 -mthumb -mfloat-abi=hard -mfpu=fpv5-d16 '-D__weak=__attribute__((weak))' '-D__packed=__attribute__((__packed__))' -DUSE_HAL_DRIVER -DSTM32F767xx -I"D:/Programs/heroku_apps/SolarControl/GPIO_Counter_Test/Inc" -I"D:/Programs/heroku_apps/SolarControl/GPIO_Counter_Test/Drivers/STM32F7xx_HAL_Driver/Inc" -I"D:/Programs/heroku_apps/SolarControl/GPIO_Counter_Test/Drivers/STM32F7xx_HAL_Driver/Inc/Legacy" -I"D:/Programs/heroku_apps/SolarControl/GPIO_Counter_Test/Drivers/CMSIS/Device/ST/STM32F7xx/Include" -I"D:/Programs/heroku_apps/SolarControl/GPIO_Counter_Test/Drivers/CMSIS/Include"  -Og -g3 -Wall -fmessage-length=0 -ffunction-sections -c -fmessage-length=0 -MMD -MP -MF"Src/stm32f7xx_hal_msp.d" -MT"Src/stm32f7xx_hal_msp.o" -o "Src/stm32f7xx_hal_msp.o" "../Src/stm32f7xx_hal_msp.c"
Finished building: ../Src/stm32f7xx_hal_msp.c
 
Building file: ../Src/stm32f7xx_it.c
Invoking: MCU GCC Compiler
D:\Programs\heroku_apps\SolarControl\GPIO_Counter_Test\Debug
arm-none-eabi-gcc -mcpu=cortex-m7 -mthumb -mfloat-abi=hard -mfpu=fpv5-d16 '-D__weak=__attribute__((weak))' '-D__packed=__attribute__((__packed__))' -DUSE_HAL_DRIVER -DSTM32F767xx -I"D:/Programs/heroku_apps/SolarControl/GPIO_Counter_Test/Inc" -I"D:/Programs/heroku_apps/SolarControl/GPIO_Counter_Test/Drivers/STM32F7xx_HAL_Driver/Inc" -I"D:/Programs/heroku_apps/SolarControl/GPIO_Counter_Test/Drivers/STM32F7xx_HAL_Driver/Inc/Legacy" -I"D:/Programs/heroku_apps/SolarControl/GPIO_Counter_Test/Drivers/CMSIS/Device/ST/STM32F7xx/Include" -I"D:/Programs/heroku_apps/SolarControl/GPIO_Counter_Test/Drivers/CMSIS/Include"  -Og -g3 -Wall -fmessage-length=0 -ffunction-sections -c -fmessage-length=0 -MMD -MP -MF"Src/stm32f7xx_it.d" -MT"Src/stm32f7xx_it.o" -o "Src/stm32f7xx_it.o" "../Src/stm32f7xx_it.c"
Finished building: ../Src/stm32f7xx_it.c
 
Building file: ../Src/system_stm32f7xx.c
Invoking: MCU GCC Compiler
D:\Programs\heroku_apps\SolarControl\GPIO_Counter_Test\Debug
arm-none-eabi-gcc -mcpu=cortex-m7 -mthumb -mfloat-abi=hard -mfpu=fpv5-d16 '-D__weak=__attribute__((weak))' '-D__packed=__attribute__((__packed__))' -DUSE_HAL_DRIVER -DSTM32F767xx -I"D:/Programs/heroku_apps/SolarControl/GPIO_Counter_Test/Inc" -I"D:/Programs/heroku_apps/SolarControl/GPIO_Counter_Test/Drivers/STM32F7xx_HAL_Driver/Inc" -I"D:/Programs/heroku_apps/SolarControl/GPIO_Counter_Test/Drivers/STM32F7xx_HAL_Driver/Inc/Legacy" -I"D:/Programs/heroku_apps/SolarControl/GPIO_Counter_Test/Drivers/CMSIS/Device/ST/STM32F7xx/Include" -I"D:/Programs/heroku_apps/SolarControl/GPIO_Counter_Test/Drivers/CMSIS/Include"  -Og -g3 -Wall -fmessage-length=0 -ffunction-sections -c -fmessage-length=0 -MMD -MP -MF"Src/system_stm32f7xx.d" -MT"Src/system_stm32f7xx.o" -o "Src/system_stm32f7xx.o" "../Src/system_stm32f7xx.c"
Finished building: ../Src/system_stm32f7xx.c
 
Building file: ../Drivers/STM32F7xx_HAL_Driver/Src/stm32f7xx_hal.c
Invoking: MCU GCC Compiler
D:\Programs\heroku_apps\SolarControl\GPIO_Counter_Test\Debug
arm-none-eabi-gcc -mcpu=cortex-m7 -mthumb -mfloat-abi=hard -mfpu=fpv5-d16 '-D__weak=__attribute__((weak))' '-D__packed=__attribute__((__packed__))' -DUSE_HAL_DRIVER -DSTM32F767xx -I"D:/Programs/heroku_apps/SolarControl/GPIO_Counter_Test/Inc" -I"D:/Programs/heroku_apps/SolarControl/GPIO_Counter_Test/Drivers/STM32F7xx_HAL_Driver/Inc" -I"D:/Programs/heroku_apps/SolarControl/GPIO_Counter_Test/Drivers/STM32F7xx_HAL_Driver/Inc/Legacy" -I"D:/Programs/heroku_apps/SolarControl/GPIO_Counter_Test/Drivers/CMSIS/Device/ST/STM32F7xx/Include" -I"D:/Programs/heroku_apps/SolarControl/GPIO_Counter_Test/Drivers/CMSIS/Include"  -Og -g3 -Wall -fmessage-length=0 -ffunction-sections -c -fmessage-length=0 -MMD -MP -MF"Drivers/STM32F7xx_HAL_Driver/Src/stm32f7xx_hal.d" -MT"Drivers/STM32F7xx_HAL_Driver/Src/stm32f7xx_hal.o" -o "Drivers/STM32F7xx_HAL_Driver/Src/stm32f7xx_hal.o" "../Drivers/STM32F7xx_HAL_Driver/Src/stm32f7xx_hal.c"
Finished building: ../Drivers/STM32F7xx_HAL_Driver/Src/stm32f7xx_hal.c
 
Building file: ../Drivers/STM32F7xx_HAL_Driver/Src/stm32f7xx_hal_cortex.c
Invoking: MCU GCC Compiler
D:\Programs\heroku_apps\SolarControl\GPIO_Counter_Test\Debug
arm-none-eabi-gcc -mcpu=cortex-m7 -mthumb -mfloat-abi=hard -mfpu=fpv5-d16 '-D__weak=__attribute__((weak))' '-D__packed=__attribute__((__packed__))' -DUSE_HAL_DRIVER -DSTM32F767xx -I"D:/Programs/heroku_apps/SolarControl/GPIO_Counter_Test/Inc" -I"D:/Programs/heroku_apps/SolarControl/GPIO_Counter_Test/Drivers/STM32F7xx_HAL_Driver/Inc" -I"D:/Programs/heroku_apps/SolarControl/GPIO_Counter_Test/Drivers/STM32F7xx_HAL_Driver/Inc/Legacy" -I"D:/Programs/heroku_apps/SolarControl/GPIO_Counter_Test/Drivers/CMSIS/Device/ST/STM32F7xx/Include" -I"D:/Programs/heroku_apps/SolarControl/GPIO_Counter_Test/Drivers/CMSIS/Include"  -Og -g3 -Wall -fmessage-length=0 -ffunction-sections -c -fmessage-length=0 -MMD -MP -MF"Drivers/STM32F7xx_HAL_Driver/Src/stm32f7xx_hal_cortex.d" -MT"Drivers/STM32F7xx_HAL_Driver/Src/stm32f7xx_hal_cortex.o" -o "Drivers/STM32F7xx_HAL_Driver/Src/stm32f7xx_hal_cortex.o" "../Drivers/STM32F7xx_HAL_Driver/Src/stm32f7xx_hal_cortex.c"
Finished building: ../Drivers/STM32F7xx_HAL_Driver/Src/stm32f7xx_hal_cortex.c
 
Building file: ../Drivers/STM32F7xx_HAL_Driver/Src/stm32f7xx_hal_dma.c
Invoking: MCU GCC Compiler
D:\Programs\heroku_apps\SolarControl\GPIO_Counter_Test\Debug
arm-none-eabi-gcc -mcpu=cortex-m7 -mthumb -mfloat-abi=hard -mfpu=fpv5-d16 '-D__weak=__attribute__((weak))' '-D__packed=__attribute__((__packed__))' -DUSE_HAL_DRIVER -DSTM32F767xx -I"D:/Programs/heroku_apps/SolarControl/GPIO_Counter_Test/Inc" -I"D:/Programs/heroku_apps/SolarControl/GPIO_Counter_Test/Drivers/STM32F7xx_HAL_Driver/Inc" -I"D:/Programs/heroku_apps/SolarControl/GPIO_Counter_Test/Drivers/STM32F7xx_HAL_Driver/Inc/Legacy" -I"D:/Programs/heroku_apps/SolarControl/GPIO_Counter_Test/Drivers/CMSIS/Device/ST/STM32F7xx/Include" -I"D:/Programs/heroku_apps/SolarControl/GPIO_Counter_Test/Drivers/CMSIS/Include"  -Og -g3 -Wall -fmessage-length=0 -ffunction-sections -c -fmessage-length=0 -MMD -MP -MF"Drivers/STM32F7xx_HAL_Driver/Src/stm32f7xx_hal_dma.d" -MT"Drivers/STM32F7xx_HAL_Driver/Src/stm32f7xx_hal_dma.o" -o "Drivers/STM32F7xx_HAL_Driver/Src/stm32f7xx_hal_dma.o" "../Drivers/STM32F7xx_HAL_Driver/Src/stm32f7xx_hal_dma.c"
Finished building: ../Drivers/STM32F7xx_HAL_Driver/Src/stm32f7xx_hal_dma.c
 
Building file: ../Drivers/STM32F7xx_HAL_Driver/Src/stm32f7xx_hal_dma_ex.c
Invoking: MCU GCC Compiler
D:\Programs\heroku_apps\SolarControl\GPIO_Counter_Test\Debug
arm-none-eabi-gcc -mcpu=cortex-m7 -mthumb -mfloat-abi=hard -mfpu=fpv5-d16 '-D__weak=__attribute__((weak))' '-D__packed=__attribute__((__packed__))' -DUSE_HAL_DRIVER -DSTM32F767xx -I"D:/Programs/heroku_apps/SolarControl/GPIO_Counter_Test/Inc" -I"D:/Programs/heroku_apps/SolarControl/GPIO_Counter_Test/Drivers/STM32F7xx_HAL_Driver/Inc" -I"D:/Programs/heroku_apps/SolarControl/GPIO_Counter_Test/Drivers/STM32F7xx_HAL_Driver/Inc/Legacy" -I"D:/Programs/heroku_apps/SolarControl/GPIO_Counter_Test/Drivers/CMSIS/Device/ST/STM32F7xx/Include" -I"D:/Programs/heroku_apps/SolarControl/GPIO_Counter_Test/Drivers/CMSIS/Include"  -Og -g3 -Wall -fmessage-length=0 -ffunction-sections -c -fmessage-length=0 -MMD -MP -MF"Drivers/STM32F7xx_HAL_Driver/Src/stm32f7xx_hal_dma_ex.d" -MT"Drivers/STM32F7xx_HAL_Driver/Src/stm32f7xx_hal_dma_ex.o" -o "Drivers/STM32F7xx_HAL_Driver/Src/stm32f7xx_hal_dma_ex.o" "../Drivers/STM32F7xx_HAL_Driver/Src/stm32f7xx_hal_dma_ex.c"
Finished building: ../Drivers/STM32F7xx_HAL_Driver/Src/stm32f7xx_hal_dma_ex.c
 
Building file: ../Drivers/STM32F7xx_HAL_Driver/Src/stm32f7xx_hal_flash.c
Invoking: MCU GCC Compiler
D:\Programs\heroku_apps\SolarControl\GPIO_Counter_Test\Debug
arm-none-eabi-gcc -mcpu=cortex-m7 -mthumb -mfloat-abi=hard -mfpu=fpv5-d16 '-D__weak=__attribute__((weak))' '-D__packed=__attribute__((__packed__))' -DUSE_HAL_DRIVER -DSTM32F767xx -I"D:/Programs/heroku_apps/SolarControl/GPIO_Counter_Test/Inc" -I"D:/Programs/heroku_apps/SolarControl/GPIO_Counter_Test/Drivers/STM32F7xx_HAL_Driver/Inc" -I"D:/Programs/heroku_apps/SolarControl/GPIO_Counter_Test/Drivers/STM32F7xx_HAL_Driver/Inc/Legacy" -I"D:/Programs/heroku_apps/SolarControl/GPIO_Counter_Test/Drivers/CMSIS/Device/ST/STM32F7xx/Include" -I"D:/Programs/heroku_apps/SolarControl/GPIO_Counter_Test/Drivers/CMSIS/Include"  -Og -g3 -Wall -fmessage-length=0 -ffunction-sections -c -fmessage-length=0 -MMD -MP -MF"Drivers/STM32F7xx_HAL_Driver/Src/stm32f7xx_hal_flash.d" -MT"Drivers/STM32F7xx_HAL_Driver/Src/stm32f7xx_hal_flash.o" -o "Drivers/STM32F7xx_HAL_Driver/Src/stm32f7xx_hal_flash.o" "../Drivers/STM32F7xx_HAL_Driver/Src/stm32f7xx_hal_flash.c"
Finished building: ../Drivers/STM32F7xx_HAL_Driver/Src/stm32f7xx_hal_flash.c
 
Building file: ../Drivers/STM32F7xx_HAL_Driver/Src/stm32f7xx_hal_flash_ex.c
Invoking: MCU GCC Compiler
D:\Programs\heroku_apps\SolarControl\GPIO_Counter_Test\Debug
arm-none-eabi-gcc -mcpu=cortex-m7 -mthumb -mfloat-abi=hard -mfpu=fpv5-d16 '-D__weak=__attribute__((weak))' '-D__packed=__attribute__((__packed__))' -DUSE_HAL_DRIVER -DSTM32F767xx -I"D:/Programs/heroku_apps/SolarControl/GPIO_Counter_Test/Inc" -I"D:/Programs/heroku_apps/SolarControl/GPIO_Counter_Test/Drivers/STM32F7xx_HAL_Driver/Inc" -I"D:/Programs/heroku_apps/SolarControl/GPIO_Counter_Test/Drivers/STM32F7xx_HAL_Driver/Inc/Legacy" -I"D:/Programs/heroku_apps/SolarControl/GPIO_Counter_Test/Drivers/CMSIS/Device/ST/STM32F7xx/Include" -I"D:/Programs/heroku_apps/SolarControl/GPIO_Counter_Test/Drivers/CMSIS/Include"  -Og -g3 -Wall -fmessage-length=0 -ffunction-sections -c -fmessage-length=0 -MMD -MP -MF"Drivers/STM32F7xx_HAL_Driver/Src/stm32f7xx_hal_flash_ex.d" -MT"Drivers/STM32F7xx_HAL_Driver/Src/stm32f7xx_hal_flash_ex.o" -o "Drivers/STM32F7xx_HAL_Driver/Src/stm32f7xx_hal_flash_ex.o" "../Drivers/STM32F7xx_HAL_Driver/Src/stm32f7xx_hal_flash_ex.c"
Finished building: ../Drivers/STM32F7xx_HAL_Driver/Src/stm32f7xx_hal_flash_ex.c
 
Building file: ../Drivers/STM32F7xx_HAL_Driver/Src/stm32f7xx_hal_gpio.c
Invoking: MCU GCC Compiler
D:\Programs\heroku_apps\SolarControl\GPIO_Counter_Test\Debug
arm-none-eabi-gcc -mcpu=cortex-m7 -mthumb -mfloat-abi=hard -mfpu=fpv5-d16 '-D__weak=__attribute__((weak))' '-D__packed=__attribute__((__packed__))' -DUSE_HAL_DRIVER -DSTM32F767xx -I"D:/Programs/heroku_apps/SolarControl/GPIO_Counter_Test/Inc" -I"D:/Programs/heroku_apps/SolarControl/GPIO_Counter_Test/Drivers/STM32F7xx_HAL_Driver/Inc" -I"D:/Programs/heroku_apps/SolarControl/GPIO_Counter_Test/Drivers/STM32F7xx_HAL_Driver/Inc/Legacy" -I"D:/Programs/heroku_apps/SolarControl/GPIO_Counter_Test/Drivers/CMSIS/Device/ST/STM32F7xx/Include" -I"D:/Programs/heroku_apps/SolarControl/GPIO_Counter_Test/Drivers/CMSIS/Include"  -Og -g3 -Wall -fmessage-length=0 -ffunction-sections -c -fmessage-length=0 -MMD -MP -MF"Drivers/STM32F7xx_HAL_Driver/Src/stm32f7xx_hal_gpio.d" -MT"Drivers/STM32F7xx_HAL_Driver/Src/stm32f7xx_hal_gpio.o" -o "Drivers/STM32F7xx_HAL_Driver/Src/stm32f7xx_hal_gpio.o" "../Drivers/STM32F7xx_HAL_Driver/Src/stm32f7xx_hal_gpio.c"
Finished building: ../Drivers/STM32F7xx_HAL_Driver/Src/stm32f7xx_hal_gpio.c
 
Building file: ../Drivers/STM32F7xx_HAL_Driver/Src/stm32f7xx_hal_i2c.c
Invoking: MCU GCC Compiler
D:\Programs\heroku_apps\SolarControl\GPIO_Counter_Test\Debug
arm-none-eabi-gcc -mcpu=cortex-m7 -mthumb -mfloat-abi=hard -mfpu=fpv5-d16 '-D__weak=__attribute__((weak))' '-D__packed=__attribute__((__packed__))' -DUSE_HAL_DRIVER -DSTM32F767xx -I"D:/Programs/heroku_apps/SolarControl/GPIO_Counter_Test/Inc" -I"D:/Programs/heroku_apps/SolarControl/GPIO_Counter_Test/Drivers/STM32F7xx_HAL_Driver/Inc" -I"D:/Programs/heroku_apps/SolarControl/GPIO_Counter_Test/Drivers/STM32F7xx_HAL_Driver/Inc/Legacy" -I"D:/Programs/heroku_apps/SolarControl/GPIO_Counter_Test/Drivers/CMSIS/Device/ST/STM32F7xx/Include" -I"D:/Programs/heroku_apps/SolarControl/GPIO_Counter_Test/Drivers/CMSIS/Include"  -Og -g3 -Wall -fmessage-length=0 -ffunction-sections -c -fmessage-length=0 -MMD -MP -MF"Drivers/STM32F7xx_HAL_Driver/Src/stm32f7xx_hal_i2c.d" -MT"Drivers/STM32F7xx_HAL_Driver/Src/stm32f7xx_hal_i2c.o" -o "Drivers/STM32F7xx_HAL_Driver/Src/stm32f7xx_hal_i2c.o" "../Drivers/STM32F7xx_HAL_Driver/Src/stm32f7xx_hal_i2c.c"
Finished building: ../Drivers/STM32F7xx_HAL_Driver/Src/stm32f7xx_hal_i2c.c
 
Building file: ../Drivers/STM32F7xx_HAL_Driver/Src/stm32f7xx_hal_i2c_ex.c
Invoking: MCU GCC Compiler
D:\Programs\heroku_apps\SolarControl\GPIO_Counter_Test\Debug
arm-none-eabi-gcc -mcpu=cortex-m7 -mthumb -mfloat-abi=hard -mfpu=fpv5-d16 '-D__weak=__attribute__((weak))' '-D__packed=__attribute__((__packed__))' -DUSE_HAL_DRIVER -DSTM32F767xx -I"D:/Programs/heroku_apps/SolarControl/GPIO_Counter_Test/Inc" -I"D:/Programs/heroku_apps/SolarControl/GPIO_Counter_Test/Drivers/STM32F7xx_HAL_Driver/Inc" -I"D:/Programs/heroku_apps/SolarControl/GPIO_Counter_Test/Drivers/STM32F7xx_HAL_Driver/Inc/Legacy" -I"D:/Programs/heroku_apps/SolarControl/GPIO_Counter_Test/Drivers/CMSIS/Device/ST/STM32F7xx/Include" -I"D:/Programs/heroku_apps/SolarControl/GPIO_Counter_Test/Drivers/CMSIS/Include"  -Og -g3 -Wall -fmessage-length=0 -ffunction-sections -c -fmessage-length=0 -MMD -MP -MF"Drivers/STM32F7xx_HAL_Driver/Src/stm32f7xx_hal_i2c_ex.d" -MT"Drivers/STM32F7xx_HAL_Driver/Src/stm32f7xx_hal_i2c_ex.o" -o "Drivers/STM32F7xx_HAL_Driver/Src/stm32f7xx_hal_i2c_ex.o" "../Drivers/STM32F7xx_HAL_Driver/Src/stm32f7xx_hal_i2c_ex.c"
Finished building: ../Drivers/STM32F7xx_HAL_Driver/Src/stm32f7xx_hal_i2c_ex.c
 
Building file: ../Drivers/STM32F7xx_HAL_Driver/Src/stm32f7xx_hal_pwr.c
Invoking: MCU GCC Compiler
D:\Programs\heroku_apps\SolarControl\GPIO_Counter_Test\Debug
arm-none-eabi-gcc -mcpu=cortex-m7 -mthumb -mfloat-abi=hard -mfpu=fpv5-d16 '-D__weak=__attribute__((weak))' '-D__packed=__attribute__((__packed__))' -DUSE_HAL_DRIVER -DSTM32F767xx -I"D:/Programs/heroku_apps/SolarControl/GPIO_Counter_Test/Inc" -I"D:/Programs/heroku_apps/SolarControl/GPIO_Counter_Test/Drivers/STM32F7xx_HAL_Driver/Inc" -I"D:/Programs/heroku_apps/SolarControl/GPIO_Counter_Test/Drivers/STM32F7xx_HAL_Driver/Inc/Legacy" -I"D:/Programs/heroku_apps/SolarControl/GPIO_Counter_Test/Drivers/CMSIS/Device/ST/STM32F7xx/Include" -I"D:/Programs/heroku_apps/SolarControl/GPIO_Counter_Test/Drivers/CMSIS/Include"  -Og -g3 -Wall -fmessage-length=0 -ffunction-sections -c -fmessage-length=0 -MMD -MP -MF"Drivers/STM32F7xx_HAL_Driver/Src/stm32f7xx_hal_pwr.d" -MT"Drivers/STM32F7xx_HAL_Driver/Src/stm32f7xx_hal_pwr.o" -o "Drivers/STM32F7xx_HAL_Driver/Src/stm32f7xx_hal_pwr.o" "../Drivers/STM32F7xx_HAL_Driver/Src/stm32f7xx_hal_pwr.c"
Finished building: ../Drivers/STM32F7xx_HAL_Driver/Src/stm32f7xx_hal_pwr.c
 
Building file: ../Drivers/STM32F7xx_HAL_Driver/Src/stm32f7xx_hal_pwr_ex.c
Invoking: MCU GCC Compiler
D:\Programs\heroku_apps\SolarControl\GPIO_Counter_Test\Debug
arm-none-eabi-gcc -mcpu=cortex-m7 -mthumb -mfloat-abi=hard -mfpu=fpv5-d16 '-D__weak=__attribute__((weak))' '-D__packed=__attribute__((__packed__))' -DUSE_HAL_DRIVER -DSTM32F767xx -I"D:/Programs/heroku_apps/SolarControl/GPIO_Counter_Test/Inc" -I"D:/Programs/heroku_apps/SolarControl/GPIO_Counter_Test/Drivers/STM32F7xx_HAL_Driver/Inc" -I"D:/Programs/heroku_apps/SolarControl/GPIO_Counter_Test/Drivers/STM32F7xx_HAL_Driver/Inc/Legacy" -I"D:/Programs/heroku_apps/SolarControl/GPIO_Counter_Test/Drivers/CMSIS/Device/ST/STM32F7xx/Include" -I"D:/Programs/heroku_apps/SolarControl/GPIO_Counter_Test/Drivers/CMSIS/Include"  -Og -g3 -Wall -fmessage-length=0 -ffunction-sections -c -fmessage-length=0 -MMD -MP -MF"Drivers/STM32F7xx_HAL_Driver/Src/stm32f7xx_hal_pwr_ex.d" -MT"Drivers/STM32F7xx_HAL_Driver/Src/stm32f7xx_hal_pwr_ex.o" -o "Drivers/STM32F7xx_HAL_Driver/Src/stm32f7xx_hal_pwr_ex.o" "../Drivers/STM32F7xx_HAL_Driver/Src/stm32f7xx_hal_pwr_ex.c"
Finished building: ../Drivers/STM32F7xx_HAL_Driver/Src/stm32f7xx_hal_pwr_ex.c
 
Building file: ../Drivers/STM32F7xx_HAL_Driver/Src/stm32f7xx_hal_rcc.c
Invoking: MCU GCC Compiler
D:\Programs\heroku_apps\SolarControl\GPIO_Counter_Test\Debug
arm-none-eabi-gcc -mcpu=cortex-m7 -mthumb -mfloat-abi=hard -mfpu=fpv5-d16 '-D__weak=__attribute__((weak))' '-D__packed=__attribute__((__packed__))' -DUSE_HAL_DRIVER -DSTM32F767xx -I"D:/Programs/heroku_apps/SolarControl/GPIO_Counter_Test/Inc" -I"D:/Programs/heroku_apps/SolarControl/GPIO_Counter_Test/Drivers/STM32F7xx_HAL_Driver/Inc" -I"D:/Programs/heroku_apps/SolarControl/GPIO_Counter_Test/Drivers/STM32F7xx_HAL_Driver/Inc/Legacy" -I"D:/Programs/heroku_apps/SolarControl/GPIO_Counter_Test/Drivers/CMSIS/Device/ST/STM32F7xx/Include" -I"D:/Programs/heroku_apps/SolarControl/GPIO_Counter_Test/Drivers/CMSIS/Include"  -Og -g3 -Wall -fmessage-length=0 -ffunction-sections -c -fmessage-length=0 -MMD -MP -MF"Drivers/STM32F7xx_HAL_Driver/Src/stm32f7xx_hal_rcc.d" -MT"Drivers/STM32F7xx_HAL_Driver/Src/stm32f7xx_hal_rcc.o" -o "Drivers/STM32F7xx_HAL_Driver/Src/stm32f7xx_hal_rcc.o" "../Drivers/STM32F7xx_HAL_Driver/Src/stm32f7xx_hal_rcc.c"
Finished building: ../Drivers/STM32F7xx_HAL_Driver/Src/stm32f7xx_hal_rcc.c
 
Building file: ../Drivers/STM32F7xx_HAL_Driver/Src/stm32f7xx_hal_rcc_ex.c
Invoking: MCU GCC Compiler
D:\Programs\heroku_apps\SolarControl\GPIO_Counter_Test\Debug
arm-none-eabi-gcc -mcpu=cortex-m7 -mthumb -mfloat-abi=hard -mfpu=fpv5-d16 '-D__weak=__attribute__((weak))' '-D__packed=__attribute__((__packed__))' -DUSE_HAL_DRIVER -DSTM32F767xx -I"D:/Programs/heroku_apps/SolarControl/GPIO_Counter_Test/Inc" -I"D:/Programs/heroku_apps/SolarControl/GPIO_Counter_Test/Drivers/STM32F7xx_HAL_Driver/Inc" -I"D:/Programs/heroku_apps/SolarControl/GPIO_Counter_Test/Drivers/STM32F7xx_HAL_Driver/Inc/Legacy" -I"D:/Programs/heroku_apps/SolarControl/GPIO_Counter_Test/Drivers/CMSIS/Device/ST/STM32F7xx/Include" -I"D:/Programs/heroku_apps/SolarControl/GPIO_Counter_Test/Drivers/CMSIS/Include"  -Og -g3 -Wall -fmessage-length=0 -ffunction-sections -c -fmessage-length=0 -MMD -MP -MF"Drivers/STM32F7xx_HAL_Driver/Src/stm32f7xx_hal_rcc_ex.d" -MT"Drivers/STM32F7xx_HAL_Driver/Src/stm32f7xx_hal_rcc_ex.o" -o "Drivers/STM32F7xx_HAL_Driver/Src/stm32f7xx_hal_rcc_ex.o" "../Drivers/STM32F7xx_HAL_Driver/Src/stm32f7xx_hal_rcc_ex.c"
Finished building: ../Drivers/STM32F7xx_HAL_Driver/Src/stm32f7xx_hal_rcc_ex.c
 
Building file: ../Drivers/STM32F7xx_HAL_Driver/Src/stm32f7xx_hal_tim.c
Invoking: MCU GCC Compiler
D:\Programs\heroku_apps\SolarControl\GPIO_Counter_Test\Debug
arm-none-eabi-gcc -mcpu=cortex-m7 -mthumb -mfloat-abi=hard -mfpu=fpv5-d16 '-D__weak=__attribute__((weak))' '-D__packed=__attribute__((__packed__))' -DUSE_HAL_DRIVER -DSTM32F767xx -I"D:/Programs/heroku_apps/SolarControl/GPIO_Counter_Test/Inc" -I"D:/Programs/heroku_apps/SolarControl/GPIO_Counter_Test/Drivers/STM32F7xx_HAL_Driver/Inc" -I"D:/Programs/heroku_apps/SolarControl/GPIO_Counter_Test/Drivers/STM32F7xx_HAL_Driver/Inc/Legacy" -I"D:/Programs/heroku_apps/SolarControl/GPIO_Counter_Test/Drivers/CMSIS/Device/ST/STM32F7xx/Include" -I"D:/Programs/heroku_apps/SolarControl/GPIO_Counter_Test/Drivers/CMSIS/Include"  -Og -g3 -Wall -fmessage-length=0 -ffunction-sections -c -fmessage-length=0 -MMD -MP -MF"Drivers/STM32F7xx_HAL_Driver/Src/stm32f7xx_hal_tim.d" -MT"Drivers/STM32F7xx_HAL_Driver/Src/stm32f7xx_hal_tim.o" -o "Drivers/STM32F7xx_HAL_Driver/Src/stm32f7xx_hal_tim.o" "../Drivers/STM32F7xx_HAL_Driver/Src/stm32f7xx_hal_tim.c"
Finished building: ../Drivers/STM32F7xx_HAL_Driver/Src/stm32f7xx_hal_tim.c
 
Building file: ../Drivers/STM32F7xx_HAL_Driver/Src/stm32f7xx_hal_tim_ex.c
Invoking: MCU GCC Compiler
D:\Programs\heroku_apps\SolarControl\GPIO_Counter_Test\Debug
arm-none-eabi-gcc -mcpu=cortex-m7 -mthumb -mfloat-abi=hard -mfpu=fpv5-d16 '-D__weak=__attribute__((weak))' '-D__packed=__attribute__((__packed__))' -DUSE_HAL_DRIVER -DSTM32F767xx -I"D:/Programs/heroku_apps/SolarControl/GPIO_Counter_Test/Inc" -I"D:/Programs/heroku_apps/SolarControl/GPIO_Counter_Test/Drivers/STM32F7xx_HAL_Driver/Inc" -I"D:/Programs/heroku_apps/SolarControl/GPIO_Counter_Test/Drivers/STM32F7xx_HAL_Driver/Inc/Legacy" -I"D:/Programs/heroku_apps/SolarControl/GPIO_Counter_Test/Drivers/CMSIS/Device/ST/STM32F7xx/Include" -I"D:/Programs/heroku_apps/SolarControl/GPIO_Counter_Test/Drivers/CMSIS/Include"  -Og -g3 -Wall -fmessage-length=0 -ffunction-sections -c -fmessage-length=0 -MMD -MP -MF"Drivers/STM32F7xx_HAL_Driver/Src/stm32f7xx_hal_tim_ex.d" -MT"Drivers/STM32F7xx_HAL_Driver/Src/stm32f7xx_hal_tim_ex.o" -o "Drivers/STM32F7xx_HAL_Driver/Src/stm32f7xx_hal_tim_ex.o" "../Drivers/STM32F7xx_HAL_Driver/Src/stm32f7xx_hal_tim_ex.c"
Finished building: ../Drivers/STM32F7xx_HAL_Driver/Src/stm32f7xx_hal_tim_ex.c
 
Building target: GPIO_Counter_Test.elf
Invoking: MCU GCC Linker
arm-none-eabi-gcc -mcpu=cortex-m7 -mthumb -mfloat-abi=hard -mfpu=fpv5-d16 -specs=nosys.specs -specs=nano.specs -T"../STM32F767ZITx_FLASH.ld" -Wl,-Map=output.map -Wl,--gc-sections -o "GPIO_Counter_Test.elf" @"objects.list"   -lm
Finished building target: GPIO_Counter_Test.elf
 
make --no-print-directory post-build
Generating hex and Printing size information:
arm-none-eabi-objcopy -O ihex "GPIO_Counter_Test.elf" "GPIO_Counter_Test.hex"
arm-none-eabi-size "GPIO_Counter_Test.elf"
   text	   data	    bss	    dec	    hex	filename
   4688	     20	   1572	   6280	   1888	GPIO_Counter_Test.elf
 
18:59:07 **** Incremental Build of configuration Debug for project GPIO_Counter_Test ****
make all 
Building file: ../Src/main.c
Invoking: MCU GCC Compiler
D:\Programs\heroku_apps\SolarControl\GPIO_Counter_Test\Debug
arm-none-eabi-gcc -mcpu=cortex-m7 -mthumb -mfloat-abi=hard -mfpu=fpv5-d16 '-D__weak=__attribute__((weak))' '-D__packed=__attribute__((__packed__))' -DUSE_HAL_DRIVER -DSTM32F767xx -I"D:/Programs/heroku_apps/SolarControl/GPIO_Counter_Test/Inc" -I"D:/Programs/heroku_apps/SolarControl/GPIO_Counter_Test/Drivers/STM32F7xx_HAL_Driver/Inc" -I"D:/Programs/heroku_apps/SolarControl/GPIO_Counter_Test/Drivers/STM32F7xx_HAL_Driver/Inc/Legacy" -I"D:/Programs/heroku_apps/SolarControl/GPIO_Counter_Test/Drivers/CMSIS/Device/ST/STM32F7xx/Include" -I"D:/Programs/heroku_apps/SolarControl/GPIO_Counter_Test/Drivers/CMSIS/Include"  -Og -g3 -Wall -fmessage-length=0 -ffunction-sections -c -fmessage-length=0 -MMD -MP -MF"Src/main.d" -MT"Src/main.o" -o "Src/main.o" "../Src/main.c"
Finished building: ../Src/main.c
 
Building target: GPIO_Counter_Test.elf
Invoking: MCU GCC Linker
arm-none-eabi-gcc -mcpu=cortex-m7 -mthumb -mfloat-abi=hard -mfpu=fpv5-d16 -specs=nosys.specs -specs=nano.specs -T"../STM32F767ZITx_FLASH.ld" -Wl,-Map=output.map -Wl,--gc-sections -o "GPIO_Counter_Test.elf" @"objects.list"   -lm
Finished building target: GPIO_Counter_Test.elf
 
make --no-print-directory post-build
Generating hex and Printing size information:
arm-none-eabi-objcopy -O ihex "GPIO_Counter_Test.elf" "GPIO_Counter_Test.hex"
arm-none-eabi-size "GPIO_Counter_Test.elf"
   text	   data	    bss	    dec	    hex	filename
   4700	     20	   1572	   6292	   1894	GPIO_Counter_Test.elf
 
19:48:08 **** Incremental Build of configuration Debug for project GPIO_Counter_Test ****
make all 
Building file: ../Src/adc.c
Invoking: MCU GCC Compiler
D:\Programs\heroku_apps\SolarControl\GPIO_Counter_Test\Debug
arm-none-eabi-gcc -mcpu=cortex-m7 -mthumb -mfloat-abi=hard -mfpu=fpv5-d16 '-D__weak=__attribute__((weak))' '-D__packed=__attribute__((__packed__))' -DUSE_HAL_DRIVER -DSTM32F767xx -I"D:/Programs/heroku_apps/SolarControl/GPIO_Counter_Test/Inc" -I"D:/Programs/heroku_apps/SolarControl/GPIO_Counter_Test/Drivers/STM32F7xx_HAL_Driver/Inc" -I"D:/Programs/heroku_apps/SolarControl/GPIO_Counter_Test/Drivers/STM32F7xx_HAL_Driver/Inc/Legacy" -I"D:/Programs/heroku_apps/SolarControl/GPIO_Counter_Test/Drivers/CMSIS/Device/ST/STM32F7xx/Include" -I"D:/Programs/heroku_apps/SolarControl/GPIO_Counter_Test/Drivers/CMSIS/Include"  -Og -g3 -Wall -fmessage-length=0 -ffunction-sections -c -fmessage-length=0 -MMD -MP -MF"Src/adc.d" -MT"Src/adc.o" -o "Src/adc.o" "../Src/adc.c"
Finished building: ../Src/adc.c
 
Building file: ../Src/dma.c
Invoking: MCU GCC Compiler
D:\Programs\heroku_apps\SolarControl\GPIO_Counter_Test\Debug
arm-none-eabi-gcc -mcpu=cortex-m7 -mthumb -mfloat-abi=hard -mfpu=fpv5-d16 '-D__weak=__attribute__((weak))' '-D__packed=__attribute__((__packed__))' -DUSE_HAL_DRIVER -DSTM32F767xx -I"D:/Programs/heroku_apps/SolarControl/GPIO_Counter_Test/Inc" -I"D:/Programs/heroku_apps/SolarControl/GPIO_Counter_Test/Drivers/STM32F7xx_HAL_Driver/Inc" -I"D:/Programs/heroku_apps/SolarControl/GPIO_Counter_Test/Drivers/STM32F7xx_HAL_Driver/Inc/Legacy" -I"D:/Programs/heroku_apps/SolarControl/GPIO_Counter_Test/Drivers/CMSIS/Device/ST/STM32F7xx/Include" -I"D:/Programs/heroku_apps/SolarControl/GPIO_Counter_Test/Drivers/CMSIS/Include"  -Og -g3 -Wall -fmessage-length=0 -ffunction-sections -c -fmessage-length=0 -MMD -MP -MF"Src/dma.d" -MT"Src/dma.o" -o "Src/dma.o" "../Src/dma.c"
Finished building: ../Src/dma.c
 
Building file: ../Src/gpio.c
Invoking: MCU GCC Compiler
D:\Programs\heroku_apps\SolarControl\GPIO_Counter_Test\Debug
arm-none-eabi-gcc -mcpu=cortex-m7 -mthumb -mfloat-abi=hard -mfpu=fpv5-d16 '-D__weak=__attribute__((weak))' '-D__packed=__attribute__((__packed__))' -DUSE_HAL_DRIVER -DSTM32F767xx -I"D:/Programs/heroku_apps/SolarControl/GPIO_Counter_Test/Inc" -I"D:/Programs/heroku_apps/SolarControl/GPIO_Counter_Test/Drivers/STM32F7xx_HAL_Driver/Inc" -I"D:/Programs/heroku_apps/SolarControl/GPIO_Counter_Test/Drivers/STM32F7xx_HAL_Driver/Inc/Legacy" -I"D:/Programs/heroku_apps/SolarControl/GPIO_Counter_Test/Drivers/CMSIS/Device/ST/STM32F7xx/Include" -I"D:/Programs/heroku_apps/SolarControl/GPIO_Counter_Test/Drivers/CMSIS/Include"  -Og -g3 -Wall -fmessage-length=0 -ffunction-sections -c -fmessage-length=0 -MMD -MP -MF"Src/gpio.d" -MT"Src/gpio.o" -o "Src/gpio.o" "../Src/gpio.c"
Finished building: ../Src/gpio.c
 
Building file: ../Src/main.c
Invoking: MCU GCC Compiler
D:\Programs\heroku_apps\SolarControl\GPIO_Counter_Test\Debug
arm-none-eabi-gcc -mcpu=cortex-m7 -mthumb -mfloat-abi=hard -mfpu=fpv5-d16 '-D__weak=__attribute__((weak))' '-D__packed=__attribute__((__packed__))' -DUSE_HAL_DRIVER -DSTM32F767xx -I"D:/Programs/heroku_apps/SolarControl/GPIO_Counter_Test/Inc" -I"D:/Programs/heroku_apps/SolarControl/GPIO_Counter_Test/Drivers/STM32F7xx_HAL_Driver/Inc" -I"D:/Programs/heroku_apps/SolarControl/GPIO_Counter_Test/Drivers/STM32F7xx_HAL_Driver/Inc/Legacy" -I"D:/Programs/heroku_apps/SolarControl/GPIO_Counter_Test/Drivers/CMSIS/Device/ST/STM32F7xx/Include" -I"D:/Programs/heroku_apps/SolarControl/GPIO_Counter_Test/Drivers/CMSIS/Include"  -Og -g3 -Wall -fmessage-length=0 -ffunction-sections -c -fmessage-length=0 -MMD -MP -MF"Src/main.d" -MT"Src/main.o" -o "Src/main.o" "../Src/main.c"
../Src/main.c: In function 'HAL_ADC_ConvCpltCallback':
../Src/main.c:74:28: warning: passing argument 2 of 'HAL_ADC_Start_DMA' from incompatible pointer type [-Wincompatible-pointer-types]
  HAL_ADC_Start_DMA(&hadc1, ADC_results, 2);
                            ^~~~~~~~~~~
In file included from D:/Programs/heroku_apps/SolarControl/GPIO_Counter_Test/Inc/stm32f7xx_hal_conf.h:265:0,
                 from D:/Programs/heroku_apps/SolarControl/GPIO_Counter_Test/Drivers/STM32F7xx_HAL_Driver/Inc/stm32f7xx_hal.h:46,
                 from ../Src/main.c:41:
D:/Programs/heroku_apps/SolarControl/GPIO_Counter_Test/Drivers/STM32F7xx_HAL_Driver/Inc/stm32f7xx_hal_adc.h:590:19: note: expected 'uint32_t * {aka long unsigned int *}' but argument is of type 'uint16_t * {aka short unsigned int *}'
 HAL_StatusTypeDef HAL_ADC_Start_DMA(ADC_HandleTypeDef* hadc, uint32_t* pData, uint32_t Length);
                   ^~~~~~~~~~~~~~~~~
../Src/main.c: In function 'main':
../Src/main.c:115:28: warning: passing argument 2 of 'HAL_ADC_Start_DMA' from incompatible pointer type [-Wincompatible-pointer-types]
  HAL_ADC_Start_DMA(&hadc1, ADC_results, 2);
                            ^~~~~~~~~~~
In file included from D:/Programs/heroku_apps/SolarControl/GPIO_Counter_Test/Inc/stm32f7xx_hal_conf.h:265:0,
                 from D:/Programs/heroku_apps/SolarControl/GPIO_Counter_Test/Drivers/STM32F7xx_HAL_Driver/Inc/stm32f7xx_hal.h:46,
                 from ../Src/main.c:41:
D:/Programs/heroku_apps/SolarControl/GPIO_Counter_Test/Drivers/STM32F7xx_HAL_Driver/Inc/stm32f7xx_hal_adc.h:590:19: note: expected 'uint32_t * {aka long unsigned int *}' but argument is of type 'uint16_t * {aka short unsigned int *}'
 HAL_StatusTypeDef HAL_ADC_Start_DMA(ADC_HandleTypeDef* hadc, uint32_t* pData, uint32_t Length);
                   ^~~~~~~~~~~~~~~~~
Finished building: ../Src/main.c
 
Building file: ../Src/stm32f7xx_hal_msp.c
Invoking: MCU GCC Compiler
D:\Programs\heroku_apps\SolarControl\GPIO_Counter_Test\Debug
arm-none-eabi-gcc -mcpu=cortex-m7 -mthumb -mfloat-abi=hard -mfpu=fpv5-d16 '-D__weak=__attribute__((weak))' '-D__packed=__attribute__((__packed__))' -DUSE_HAL_DRIVER -DSTM32F767xx -I"D:/Programs/heroku_apps/SolarControl/GPIO_Counter_Test/Inc" -I"D:/Programs/heroku_apps/SolarControl/GPIO_Counter_Test/Drivers/STM32F7xx_HAL_Driver/Inc" -I"D:/Programs/heroku_apps/SolarControl/GPIO_Counter_Test/Drivers/STM32F7xx_HAL_Driver/Inc/Legacy" -I"D:/Programs/heroku_apps/SolarControl/GPIO_Counter_Test/Drivers/CMSIS/Device/ST/STM32F7xx/Include" -I"D:/Programs/heroku_apps/SolarControl/GPIO_Counter_Test/Drivers/CMSIS/Include"  -Og -g3 -Wall -fmessage-length=0 -ffunction-sections -c -fmessage-length=0 -MMD -MP -MF"Src/stm32f7xx_hal_msp.d" -MT"Src/stm32f7xx_hal_msp.o" -o "Src/stm32f7xx_hal_msp.o" "../Src/stm32f7xx_hal_msp.c"
Finished building: ../Src/stm32f7xx_hal_msp.c
 
Building file: ../Src/stm32f7xx_it.c
Invoking: MCU GCC Compiler
D:\Programs\heroku_apps\SolarControl\GPIO_Counter_Test\Debug
arm-none-eabi-gcc -mcpu=cortex-m7 -mthumb -mfloat-abi=hard -mfpu=fpv5-d16 '-D__weak=__attribute__((weak))' '-D__packed=__attribute__((__packed__))' -DUSE_HAL_DRIVER -DSTM32F767xx -I"D:/Programs/heroku_apps/SolarControl/GPIO_Counter_Test/Inc" -I"D:/Programs/heroku_apps/SolarControl/GPIO_Counter_Test/Drivers/STM32F7xx_HAL_Driver/Inc" -I"D:/Programs/heroku_apps/SolarControl/GPIO_Counter_Test/Drivers/STM32F7xx_HAL_Driver/Inc/Legacy" -I"D:/Programs/heroku_apps/SolarControl/GPIO_Counter_Test/Drivers/CMSIS/Device/ST/STM32F7xx/Include" -I"D:/Programs/heroku_apps/SolarControl/GPIO_Counter_Test/Drivers/CMSIS/Include"  -Og -g3 -Wall -fmessage-length=0 -ffunction-sections -c -fmessage-length=0 -MMD -MP -MF"Src/stm32f7xx_it.d" -MT"Src/stm32f7xx_it.o" -o "Src/stm32f7xx_it.o" "../Src/stm32f7xx_it.c"
Finished building: ../Src/stm32f7xx_it.c
 
Building file: ../Src/system_stm32f7xx.c
Invoking: MCU GCC Compiler
D:\Programs\heroku_apps\SolarControl\GPIO_Counter_Test\Debug
arm-none-eabi-gcc -mcpu=cortex-m7 -mthumb -mfloat-abi=hard -mfpu=fpv5-d16 '-D__weak=__attribute__((weak))' '-D__packed=__attribute__((__packed__))' -DUSE_HAL_DRIVER -DSTM32F767xx -I"D:/Programs/heroku_apps/SolarControl/GPIO_Counter_Test/Inc" -I"D:/Programs/heroku_apps/SolarControl/GPIO_Counter_Test/Drivers/STM32F7xx_HAL_Driver/Inc" -I"D:/Programs/heroku_apps/SolarControl/GPIO_Counter_Test/Drivers/STM32F7xx_HAL_Driver/Inc/Legacy" -I"D:/Programs/heroku_apps/SolarControl/GPIO_Counter_Test/Drivers/CMSIS/Device/ST/STM32F7xx/Include" -I"D:/Programs/heroku_apps/SolarControl/GPIO_Counter_Test/Drivers/CMSIS/Include"  -Og -g3 -Wall -fmessage-length=0 -ffunction-sections -c -fmessage-length=0 -MMD -MP -MF"Src/system_stm32f7xx.d" -MT"Src/system_stm32f7xx.o" -o "Src/system_stm32f7xx.o" "../Src/system_stm32f7xx.c"
Finished building: ../Src/system_stm32f7xx.c
 
Building file: ../Drivers/STM32F7xx_HAL_Driver/Src/stm32f7xx_hal.c
Invoking: MCU GCC Compiler
D:\Programs\heroku_apps\SolarControl\GPIO_Counter_Test\Debug
arm-none-eabi-gcc -mcpu=cortex-m7 -mthumb -mfloat-abi=hard -mfpu=fpv5-d16 '-D__weak=__attribute__((weak))' '-D__packed=__attribute__((__packed__))' -DUSE_HAL_DRIVER -DSTM32F767xx -I"D:/Programs/heroku_apps/SolarControl/GPIO_Counter_Test/Inc" -I"D:/Programs/heroku_apps/SolarControl/GPIO_Counter_Test/Drivers/STM32F7xx_HAL_Driver/Inc" -I"D:/Programs/heroku_apps/SolarControl/GPIO_Counter_Test/Drivers/STM32F7xx_HAL_Driver/Inc/Legacy" -I"D:/Programs/heroku_apps/SolarControl/GPIO_Counter_Test/Drivers/CMSIS/Device/ST/STM32F7xx/Include" -I"D:/Programs/heroku_apps/SolarControl/GPIO_Counter_Test/Drivers/CMSIS/Include"  -Og -g3 -Wall -fmessage-length=0 -ffunction-sections -c -fmessage-length=0 -MMD -MP -MF"Drivers/STM32F7xx_HAL_Driver/Src/stm32f7xx_hal.d" -MT"Drivers/STM32F7xx_HAL_Driver/Src/stm32f7xx_hal.o" -o "Drivers/STM32F7xx_HAL_Driver/Src/stm32f7xx_hal.o" "../Drivers/STM32F7xx_HAL_Driver/Src/stm32f7xx_hal.c"
Finished building: ../Drivers/STM32F7xx_HAL_Driver/Src/stm32f7xx_hal.c
 
Building file: ../Drivers/STM32F7xx_HAL_Driver/Src/stm32f7xx_hal_adc.c
Invoking: MCU GCC Compiler
D:\Programs\heroku_apps\SolarControl\GPIO_Counter_Test\Debug
arm-none-eabi-gcc -mcpu=cortex-m7 -mthumb -mfloat-abi=hard -mfpu=fpv5-d16 '-D__weak=__attribute__((weak))' '-D__packed=__attribute__((__packed__))' -DUSE_HAL_DRIVER -DSTM32F767xx -I"D:/Programs/heroku_apps/SolarControl/GPIO_Counter_Test/Inc" -I"D:/Programs/heroku_apps/SolarControl/GPIO_Counter_Test/Drivers/STM32F7xx_HAL_Driver/Inc" -I"D:/Programs/heroku_apps/SolarControl/GPIO_Counter_Test/Drivers/STM32F7xx_HAL_Driver/Inc/Legacy" -I"D:/Programs/heroku_apps/SolarControl/GPIO_Counter_Test/Drivers/CMSIS/Device/ST/STM32F7xx/Include" -I"D:/Programs/heroku_apps/SolarControl/GPIO_Counter_Test/Drivers/CMSIS/Include"  -Og -g3 -Wall -fmessage-length=0 -ffunction-sections -c -fmessage-length=0 -MMD -MP -MF"Drivers/STM32F7xx_HAL_Driver/Src/stm32f7xx_hal_adc.d" -MT"Drivers/STM32F7xx_HAL_Driver/Src/stm32f7xx_hal_adc.o" -o "Drivers/STM32F7xx_HAL_Driver/Src/stm32f7xx_hal_adc.o" "../Drivers/STM32F7xx_HAL_Driver/Src/stm32f7xx_hal_adc.c"
Finished building: ../Drivers/STM32F7xx_HAL_Driver/Src/stm32f7xx_hal_adc.c
 
Building file: ../Drivers/STM32F7xx_HAL_Driver/Src/stm32f7xx_hal_adc_ex.c
Invoking: MCU GCC Compiler
D:\Programs\heroku_apps\SolarControl\GPIO_Counter_Test\Debug
arm-none-eabi-gcc -mcpu=cortex-m7 -mthumb -mfloat-abi=hard -mfpu=fpv5-d16 '-D__weak=__attribute__((weak))' '-D__packed=__attribute__((__packed__))' -DUSE_HAL_DRIVER -DSTM32F767xx -I"D:/Programs/heroku_apps/SolarControl/GPIO_Counter_Test/Inc" -I"D:/Programs/heroku_apps/SolarControl/GPIO_Counter_Test/Drivers/STM32F7xx_HAL_Driver/Inc" -I"D:/Programs/heroku_apps/SolarControl/GPIO_Counter_Test/Drivers/STM32F7xx_HAL_Driver/Inc/Legacy" -I"D:/Programs/heroku_apps/SolarControl/GPIO_Counter_Test/Drivers/CMSIS/Device/ST/STM32F7xx/Include" -I"D:/Programs/heroku_apps/SolarControl/GPIO_Counter_Test/Drivers/CMSIS/Include"  -Og -g3 -Wall -fmessage-length=0 -ffunction-sections -c -fmessage-length=0 -MMD -MP -MF"Drivers/STM32F7xx_HAL_Driver/Src/stm32f7xx_hal_adc_ex.d" -MT"Drivers/STM32F7xx_HAL_Driver/Src/stm32f7xx_hal_adc_ex.o" -o "Drivers/STM32F7xx_HAL_Driver/Src/stm32f7xx_hal_adc_ex.o" "../Drivers/STM32F7xx_HAL_Driver/Src/stm32f7xx_hal_adc_ex.c"
Finished building: ../Drivers/STM32F7xx_HAL_Driver/Src/stm32f7xx_hal_adc_ex.c
 
Building file: ../Drivers/STM32F7xx_HAL_Driver/Src/stm32f7xx_hal_cortex.c
Invoking: MCU GCC Compiler
D:\Programs\heroku_apps\SolarControl\GPIO_Counter_Test\Debug
arm-none-eabi-gcc -mcpu=cortex-m7 -mthumb -mfloat-abi=hard -mfpu=fpv5-d16 '-D__weak=__attribute__((weak))' '-D__packed=__attribute__((__packed__))' -DUSE_HAL_DRIVER -DSTM32F767xx -I"D:/Programs/heroku_apps/SolarControl/GPIO_Counter_Test/Inc" -I"D:/Programs/heroku_apps/SolarControl/GPIO_Counter_Test/Drivers/STM32F7xx_HAL_Driver/Inc" -I"D:/Programs/heroku_apps/SolarControl/GPIO_Counter_Test/Drivers/STM32F7xx_HAL_Driver/Inc/Legacy" -I"D:/Programs/heroku_apps/SolarControl/GPIO_Counter_Test/Drivers/CMSIS/Device/ST/STM32F7xx/Include" -I"D:/Programs/heroku_apps/SolarControl/GPIO_Counter_Test/Drivers/CMSIS/Include"  -Og -g3 -Wall -fmessage-length=0 -ffunction-sections -c -fmessage-length=0 -MMD -MP -MF"Drivers/STM32F7xx_HAL_Driver/Src/stm32f7xx_hal_cortex.d" -MT"Drivers/STM32F7xx_HAL_Driver/Src/stm32f7xx_hal_cortex.o" -o "Drivers/STM32F7xx_HAL_Driver/Src/stm32f7xx_hal_cortex.o" "../Drivers/STM32F7xx_HAL_Driver/Src/stm32f7xx_hal_cortex.c"
Finished building: ../Drivers/STM32F7xx_HAL_Driver/Src/stm32f7xx_hal_cortex.c
 
Building file: ../Drivers/STM32F7xx_HAL_Driver/Src/stm32f7xx_hal_dma.c
Invoking: MCU GCC Compiler
D:\Programs\heroku_apps\SolarControl\GPIO_Counter_Test\Debug
arm-none-eabi-gcc -mcpu=cortex-m7 -mthumb -mfloat-abi=hard -mfpu=fpv5-d16 '-D__weak=__attribute__((weak))' '-D__packed=__attribute__((__packed__))' -DUSE_HAL_DRIVER -DSTM32F767xx -I"D:/Programs/heroku_apps/SolarControl/GPIO_Counter_Test/Inc" -I"D:/Programs/heroku_apps/SolarControl/GPIO_Counter_Test/Drivers/STM32F7xx_HAL_Driver/Inc" -I"D:/Programs/heroku_apps/SolarControl/GPIO_Counter_Test/Drivers/STM32F7xx_HAL_Driver/Inc/Legacy" -I"D:/Programs/heroku_apps/SolarControl/GPIO_Counter_Test/Drivers/CMSIS/Device/ST/STM32F7xx/Include" -I"D:/Programs/heroku_apps/SolarControl/GPIO_Counter_Test/Drivers/CMSIS/Include"  -Og -g3 -Wall -fmessage-length=0 -ffunction-sections -c -fmessage-length=0 -MMD -MP -MF"Drivers/STM32F7xx_HAL_Driver/Src/stm32f7xx_hal_dma.d" -MT"Drivers/STM32F7xx_HAL_Driver/Src/stm32f7xx_hal_dma.o" -o "Drivers/STM32F7xx_HAL_Driver/Src/stm32f7xx_hal_dma.o" "../Drivers/STM32F7xx_HAL_Driver/Src/stm32f7xx_hal_dma.c"
Finished building: ../Drivers/STM32F7xx_HAL_Driver/Src/stm32f7xx_hal_dma.c
 
Building file: ../Drivers/STM32F7xx_HAL_Driver/Src/stm32f7xx_hal_dma_ex.c
Invoking: MCU GCC Compiler
D:\Programs\heroku_apps\SolarControl\GPIO_Counter_Test\Debug
arm-none-eabi-gcc -mcpu=cortex-m7 -mthumb -mfloat-abi=hard -mfpu=fpv5-d16 '-D__weak=__attribute__((weak))' '-D__packed=__attribute__((__packed__))' -DUSE_HAL_DRIVER -DSTM32F767xx -I"D:/Programs/heroku_apps/SolarControl/GPIO_Counter_Test/Inc" -I"D:/Programs/heroku_apps/SolarControl/GPIO_Counter_Test/Drivers/STM32F7xx_HAL_Driver/Inc" -I"D:/Programs/heroku_apps/SolarControl/GPIO_Counter_Test/Drivers/STM32F7xx_HAL_Driver/Inc/Legacy" -I"D:/Programs/heroku_apps/SolarControl/GPIO_Counter_Test/Drivers/CMSIS/Device/ST/STM32F7xx/Include" -I"D:/Programs/heroku_apps/SolarControl/GPIO_Counter_Test/Drivers/CMSIS/Include"  -Og -g3 -Wall -fmessage-length=0 -ffunction-sections -c -fmessage-length=0 -MMD -MP -MF"Drivers/STM32F7xx_HAL_Driver/Src/stm32f7xx_hal_dma_ex.d" -MT"Drivers/STM32F7xx_HAL_Driver/Src/stm32f7xx_hal_dma_ex.o" -o "Drivers/STM32F7xx_HAL_Driver/Src/stm32f7xx_hal_dma_ex.o" "../Drivers/STM32F7xx_HAL_Driver/Src/stm32f7xx_hal_dma_ex.c"
Finished building: ../Drivers/STM32F7xx_HAL_Driver/Src/stm32f7xx_hal_dma_ex.c
 
Building file: ../Drivers/STM32F7xx_HAL_Driver/Src/stm32f7xx_hal_flash.c
Invoking: MCU GCC Compiler
D:\Programs\heroku_apps\SolarControl\GPIO_Counter_Test\Debug
arm-none-eabi-gcc -mcpu=cortex-m7 -mthumb -mfloat-abi=hard -mfpu=fpv5-d16 '-D__weak=__attribute__((weak))' '-D__packed=__attribute__((__packed__))' -DUSE_HAL_DRIVER -DSTM32F767xx -I"D:/Programs/heroku_apps/SolarControl/GPIO_Counter_Test/Inc" -I"D:/Programs/heroku_apps/SolarControl/GPIO_Counter_Test/Drivers/STM32F7xx_HAL_Driver/Inc" -I"D:/Programs/heroku_apps/SolarControl/GPIO_Counter_Test/Drivers/STM32F7xx_HAL_Driver/Inc/Legacy" -I"D:/Programs/heroku_apps/SolarControl/GPIO_Counter_Test/Drivers/CMSIS/Device/ST/STM32F7xx/Include" -I"D:/Programs/heroku_apps/SolarControl/GPIO_Counter_Test/Drivers/CMSIS/Include"  -Og -g3 -Wall -fmessage-length=0 -ffunction-sections -c -fmessage-length=0 -MMD -MP -MF"Drivers/STM32F7xx_HAL_Driver/Src/stm32f7xx_hal_flash.d" -MT"Drivers/STM32F7xx_HAL_Driver/Src/stm32f7xx_hal_flash.o" -o "Drivers/STM32F7xx_HAL_Driver/Src/stm32f7xx_hal_flash.o" "../Drivers/STM32F7xx_HAL_Driver/Src/stm32f7xx_hal_flash.c"
Finished building: ../Drivers/STM32F7xx_HAL_Driver/Src/stm32f7xx_hal_flash.c
 
Building file: ../Drivers/STM32F7xx_HAL_Driver/Src/stm32f7xx_hal_flash_ex.c
Invoking: MCU GCC Compiler
D:\Programs\heroku_apps\SolarControl\GPIO_Counter_Test\Debug
arm-none-eabi-gcc -mcpu=cortex-m7 -mthumb -mfloat-abi=hard -mfpu=fpv5-d16 '-D__weak=__attribute__((weak))' '-D__packed=__attribute__((__packed__))' -DUSE_HAL_DRIVER -DSTM32F767xx -I"D:/Programs/heroku_apps/SolarControl/GPIO_Counter_Test/Inc" -I"D:/Programs/heroku_apps/SolarControl/GPIO_Counter_Test/Drivers/STM32F7xx_HAL_Driver/Inc" -I"D:/Programs/heroku_apps/SolarControl/GPIO_Counter_Test/Drivers/STM32F7xx_HAL_Driver/Inc/Legacy" -I"D:/Programs/heroku_apps/SolarControl/GPIO_Counter_Test/Drivers/CMSIS/Device/ST/STM32F7xx/Include" -I"D:/Programs/heroku_apps/SolarControl/GPIO_Counter_Test/Drivers/CMSIS/Include"  -Og -g3 -Wall -fmessage-length=0 -ffunction-sections -c -fmessage-length=0 -MMD -MP -MF"Drivers/STM32F7xx_HAL_Driver/Src/stm32f7xx_hal_flash_ex.d" -MT"Drivers/STM32F7xx_HAL_Driver/Src/stm32f7xx_hal_flash_ex.o" -o "Drivers/STM32F7xx_HAL_Driver/Src/stm32f7xx_hal_flash_ex.o" "../Drivers/STM32F7xx_HAL_Driver/Src/stm32f7xx_hal_flash_ex.c"
Finished building: ../Drivers/STM32F7xx_HAL_Driver/Src/stm32f7xx_hal_flash_ex.c
 
Building file: ../Drivers/STM32F7xx_HAL_Driver/Src/stm32f7xx_hal_gpio.c
Invoking: MCU GCC Compiler
D:\Programs\heroku_apps\SolarControl\GPIO_Counter_Test\Debug
arm-none-eabi-gcc -mcpu=cortex-m7 -mthumb -mfloat-abi=hard -mfpu=fpv5-d16 '-D__weak=__attribute__((weak))' '-D__packed=__attribute__((__packed__))' -DUSE_HAL_DRIVER -DSTM32F767xx -I"D:/Programs/heroku_apps/SolarControl/GPIO_Counter_Test/Inc" -I"D:/Programs/heroku_apps/SolarControl/GPIO_Counter_Test/Drivers/STM32F7xx_HAL_Driver/Inc" -I"D:/Programs/heroku_apps/SolarControl/GPIO_Counter_Test/Drivers/STM32F7xx_HAL_Driver/Inc/Legacy" -I"D:/Programs/heroku_apps/SolarControl/GPIO_Counter_Test/Drivers/CMSIS/Device/ST/STM32F7xx/Include" -I"D:/Programs/heroku_apps/SolarControl/GPIO_Counter_Test/Drivers/CMSIS/Include"  -Og -g3 -Wall -fmessage-length=0 -ffunction-sections -c -fmessage-length=0 -MMD -MP -MF"Drivers/STM32F7xx_HAL_Driver/Src/stm32f7xx_hal_gpio.d" -MT"Drivers/STM32F7xx_HAL_Driver/Src/stm32f7xx_hal_gpio.o" -o "Drivers/STM32F7xx_HAL_Driver/Src/stm32f7xx_hal_gpio.o" "../Drivers/STM32F7xx_HAL_Driver/Src/stm32f7xx_hal_gpio.c"
Finished building: ../Drivers/STM32F7xx_HAL_Driver/Src/stm32f7xx_hal_gpio.c
 
Building file: ../Drivers/STM32F7xx_HAL_Driver/Src/stm32f7xx_hal_i2c.c
Invoking: MCU GCC Compiler
D:\Programs\heroku_apps\SolarControl\GPIO_Counter_Test\Debug
arm-none-eabi-gcc -mcpu=cortex-m7 -mthumb -mfloat-abi=hard -mfpu=fpv5-d16 '-D__weak=__attribute__((weak))' '-D__packed=__attribute__((__packed__))' -DUSE_HAL_DRIVER -DSTM32F767xx -I"D:/Programs/heroku_apps/SolarControl/GPIO_Counter_Test/Inc" -I"D:/Programs/heroku_apps/SolarControl/GPIO_Counter_Test/Drivers/STM32F7xx_HAL_Driver/Inc" -I"D:/Programs/heroku_apps/SolarControl/GPIO_Counter_Test/Drivers/STM32F7xx_HAL_Driver/Inc/Legacy" -I"D:/Programs/heroku_apps/SolarControl/GPIO_Counter_Test/Drivers/CMSIS/Device/ST/STM32F7xx/Include" -I"D:/Programs/heroku_apps/SolarControl/GPIO_Counter_Test/Drivers/CMSIS/Include"  -Og -g3 -Wall -fmessage-length=0 -ffunction-sections -c -fmessage-length=0 -MMD -MP -MF"Drivers/STM32F7xx_HAL_Driver/Src/stm32f7xx_hal_i2c.d" -MT"Drivers/STM32F7xx_HAL_Driver/Src/stm32f7xx_hal_i2c.o" -o "Drivers/STM32F7xx_HAL_Driver/Src/stm32f7xx_hal_i2c.o" "../Drivers/STM32F7xx_HAL_Driver/Src/stm32f7xx_hal_i2c.c"
Finished building: ../Drivers/STM32F7xx_HAL_Driver/Src/stm32f7xx_hal_i2c.c
 
Building file: ../Drivers/STM32F7xx_HAL_Driver/Src/stm32f7xx_hal_i2c_ex.c
Invoking: MCU GCC Compiler
D:\Programs\heroku_apps\SolarControl\GPIO_Counter_Test\Debug
arm-none-eabi-gcc -mcpu=cortex-m7 -mthumb -mfloat-abi=hard -mfpu=fpv5-d16 '-D__weak=__attribute__((weak))' '-D__packed=__attribute__((__packed__))' -DUSE_HAL_DRIVER -DSTM32F767xx -I"D:/Programs/heroku_apps/SolarControl/GPIO_Counter_Test/Inc" -I"D:/Programs/heroku_apps/SolarControl/GPIO_Counter_Test/Drivers/STM32F7xx_HAL_Driver/Inc" -I"D:/Programs/heroku_apps/SolarControl/GPIO_Counter_Test/Drivers/STM32F7xx_HAL_Driver/Inc/Legacy" -I"D:/Programs/heroku_apps/SolarControl/GPIO_Counter_Test/Drivers/CMSIS/Device/ST/STM32F7xx/Include" -I"D:/Programs/heroku_apps/SolarControl/GPIO_Counter_Test/Drivers/CMSIS/Include"  -Og -g3 -Wall -fmessage-length=0 -ffunction-sections -c -fmessage-length=0 -MMD -MP -MF"Drivers/STM32F7xx_HAL_Driver/Src/stm32f7xx_hal_i2c_ex.d" -MT"Drivers/STM32F7xx_HAL_Driver/Src/stm32f7xx_hal_i2c_ex.o" -o "Drivers/STM32F7xx_HAL_Driver/Src/stm32f7xx_hal_i2c_ex.o" "../Drivers/STM32F7xx_HAL_Driver/Src/stm32f7xx_hal_i2c_ex.c"
Finished building: ../Drivers/STM32F7xx_HAL_Driver/Src/stm32f7xx_hal_i2c_ex.c
 
Building file: ../Drivers/STM32F7xx_HAL_Driver/Src/stm32f7xx_hal_pwr.c
Invoking: MCU GCC Compiler
D:\Programs\heroku_apps\SolarControl\GPIO_Counter_Test\Debug
arm-none-eabi-gcc -mcpu=cortex-m7 -mthumb -mfloat-abi=hard -mfpu=fpv5-d16 '-D__weak=__attribute__((weak))' '-D__packed=__attribute__((__packed__))' -DUSE_HAL_DRIVER -DSTM32F767xx -I"D:/Programs/heroku_apps/SolarControl/GPIO_Counter_Test/Inc" -I"D:/Programs/heroku_apps/SolarControl/GPIO_Counter_Test/Drivers/STM32F7xx_HAL_Driver/Inc" -I"D:/Programs/heroku_apps/SolarControl/GPIO_Counter_Test/Drivers/STM32F7xx_HAL_Driver/Inc/Legacy" -I"D:/Programs/heroku_apps/SolarControl/GPIO_Counter_Test/Drivers/CMSIS/Device/ST/STM32F7xx/Include" -I"D:/Programs/heroku_apps/SolarControl/GPIO_Counter_Test/Drivers/CMSIS/Include"  -Og -g3 -Wall -fmessage-length=0 -ffunction-sections -c -fmessage-length=0 -MMD -MP -MF"Drivers/STM32F7xx_HAL_Driver/Src/stm32f7xx_hal_pwr.d" -MT"Drivers/STM32F7xx_HAL_Driver/Src/stm32f7xx_hal_pwr.o" -o "Drivers/STM32F7xx_HAL_Driver/Src/stm32f7xx_hal_pwr.o" "../Drivers/STM32F7xx_HAL_Driver/Src/stm32f7xx_hal_pwr.c"
Finished building: ../Drivers/STM32F7xx_HAL_Driver/Src/stm32f7xx_hal_pwr.c
 
Building file: ../Drivers/STM32F7xx_HAL_Driver/Src/stm32f7xx_hal_pwr_ex.c
Invoking: MCU GCC Compiler
D:\Programs\heroku_apps\SolarControl\GPIO_Counter_Test\Debug
arm-none-eabi-gcc -mcpu=cortex-m7 -mthumb -mfloat-abi=hard -mfpu=fpv5-d16 '-D__weak=__attribute__((weak))' '-D__packed=__attribute__((__packed__))' -DUSE_HAL_DRIVER -DSTM32F767xx -I"D:/Programs/heroku_apps/SolarControl/GPIO_Counter_Test/Inc" -I"D:/Programs/heroku_apps/SolarControl/GPIO_Counter_Test/Drivers/STM32F7xx_HAL_Driver/Inc" -I"D:/Programs/heroku_apps/SolarControl/GPIO_Counter_Test/Drivers/STM32F7xx_HAL_Driver/Inc/Legacy" -I"D:/Programs/heroku_apps/SolarControl/GPIO_Counter_Test/Drivers/CMSIS/Device/ST/STM32F7xx/Include" -I"D:/Programs/heroku_apps/SolarControl/GPIO_Counter_Test/Drivers/CMSIS/Include"  -Og -g3 -Wall -fmessage-length=0 -ffunction-sections -c -fmessage-length=0 -MMD -MP -MF"Drivers/STM32F7xx_HAL_Driver/Src/stm32f7xx_hal_pwr_ex.d" -MT"Drivers/STM32F7xx_HAL_Driver/Src/stm32f7xx_hal_pwr_ex.o" -o "Drivers/STM32F7xx_HAL_Driver/Src/stm32f7xx_hal_pwr_ex.o" "../Drivers/STM32F7xx_HAL_Driver/Src/stm32f7xx_hal_pwr_ex.c"
Finished building: ../Drivers/STM32F7xx_HAL_Driver/Src/stm32f7xx_hal_pwr_ex.c
 
Building file: ../Drivers/STM32F7xx_HAL_Driver/Src/stm32f7xx_hal_rcc.c
Invoking: MCU GCC Compiler
D:\Programs\heroku_apps\SolarControl\GPIO_Counter_Test\Debug
arm-none-eabi-gcc -mcpu=cortex-m7 -mthumb -mfloat-abi=hard -mfpu=fpv5-d16 '-D__weak=__attribute__((weak))' '-D__packed=__attribute__((__packed__))' -DUSE_HAL_DRIVER -DSTM32F767xx -I"D:/Programs/heroku_apps/SolarControl/GPIO_Counter_Test/Inc" -I"D:/Programs/heroku_apps/SolarControl/GPIO_Counter_Test/Drivers/STM32F7xx_HAL_Driver/Inc" -I"D:/Programs/heroku_apps/SolarControl/GPIO_Counter_Test/Drivers/STM32F7xx_HAL_Driver/Inc/Legacy" -I"D:/Programs/heroku_apps/SolarControl/GPIO_Counter_Test/Drivers/CMSIS/Device/ST/STM32F7xx/Include" -I"D:/Programs/heroku_apps/SolarControl/GPIO_Counter_Test/Drivers/CMSIS/Include"  -Og -g3 -Wall -fmessage-length=0 -ffunction-sections -c -fmessage-length=0 -MMD -MP -MF"Drivers/STM32F7xx_HAL_Driver/Src/stm32f7xx_hal_rcc.d" -MT"Drivers/STM32F7xx_HAL_Driver/Src/stm32f7xx_hal_rcc.o" -o "Drivers/STM32F7xx_HAL_Driver/Src/stm32f7xx_hal_rcc.o" "../Drivers/STM32F7xx_HAL_Driver/Src/stm32f7xx_hal_rcc.c"
Finished building: ../Drivers/STM32F7xx_HAL_Driver/Src/stm32f7xx_hal_rcc.c
 
Building file: ../Drivers/STM32F7xx_HAL_Driver/Src/stm32f7xx_hal_rcc_ex.c
Invoking: MCU GCC Compiler
D:\Programs\heroku_apps\SolarControl\GPIO_Counter_Test\Debug
arm-none-eabi-gcc -mcpu=cortex-m7 -mthumb -mfloat-abi=hard -mfpu=fpv5-d16 '-D__weak=__attribute__((weak))' '-D__packed=__attribute__((__packed__))' -DUSE_HAL_DRIVER -DSTM32F767xx -I"D:/Programs/heroku_apps/SolarControl/GPIO_Counter_Test/Inc" -I"D:/Programs/heroku_apps/SolarControl/GPIO_Counter_Test/Drivers/STM32F7xx_HAL_Driver/Inc" -I"D:/Programs/heroku_apps/SolarControl/GPIO_Counter_Test/Drivers/STM32F7xx_HAL_Driver/Inc/Legacy" -I"D:/Programs/heroku_apps/SolarControl/GPIO_Counter_Test/Drivers/CMSIS/Device/ST/STM32F7xx/Include" -I"D:/Programs/heroku_apps/SolarControl/GPIO_Counter_Test/Drivers/CMSIS/Include"  -Og -g3 -Wall -fmessage-length=0 -ffunction-sections -c -fmessage-length=0 -MMD -MP -MF"Drivers/STM32F7xx_HAL_Driver/Src/stm32f7xx_hal_rcc_ex.d" -MT"Drivers/STM32F7xx_HAL_Driver/Src/stm32f7xx_hal_rcc_ex.o" -o "Drivers/STM32F7xx_HAL_Driver/Src/stm32f7xx_hal_rcc_ex.o" "../Drivers/STM32F7xx_HAL_Driver/Src/stm32f7xx_hal_rcc_ex.c"
Finished building: ../Drivers/STM32F7xx_HAL_Driver/Src/stm32f7xx_hal_rcc_ex.c
 
Building file: ../Drivers/STM32F7xx_HAL_Driver/Src/stm32f7xx_hal_tim.c
Invoking: MCU GCC Compiler
D:\Programs\heroku_apps\SolarControl\GPIO_Counter_Test\Debug
arm-none-eabi-gcc -mcpu=cortex-m7 -mthumb -mfloat-abi=hard -mfpu=fpv5-d16 '-D__weak=__attribute__((weak))' '-D__packed=__attribute__((__packed__))' -DUSE_HAL_DRIVER -DSTM32F767xx -I"D:/Programs/heroku_apps/SolarControl/GPIO_Counter_Test/Inc" -I"D:/Programs/heroku_apps/SolarControl/GPIO_Counter_Test/Drivers/STM32F7xx_HAL_Driver/Inc" -I"D:/Programs/heroku_apps/SolarControl/GPIO_Counter_Test/Drivers/STM32F7xx_HAL_Driver/Inc/Legacy" -I"D:/Programs/heroku_apps/SolarControl/GPIO_Counter_Test/Drivers/CMSIS/Device/ST/STM32F7xx/Include" -I"D:/Programs/heroku_apps/SolarControl/GPIO_Counter_Test/Drivers/CMSIS/Include"  -Og -g3 -Wall -fmessage-length=0 -ffunction-sections -c -fmessage-length=0 -MMD -MP -MF"Drivers/STM32F7xx_HAL_Driver/Src/stm32f7xx_hal_tim.d" -MT"Drivers/STM32F7xx_HAL_Driver/Src/stm32f7xx_hal_tim.o" -o "Drivers/STM32F7xx_HAL_Driver/Src/stm32f7xx_hal_tim.o" "../Drivers/STM32F7xx_HAL_Driver/Src/stm32f7xx_hal_tim.c"
Finished building: ../Drivers/STM32F7xx_HAL_Driver/Src/stm32f7xx_hal_tim.c
 
Building file: ../Drivers/STM32F7xx_HAL_Driver/Src/stm32f7xx_hal_tim_ex.c
Invoking: MCU GCC Compiler
D:\Programs\heroku_apps\SolarControl\GPIO_Counter_Test\Debug
arm-none-eabi-gcc -mcpu=cortex-m7 -mthumb -mfloat-abi=hard -mfpu=fpv5-d16 '-D__weak=__attribute__((weak))' '-D__packed=__attribute__((__packed__))' -DUSE_HAL_DRIVER -DSTM32F767xx -I"D:/Programs/heroku_apps/SolarControl/GPIO_Counter_Test/Inc" -I"D:/Programs/heroku_apps/SolarControl/GPIO_Counter_Test/Drivers/STM32F7xx_HAL_Driver/Inc" -I"D:/Programs/heroku_apps/SolarControl/GPIO_Counter_Test/Drivers/STM32F7xx_HAL_Driver/Inc/Legacy" -I"D:/Programs/heroku_apps/SolarControl/GPIO_Counter_Test/Drivers/CMSIS/Device/ST/STM32F7xx/Include" -I"D:/Programs/heroku_apps/SolarControl/GPIO_Counter_Test/Drivers/CMSIS/Include"  -Og -g3 -Wall -fmessage-length=0 -ffunction-sections -c -fmessage-length=0 -MMD -MP -MF"Drivers/STM32F7xx_HAL_Driver/Src/stm32f7xx_hal_tim_ex.d" -MT"Drivers/STM32F7xx_HAL_Driver/Src/stm32f7xx_hal_tim_ex.o" -o "Drivers/STM32F7xx_HAL_Driver/Src/stm32f7xx_hal_tim_ex.o" "../Drivers/STM32F7xx_HAL_Driver/Src/stm32f7xx_hal_tim_ex.c"
Finished building: ../Drivers/STM32F7xx_HAL_Driver/Src/stm32f7xx_hal_tim_ex.c
 
Building target: GPIO_Counter_Test.elf
Invoking: MCU GCC Linker
arm-none-eabi-gcc -mcpu=cortex-m7 -mthumb -mfloat-abi=hard -mfpu=fpv5-d16 -specs=nosys.specs -specs=nano.specs -T"../STM32F767ZITx_FLASH.ld" -Wl,-Map=output.map -Wl,--gc-sections -o "GPIO_Counter_Test.elf" @"objects.list"   -lm
Finished building target: GPIO_Counter_Test.elf
 
make --no-print-directory post-build
Generating hex and Printing size information:
arm-none-eabi-objcopy -O ihex "GPIO_Counter_Test.elf" "GPIO_Counter_Test.hex"
arm-none-eabi-size "GPIO_Counter_Test.elf"
   text	   data	    bss	    dec	    hex	filename
   7828	     20	   1812	   9660	   25bc	GPIO_Counter_Test.elf
 
19:54:09 **** Incremental Build of configuration Debug for project GPIO_Counter_Test ****
make all 
Building file: ../Src/main.c
Invoking: MCU GCC Compiler
D:\Programs\heroku_apps\SolarControl\GPIO_Counter_Test\Debug
arm-none-eabi-gcc -mcpu=cortex-m7 -mthumb -mfloat-abi=hard -mfpu=fpv5-d16 '-D__weak=__attribute__((weak))' '-D__packed=__attribute__((__packed__))' -DUSE_HAL_DRIVER -DSTM32F767xx -I"D:/Programs/heroku_apps/SolarControl/GPIO_Counter_Test/Inc" -I"D:/Programs/heroku_apps/SolarControl/GPIO_Counter_Test/Drivers/STM32F7xx_HAL_Driver/Inc" -I"D:/Programs/heroku_apps/SolarControl/GPIO_Counter_Test/Drivers/STM32F7xx_HAL_Driver/Inc/Legacy" -I"D:/Programs/heroku_apps/SolarControl/GPIO_Counter_Test/Drivers/CMSIS/Device/ST/STM32F7xx/Include" -I"D:/Programs/heroku_apps/SolarControl/GPIO_Counter_Test/Drivers/CMSIS/Include"  -Og -g3 -Wall -fmessage-length=0 -ffunction-sections -c -fmessage-length=0 -MMD -MP -MF"Src/main.d" -MT"Src/main.o" -o "Src/main.o" "../Src/main.c"
../Src/main.c: In function 'HAL_ADC_ConvCpltCallback':
../Src/main.c:74:28: warning: passing argument 2 of 'HAL_ADC_Start_DMA' from incompatible pointer type [-Wincompatible-pointer-types]
  HAL_ADC_Start_DMA(&hadc1, ADC_results, 2);
                            ^~~~~~~~~~~
In file included from D:/Programs/heroku_apps/SolarControl/GPIO_Counter_Test/Inc/stm32f7xx_hal_conf.h:265:0,
                 from D:/Programs/heroku_apps/SolarControl/GPIO_Counter_Test/Drivers/STM32F7xx_HAL_Driver/Inc/stm32f7xx_hal.h:46,
                 from ../Src/main.c:41:
D:/Programs/heroku_apps/SolarControl/GPIO_Counter_Test/Drivers/STM32F7xx_HAL_Driver/Inc/stm32f7xx_hal_adc.h:590:19: note: expected 'uint32_t * {aka long unsigned int *}' but argument is of type 'uint16_t * {aka short unsigned int *}'
 HAL_StatusTypeDef HAL_ADC_Start_DMA(ADC_HandleTypeDef* hadc, uint32_t* pData, uint32_t Length);
                   ^~~~~~~~~~~~~~~~~
../Src/main.c: In function 'main':
../Src/main.c:115:28: warning: passing argument 2 of 'HAL_ADC_Start_DMA' from incompatible pointer type [-Wincompatible-pointer-types]
  HAL_ADC_Start_DMA(&hadc1, ADC_results, 2);
                            ^~~~~~~~~~~
In file included from D:/Programs/heroku_apps/SolarControl/GPIO_Counter_Test/Inc/stm32f7xx_hal_conf.h:265:0,
                 from D:/Programs/heroku_apps/SolarControl/GPIO_Counter_Test/Drivers/STM32F7xx_HAL_Driver/Inc/stm32f7xx_hal.h:46,
                 from ../Src/main.c:41:
D:/Programs/heroku_apps/SolarControl/GPIO_Counter_Test/Drivers/STM32F7xx_HAL_Driver/Inc/stm32f7xx_hal_adc.h:590:19: note: expected 'uint32_t * {aka long unsigned int *}' but argument is of type 'uint16_t * {aka short unsigned int *}'
 HAL_StatusTypeDef HAL_ADC_Start_DMA(ADC_HandleTypeDef* hadc, uint32_t* pData, uint32_t Length);
                   ^~~~~~~~~~~~~~~~~
Finished building: ../Src/main.c
 
Building target: GPIO_Counter_Test.elf
Invoking: MCU GCC Linker
arm-none-eabi-gcc -mcpu=cortex-m7 -mthumb -mfloat-abi=hard -mfpu=fpv5-d16 -specs=nosys.specs -specs=nano.specs -T"../STM32F767ZITx_FLASH.ld" -Wl,-Map=output.map -Wl,--gc-sections -o "GPIO_Counter_Test.elf" @"objects.list"   -lm
Finished building target: GPIO_Counter_Test.elf
 
make --no-print-directory post-build
Generating hex and Printing size information:
arm-none-eabi-objcopy -O ihex "GPIO_Counter_Test.elf" "GPIO_Counter_Test.hex"
arm-none-eabi-size "GPIO_Counter_Test.elf"
   text	   data	    bss	    dec	    hex	filename
   7828	     20	   1812	   9660	   25bc	GPIO_Counter_Test.elf
 
19:54:43 **** Incremental Build of configuration Debug for project GPIO_Counter_Test ****
make all 
Building file: ../Src/main.c
Invoking: MCU GCC Compiler
D:\Programs\heroku_apps\SolarControl\GPIO_Counter_Test\Debug
arm-none-eabi-gcc -mcpu=cortex-m7 -mthumb -mfloat-abi=hard -mfpu=fpv5-d16 '-D__weak=__attribute__((weak))' '-D__packed=__attribute__((__packed__))' -DUSE_HAL_DRIVER -DSTM32F767xx -I"D:/Programs/heroku_apps/SolarControl/GPIO_Counter_Test/Inc" -I"D:/Programs/heroku_apps/SolarControl/GPIO_Counter_Test/Drivers/STM32F7xx_HAL_Driver/Inc" -I"D:/Programs/heroku_apps/SolarControl/GPIO_Counter_Test/Drivers/STM32F7xx_HAL_Driver/Inc/Legacy" -I"D:/Programs/heroku_apps/SolarControl/GPIO_Counter_Test/Drivers/CMSIS/Device/ST/STM32F7xx/Include" -I"D:/Programs/heroku_apps/SolarControl/GPIO_Counter_Test/Drivers/CMSIS/Include"  -Og -g3 -Wall -fmessage-length=0 -ffunction-sections -c -fmessage-length=0 -MMD -MP -MF"Src/main.d" -MT"Src/main.o" -o "Src/main.o" "../Src/main.c"
../Src/main.c: In function 'HAL_ADC_ConvCpltCallback':
../Src/main.c:74:28: warning: passing argument 2 of 'HAL_ADC_Start_DMA' from incompatible pointer type [-Wincompatible-pointer-types]
  HAL_ADC_Start_DMA(&hadc1, ADC_results, 2);
                            ^~~~~~~~~~~
In file included from D:/Programs/heroku_apps/SolarControl/GPIO_Counter_Test/Inc/stm32f7xx_hal_conf.h:265:0,
                 from D:/Programs/heroku_apps/SolarControl/GPIO_Counter_Test/Drivers/STM32F7xx_HAL_Driver/Inc/stm32f7xx_hal.h:46,
                 from ../Src/main.c:41:
D:/Programs/heroku_apps/SolarControl/GPIO_Counter_Test/Drivers/STM32F7xx_HAL_Driver/Inc/stm32f7xx_hal_adc.h:590:19: note: expected 'uint32_t * {aka long unsigned int *}' but argument is of type 'uint16_t * {aka short unsigned int *}'
 HAL_StatusTypeDef HAL_ADC_Start_DMA(ADC_HandleTypeDef* hadc, uint32_t* pData, uint32_t Length);
                   ^~~~~~~~~~~~~~~~~
../Src/main.c: In function 'main':
../Src/main.c:115:28: warning: passing argument 2 of 'HAL_ADC_Start_DMA' from incompatible pointer type [-Wincompatible-pointer-types]
  HAL_ADC_Start_DMA(&hadc1, ADC_results, 2);
                            ^~~~~~~~~~~
In file included from D:/Programs/heroku_apps/SolarControl/GPIO_Counter_Test/Inc/stm32f7xx_hal_conf.h:265:0,
                 from D:/Programs/heroku_apps/SolarControl/GPIO_Counter_Test/Drivers/STM32F7xx_HAL_Driver/Inc/stm32f7xx_hal.h:46,
                 from ../Src/main.c:41:
D:/Programs/heroku_apps/SolarControl/GPIO_Counter_Test/Drivers/STM32F7xx_HAL_Driver/Inc/stm32f7xx_hal_adc.h:590:19: note: expected 'uint32_t * {aka long unsigned int *}' but argument is of type 'uint16_t * {aka short unsigned int *}'
 HAL_StatusTypeDef HAL_ADC_Start_DMA(ADC_HandleTypeDef* hadc, uint32_t* pData, uint32_t Length);
                   ^~~~~~~~~~~~~~~~~
Finished building: ../Src/main.c
 
Building target: GPIO_Counter_Test.elf
Invoking: MCU GCC Linker
arm-none-eabi-gcc -mcpu=cortex-m7 -mthumb -mfloat-abi=hard -mfpu=fpv5-d16 -specs=nosys.specs -specs=nano.specs -T"../STM32F767ZITx_FLASH.ld" -Wl,-Map=output.map -Wl,--gc-sections -o "GPIO_Counter_Test.elf" @"objects.list"   -lm
Finished building target: GPIO_Counter_Test.elf
 
make --no-print-directory post-build
Generating hex and Printing size information:
arm-none-eabi-objcopy -O ihex "GPIO_Counter_Test.elf" "GPIO_Counter_Test.hex"
arm-none-eabi-size "GPIO_Counter_Test.elf"
   text	   data	    bss	    dec	    hex	filename
   7828	     20	   1812	   9660	   25bc	GPIO_Counter_Test.elf
 
19:54:56 **** Incremental Build of configuration Debug for project GPIO_Counter_Test ****
make all 
make: Nothing to be done for 'all'.
19:56:55 **** Incremental Build of configuration Debug for project GPIO_Counter_Test ****
make all 
Building file: ../Src/main.c
Invoking: MCU GCC Compiler
D:\Programs\heroku_apps\SolarControl\GPIO_Counter_Test\Debug
arm-none-eabi-gcc -mcpu=cortex-m7 -mthumb -mfloat-abi=hard -mfpu=fpv5-d16 '-D__weak=__attribute__((weak))' '-D__packed=__attribute__((__packed__))' -DUSE_HAL_DRIVER -DSTM32F767xx -I"D:/Programs/heroku_apps/SolarControl/GPIO_Counter_Test/Inc" -I"D:/Programs/heroku_apps/SolarControl/GPIO_Counter_Test/Drivers/STM32F7xx_HAL_Driver/Inc" -I"D:/Programs/heroku_apps/SolarControl/GPIO_Counter_Test/Drivers/STM32F7xx_HAL_Driver/Inc/Legacy" -I"D:/Programs/heroku_apps/SolarControl/GPIO_Counter_Test/Drivers/CMSIS/Device/ST/STM32F7xx/Include" -I"D:/Programs/heroku_apps/SolarControl/GPIO_Counter_Test/Drivers/CMSIS/Include"  -Og -g3 -Wall -fmessage-length=0 -ffunction-sections -c -fmessage-length=0 -MMD -MP -MF"Src/main.d" -MT"Src/main.o" -o "Src/main.o" "../Src/main.c"
../Src/main.c: In function 'HAL_ADC_ConvCpltCallback':
../Src/main.c:74:28: warning: passing argument 2 of 'HAL_ADC_Start_DMA' from incompatible pointer type [-Wincompatible-pointer-types]
  HAL_ADC_Start_DMA(&hadc1, ADC_results, 2);
                            ^~~~~~~~~~~
In file included from D:/Programs/heroku_apps/SolarControl/GPIO_Counter_Test/Inc/stm32f7xx_hal_conf.h:265:0,
                 from D:/Programs/heroku_apps/SolarControl/GPIO_Counter_Test/Drivers/STM32F7xx_HAL_Driver/Inc/stm32f7xx_hal.h:46,
                 from ../Src/main.c:41:
D:/Programs/heroku_apps/SolarControl/GPIO_Counter_Test/Drivers/STM32F7xx_HAL_Driver/Inc/stm32f7xx_hal_adc.h:590:19: note: expected 'uint32_t * {aka long unsigned int *}' but argument is of type 'uint16_t * {aka short unsigned int *}'
 HAL_StatusTypeDef HAL_ADC_Start_DMA(ADC_HandleTypeDef* hadc, uint32_t* pData, uint32_t Length);
                   ^~~~~~~~~~~~~~~~~
../Src/main.c: In function 'main':
../Src/main.c:115:28: warning: passing argument 2 of 'HAL_ADC_Start_DMA' from incompatible pointer type [-Wincompatible-pointer-types]
  HAL_ADC_Start_DMA(&hadc1, ADC_results, 2);
                            ^~~~~~~~~~~
In file included from D:/Programs/heroku_apps/SolarControl/GPIO_Counter_Test/Inc/stm32f7xx_hal_conf.h:265:0,
                 from D:/Programs/heroku_apps/SolarControl/GPIO_Counter_Test/Drivers/STM32F7xx_HAL_Driver/Inc/stm32f7xx_hal.h:46,
                 from ../Src/main.c:41:
D:/Programs/heroku_apps/SolarControl/GPIO_Counter_Test/Drivers/STM32F7xx_HAL_Driver/Inc/stm32f7xx_hal_adc.h:590:19: note: expected 'uint32_t * {aka long unsigned int *}' but argument is of type 'uint16_t * {aka short unsigned int *}'
 HAL_StatusTypeDef HAL_ADC_Start_DMA(ADC_HandleTypeDef* hadc, uint32_t* pData, uint32_t Length);
                   ^~~~~~~~~~~~~~~~~
Finished building: ../Src/main.c
 
Building target: GPIO_Counter_Test.elf
Invoking: MCU GCC Linker
arm-none-eabi-gcc -mcpu=cortex-m7 -mthumb -mfloat-abi=hard -mfpu=fpv5-d16 -specs=nosys.specs -specs=nano.specs -T"../STM32F767ZITx_FLASH.ld" -Wl,-Map=output.map -Wl,--gc-sections -o "GPIO_Counter_Test.elf" @"objects.list"   -lm
Finished building target: GPIO_Counter_Test.elf
 
make --no-print-directory post-build
Generating hex and Printing size information:
arm-none-eabi-objcopy -O ihex "GPIO_Counter_Test.elf" "GPIO_Counter_Test.hex"
arm-none-eabi-size "GPIO_Counter_Test.elf"
   text	   data	    bss	    dec	    hex	filename
   7828	     20	   1812	   9660	   25bc	GPIO_Counter_Test.elf
 
19:59:29 **** Incremental Build of configuration Debug for project GPIO_Counter_Test ****
make all 
Building file: ../Src/main.c
Invoking: MCU GCC Compiler
D:\Programs\heroku_apps\SolarControl\GPIO_Counter_Test\Debug
arm-none-eabi-gcc -mcpu=cortex-m7 -mthumb -mfloat-abi=hard -mfpu=fpv5-d16 '-D__weak=__attribute__((weak))' '-D__packed=__attribute__((__packed__))' -DUSE_HAL_DRIVER -DSTM32F767xx -I"D:/Programs/heroku_apps/SolarControl/GPIO_Counter_Test/Inc" -I"D:/Programs/heroku_apps/SolarControl/GPIO_Counter_Test/Drivers/STM32F7xx_HAL_Driver/Inc" -I"D:/Programs/heroku_apps/SolarControl/GPIO_Counter_Test/Drivers/STM32F7xx_HAL_Driver/Inc/Legacy" -I"D:/Programs/heroku_apps/SolarControl/GPIO_Counter_Test/Drivers/CMSIS/Device/ST/STM32F7xx/Include" -I"D:/Programs/heroku_apps/SolarControl/GPIO_Counter_Test/Drivers/CMSIS/Include"  -Og -g3 -Wall -fmessage-length=0 -ffunction-sections -c -fmessage-length=0 -MMD -MP -MF"Src/main.d" -MT"Src/main.o" -o "Src/main.o" "../Src/main.c"
../Src/main.c: In function 'HAL_ADC_ConvCpltCallback':
../Src/main.c:76:28: warning: passing argument 2 of 'HAL_ADC_Start_DMA' from incompatible pointer type [-Wincompatible-pointer-types]
  HAL_ADC_Start_DMA(&hadc1, ADC_results, 2);
                            ^~~~~~~~~~~
In file included from D:/Programs/heroku_apps/SolarControl/GPIO_Counter_Test/Inc/stm32f7xx_hal_conf.h:265:0,
                 from D:/Programs/heroku_apps/SolarControl/GPIO_Counter_Test/Drivers/STM32F7xx_HAL_Driver/Inc/stm32f7xx_hal.h:46,
                 from ../Src/main.c:41:
D:/Programs/heroku_apps/SolarControl/GPIO_Counter_Test/Drivers/STM32F7xx_HAL_Driver/Inc/stm32f7xx_hal_adc.h:590:19: note: expected 'uint32_t * {aka long unsigned int *}' but argument is of type 'uint16_t * {aka short unsigned int *}'
 HAL_StatusTypeDef HAL_ADC_Start_DMA(ADC_HandleTypeDef* hadc, uint32_t* pData, uint32_t Length);
                   ^~~~~~~~~~~~~~~~~
../Src/main.c: In function 'main':
../Src/main.c:117:28: warning: passing argument 2 of 'HAL_ADC_Start_DMA' from incompatible pointer type [-Wincompatible-pointer-types]
  HAL_ADC_Start_DMA(&hadc1, ADC_results, 2);
                            ^~~~~~~~~~~
In file included from D:/Programs/heroku_apps/SolarControl/GPIO_Counter_Test/Inc/stm32f7xx_hal_conf.h:265:0,
                 from D:/Programs/heroku_apps/SolarControl/GPIO_Counter_Test/Drivers/STM32F7xx_HAL_Driver/Inc/stm32f7xx_hal.h:46,
                 from ../Src/main.c:41:
D:/Programs/heroku_apps/SolarControl/GPIO_Counter_Test/Drivers/STM32F7xx_HAL_Driver/Inc/stm32f7xx_hal_adc.h:590:19: note: expected 'uint32_t * {aka long unsigned int *}' but argument is of type 'uint16_t * {aka short unsigned int *}'
 HAL_StatusTypeDef HAL_ADC_Start_DMA(ADC_HandleTypeDef* hadc, uint32_t* pData, uint32_t Length);
                   ^~~~~~~~~~~~~~~~~
Finished building: ../Src/main.c
 
Building target: GPIO_Counter_Test.elf
Invoking: MCU GCC Linker
arm-none-eabi-gcc -mcpu=cortex-m7 -mthumb -mfloat-abi=hard -mfpu=fpv5-d16 -specs=nosys.specs -specs=nano.specs -T"../STM32F767ZITx_FLASH.ld" -Wl,-Map=output.map -Wl,--gc-sections -o "GPIO_Counter_Test.elf" @"objects.list"   -lm
Finished building target: GPIO_Counter_Test.elf
 
make --no-print-directory post-build
Generating hex and Printing size information:
arm-none-eabi-objcopy -O ihex "GPIO_Counter_Test.elf" "GPIO_Counter_Test.hex"
arm-none-eabi-size "GPIO_Counter_Test.elf"
   text	   data	    bss	    dec	    hex	filename
   7836	     20	   1812	   9668	   25c4	GPIO_Counter_Test.elf
 
20:02:32 **** Incremental Build of configuration Debug for project GPIO_Counter_Test ****
make all 
Building file: ../Src/main.c
Invoking: MCU GCC Compiler
D:\Programs\heroku_apps\SolarControl\GPIO_Counter_Test\Debug
arm-none-eabi-gcc -mcpu=cortex-m7 -mthumb -mfloat-abi=hard -mfpu=fpv5-d16 '-D__weak=__attribute__((weak))' '-D__packed=__attribute__((__packed__))' -DUSE_HAL_DRIVER -DSTM32F767xx -I"D:/Programs/heroku_apps/SolarControl/GPIO_Counter_Test/Inc" -I"D:/Programs/heroku_apps/SolarControl/GPIO_Counter_Test/Drivers/STM32F7xx_HAL_Driver/Inc" -I"D:/Programs/heroku_apps/SolarControl/GPIO_Counter_Test/Drivers/STM32F7xx_HAL_Driver/Inc/Legacy" -I"D:/Programs/heroku_apps/SolarControl/GPIO_Counter_Test/Drivers/CMSIS/Device/ST/STM32F7xx/Include" -I"D:/Programs/heroku_apps/SolarControl/GPIO_Counter_Test/Drivers/CMSIS/Include"  -Og -g3 -Wall -fmessage-length=0 -ffunction-sections -c -fmessage-length=0 -MMD -MP -MF"Src/main.d" -MT"Src/main.o" -o "Src/main.o" "../Src/main.c"
../Src/main.c: In function 'HAL_ADC_ConvCpltCallback':
../Src/main.c:74:28: warning: passing argument 2 of 'HAL_ADC_Start_DMA' from incompatible pointer type [-Wincompatible-pointer-types]
  HAL_ADC_Start_DMA(&hadc1, ADC_results, 2);
                            ^~~~~~~~~~~
In file included from D:/Programs/heroku_apps/SolarControl/GPIO_Counter_Test/Inc/stm32f7xx_hal_conf.h:265:0,
                 from D:/Programs/heroku_apps/SolarControl/GPIO_Counter_Test/Drivers/STM32F7xx_HAL_Driver/Inc/stm32f7xx_hal.h:46,
                 from ../Src/main.c:41:
D:/Programs/heroku_apps/SolarControl/GPIO_Counter_Test/Drivers/STM32F7xx_HAL_Driver/Inc/stm32f7xx_hal_adc.h:590:19: note: expected 'uint32_t * {aka long unsigned int *}' but argument is of type 'uint16_t * {aka short unsigned int *}'
 HAL_StatusTypeDef HAL_ADC_Start_DMA(ADC_HandleTypeDef* hadc, uint32_t* pData, uint32_t Length);
                   ^~~~~~~~~~~~~~~~~
../Src/main.c: In function 'main':
../Src/main.c:115:28: warning: passing argument 2 of 'HAL_ADC_Start_DMA' from incompatible pointer type [-Wincompatible-pointer-types]
  HAL_ADC_Start_DMA(&hadc1, ADC_results, 2);
                            ^~~~~~~~~~~
In file included from D:/Programs/heroku_apps/SolarControl/GPIO_Counter_Test/Inc/stm32f7xx_hal_conf.h:265:0,
                 from D:/Programs/heroku_apps/SolarControl/GPIO_Counter_Test/Drivers/STM32F7xx_HAL_Driver/Inc/stm32f7xx_hal.h:46,
                 from ../Src/main.c:41:
D:/Programs/heroku_apps/SolarControl/GPIO_Counter_Test/Drivers/STM32F7xx_HAL_Driver/Inc/stm32f7xx_hal_adc.h:590:19: note: expected 'uint32_t * {aka long unsigned int *}' but argument is of type 'uint16_t * {aka short unsigned int *}'
 HAL_StatusTypeDef HAL_ADC_Start_DMA(ADC_HandleTypeDef* hadc, uint32_t* pData, uint32_t Length);
                   ^~~~~~~~~~~~~~~~~
Finished building: ../Src/main.c
 
Building target: GPIO_Counter_Test.elf
Invoking: MCU GCC Linker
arm-none-eabi-gcc -mcpu=cortex-m7 -mthumb -mfloat-abi=hard -mfpu=fpv5-d16 -specs=nosys.specs -specs=nano.specs -T"../STM32F767ZITx_FLASH.ld" -Wl,-Map=output.map -Wl,--gc-sections -o "GPIO_Counter_Test.elf" @"objects.list"   -lm
Finished building target: GPIO_Counter_Test.elf
 
make --no-print-directory post-build
Generating hex and Printing size information:
arm-none-eabi-objcopy -O ihex "GPIO_Counter_Test.elf" "GPIO_Counter_Test.hex"
arm-none-eabi-size "GPIO_Counter_Test.elf"
   text	   data	    bss	    dec	    hex	filename
   7828	     20	   1812	   9660	   25bc	GPIO_Counter_Test.elf
 
20:04:24 **** Incremental Build of configuration Debug for project GPIO_Counter_Test ****
make all 
Building file: ../Src/main.c
Invoking: MCU GCC Compiler
D:\Programs\heroku_apps\SolarControl\GPIO_Counter_Test\Debug
arm-none-eabi-gcc -mcpu=cortex-m7 -mthumb -mfloat-abi=hard -mfpu=fpv5-d16 '-D__weak=__attribute__((weak))' '-D__packed=__attribute__((__packed__))' -DUSE_HAL_DRIVER -DSTM32F767xx -I"D:/Programs/heroku_apps/SolarControl/GPIO_Counter_Test/Inc" -I"D:/Programs/heroku_apps/SolarControl/GPIO_Counter_Test/Drivers/STM32F7xx_HAL_Driver/Inc" -I"D:/Programs/heroku_apps/SolarControl/GPIO_Counter_Test/Drivers/STM32F7xx_HAL_Driver/Inc/Legacy" -I"D:/Programs/heroku_apps/SolarControl/GPIO_Counter_Test/Drivers/CMSIS/Device/ST/STM32F7xx/Include" -I"D:/Programs/heroku_apps/SolarControl/GPIO_Counter_Test/Drivers/CMSIS/Include"  -Og -g3 -Wall -fmessage-length=0 -ffunction-sections -c -fmessage-length=0 -MMD -MP -MF"Src/main.d" -MT"Src/main.o" -o "Src/main.o" "../Src/main.c"
../Src/main.c: In function 'HAL_ADC_ConvCpltCallback':
../Src/main.c:74:28: warning: passing argument 2 of 'HAL_ADC_Start_DMA' from incompatible pointer type [-Wincompatible-pointer-types]
  HAL_ADC_Start_DMA(&hadc1, ADC_results, 2);
                            ^~~~~~~~~~~
In file included from D:/Programs/heroku_apps/SolarControl/GPIO_Counter_Test/Inc/stm32f7xx_hal_conf.h:265:0,
                 from D:/Programs/heroku_apps/SolarControl/GPIO_Counter_Test/Drivers/STM32F7xx_HAL_Driver/Inc/stm32f7xx_hal.h:46,
                 from ../Src/main.c:41:
D:/Programs/heroku_apps/SolarControl/GPIO_Counter_Test/Drivers/STM32F7xx_HAL_Driver/Inc/stm32f7xx_hal_adc.h:590:19: note: expected 'uint32_t * {aka long unsigned int *}' but argument is of type 'uint16_t * {aka short unsigned int *}'
 HAL_StatusTypeDef HAL_ADC_Start_DMA(ADC_HandleTypeDef* hadc, uint32_t* pData, uint32_t Length);
                   ^~~~~~~~~~~~~~~~~
../Src/main.c: In function 'main':
../Src/main.c:115:28: warning: passing argument 2 of 'HAL_ADC_Start_DMA' from incompatible pointer type [-Wincompatible-pointer-types]
  HAL_ADC_Start_DMA(&hadc1, ADC_results, 2);
                            ^~~~~~~~~~~
In file included from D:/Programs/heroku_apps/SolarControl/GPIO_Counter_Test/Inc/stm32f7xx_hal_conf.h:265:0,
                 from D:/Programs/heroku_apps/SolarControl/GPIO_Counter_Test/Drivers/STM32F7xx_HAL_Driver/Inc/stm32f7xx_hal.h:46,
                 from ../Src/main.c:41:
D:/Programs/heroku_apps/SolarControl/GPIO_Counter_Test/Drivers/STM32F7xx_HAL_Driver/Inc/stm32f7xx_hal_adc.h:590:19: note: expected 'uint32_t * {aka long unsigned int *}' but argument is of type 'uint16_t * {aka short unsigned int *}'
 HAL_StatusTypeDef HAL_ADC_Start_DMA(ADC_HandleTypeDef* hadc, uint32_t* pData, uint32_t Length);
                   ^~~~~~~~~~~~~~~~~
Finished building: ../Src/main.c
 
Building target: GPIO_Counter_Test.elf
Invoking: MCU GCC Linker
arm-none-eabi-gcc -mcpu=cortex-m7 -mthumb -mfloat-abi=hard -mfpu=fpv5-d16 -specs=nosys.specs -specs=nano.specs -T"../STM32F767ZITx_FLASH.ld" -Wl,-Map=output.map -Wl,--gc-sections -o "GPIO_Counter_Test.elf" @"objects.list"   -lm
Finished building target: GPIO_Counter_Test.elf
 
make --no-print-directory post-build
Generating hex and Printing size information:
arm-none-eabi-objcopy -O ihex "GPIO_Counter_Test.elf" "GPIO_Counter_Test.hex"
arm-none-eabi-size "GPIO_Counter_Test.elf"
   text	   data	    bss	    dec	    hex	filename
   7828	     20	   1812	   9660	   25bc	GPIO_Counter_Test.elf
 
20:17:03 **** Incremental Build of configuration Debug for project GPIO_Counter_Test ****
make all 
Building file: ../Src/main.c
Invoking: MCU GCC Compiler
D:\Programs\heroku_apps\SolarControl\GPIO_Counter_Test\Debug
arm-none-eabi-gcc -mcpu=cortex-m7 -mthumb -mfloat-abi=hard -mfpu=fpv5-d16 '-D__weak=__attribute__((weak))' '-D__packed=__attribute__((__packed__))' -DUSE_HAL_DRIVER -DSTM32F767xx -I"D:/Programs/heroku_apps/SolarControl/GPIO_Counter_Test/Inc" -I"D:/Programs/heroku_apps/SolarControl/GPIO_Counter_Test/Drivers/STM32F7xx_HAL_Driver/Inc" -I"D:/Programs/heroku_apps/SolarControl/GPIO_Counter_Test/Drivers/STM32F7xx_HAL_Driver/Inc/Legacy" -I"D:/Programs/heroku_apps/SolarControl/GPIO_Counter_Test/Drivers/CMSIS/Device/ST/STM32F7xx/Include" -I"D:/Programs/heroku_apps/SolarControl/GPIO_Counter_Test/Drivers/CMSIS/Include"  -Og -g3 -Wall -fmessage-length=0 -ffunction-sections -c -fmessage-length=0 -MMD -MP -MF"Src/main.d" -MT"Src/main.o" -o "Src/main.o" "../Src/main.c"
../Src/main.c:59:22: warning: large integer implicitly truncated to unsigned type [-Woverflow]
 uint8_t Resolution = 4095;
                      ^~~~
../Src/main.c: In function 'HAL_ADC_ConvCpltCallback':
../Src/main.c:71:2: error: too many arguments to function 'HAL_GPIO_ReadPin'
  HAL_GPIO_ReadPin(GPIOD, GPIO_PIN_0, GPIO_PIN_SET);
  ^~~~~~~~~~~~~~~~
In file included from D:/Programs/heroku_apps/SolarControl/GPIO_Counter_Test/Inc/stm32f7xx_hal_conf.h:253:0,
                 from D:/Programs/heroku_apps/SolarControl/GPIO_Counter_Test/Drivers/STM32F7xx_HAL_Driver/Inc/stm32f7xx_hal.h:46,
                 from ../Src/main.c:41:
D:/Programs/heroku_apps/SolarControl/GPIO_Counter_Test/Drivers/STM32F7xx_HAL_Driver/Inc/stm32f7xx_hal_gpio.h:251:15: note: declared here
 GPIO_PinState HAL_GPIO_ReadPin(GPIO_TypeDef* GPIOx, uint16_t GPIO_Pin);
               ^~~~~~~~~~~~~~~~
../Src/main.c:77:28: warning: passing argument 2 of 'HAL_ADC_Start_DMA' from incompatible pointer type [-Wincompatible-pointer-types]
  HAL_ADC_Start_DMA(&hadc1, ADC_results, 2);
                            ^~~~~~~~~~~
In file included from D:/Programs/heroku_apps/SolarControl/GPIO_Counter_Test/Inc/stm32f7xx_hal_conf.h:265:0,
                 from D:/Programs/heroku_apps/SolarControl/GPIO_Counter_Test/Drivers/STM32F7xx_HAL_Driver/Inc/stm32f7xx_hal.h:46,
                 from ../Src/main.c:41:
D:/Programs/heroku_apps/SolarControl/GPIO_Counter_Test/Drivers/STM32F7xx_HAL_Driver/Inc/stm32f7xx_hal_adc.h:590:19: note: expected 'uint32_t * {aka long unsigned int *}' but argument is of type 'uint16_t * {aka short unsigned int *}'
 HAL_StatusTypeDef HAL_ADC_Start_DMA(ADC_HandleTypeDef* hadc, uint32_t* pData, uint32_t Length);
                   ^~~~~~~~~~~~~~~~~
../Src/main.c: In function 'main':
../Src/main.c:118:28: warning: passing argument 2 of 'HAL_ADC_Start_DMA' from incompatible pointer type [-Wincompatible-pointer-types]
  HAL_ADC_Start_DMA(&hadc1, ADC_results, 2);
                            ^~~~~~~~~~~
In file included from D:/Programs/heroku_apps/SolarControl/GPIO_Counter_Test/Inc/stm32f7xx_hal_conf.h:265:0,
                 from D:/Programs/heroku_apps/SolarControl/GPIO_Counter_Test/Drivers/STM32F7xx_HAL_Driver/Inc/stm32f7xx_hal.h:46,
                 from ../Src/main.c:41:
D:/Programs/heroku_apps/SolarControl/GPIO_Counter_Test/Drivers/STM32F7xx_HAL_Driver/Inc/stm32f7xx_hal_adc.h:590:19: note: expected 'uint32_t * {aka long unsigned int *}' but argument is of type 'uint16_t * {aka short unsigned int *}'
 HAL_StatusTypeDef HAL_ADC_Start_DMA(ADC_HandleTypeDef* hadc, uint32_t* pData, uint32_t Length);
                   ^~~~~~~~~~~~~~~~~
make: *** [Src/main.o] Error 1
Src/subdir.mk:36: recipe for target 'Src/main.o' failed
20:17:48 **** Incremental Build of configuration Debug for project GPIO_Counter_Test ****
make all 
Building file: ../Src/main.c
Invoking: MCU GCC Compiler
D:\Programs\heroku_apps\SolarControl\GPIO_Counter_Test\Debug
[...]
Finished building: ../Drivers/STM32F7xx_HAL_Driver/Src/stm32f7xx_hal.c
 
Building file: ../Drivers/STM32F7xx_HAL_Driver/Src/stm32f7xx_hal_adc.c
Invoking: MCU GCC Compiler
D:\Programs\heroku_apps\SolarControl\GPIO_Counter_Test\Debug
arm-none-eabi-gcc -mcpu=cortex-m7 -mthumb -mfloat-abi=hard -mfpu=fpv5-d16 '-D__weak=__attribute__((weak))' '-D__packed=__attribute__((__packed__))' -DUSE_HAL_DRIVER -DSTM32F767xx -I"D:/Programs/heroku_apps/SolarControl/GPIO_Counter_Test/Inc" -I"D:/Programs/heroku_apps/SolarControl/GPIO_Counter_Test/Drivers/STM32F7xx_HAL_Driver/Inc" -I"D:/Programs/heroku_apps/SolarControl/GPIO_Counter_Test/Drivers/STM32F7xx_HAL_Driver/Inc/Legacy" -I"D:/Programs/heroku_apps/SolarControl/GPIO_Counter_Test/Drivers/CMSIS/Device/ST/STM32F7xx/Include" -I"D:/Programs/heroku_apps/SolarControl/GPIO_Counter_Test/Drivers/CMSIS/Include"  -Og -g3 -Wall -fmessage-length=0 -ffunction-sections -c -fmessage-length=0 -MMD -MP -MF"Drivers/STM32F7xx_HAL_Driver/Src/stm32f7xx_hal_adc.d" -MT"Drivers/STM32F7xx_HAL_Driver/Src/stm32f7xx_hal_adc.o" -o "Drivers/STM32F7xx_HAL_Driver/Src/stm32f7xx_hal_adc.o" "../Drivers/STM32F7xx_HAL_Driver/Src/stm32f7xx_hal_adc.c"
Finished building: ../Drivers/STM32F7xx_HAL_Driver/Src/stm32f7xx_hal_adc.c
 
Building file: ../Drivers/STM32F7xx_HAL_Driver/Src/stm32f7xx_hal_adc_ex.c
Invoking: MCU GCC Compiler
D:\Programs\heroku_apps\SolarControl\GPIO_Counter_Test\Debug
arm-none-eabi-gcc -mcpu=cortex-m7 -mthumb -mfloat-abi=hard -mfpu=fpv5-d16 '-D__weak=__attribute__((weak))' '-D__packed=__attribute__((__packed__))' -DUSE_HAL_DRIVER -DSTM32F767xx -I"D:/Programs/heroku_apps/SolarControl/GPIO_Counter_Test/Inc" -I"D:/Programs/heroku_apps/SolarControl/GPIO_Counter_Test/Drivers/STM32F7xx_HAL_Driver/Inc" -I"D:/Programs/heroku_apps/SolarControl/GPIO_Counter_Test/Drivers/STM32F7xx_HAL_Driver/Inc/Legacy" -I"D:/Programs/heroku_apps/SolarControl/GPIO_Counter_Test/Drivers/CMSIS/Device/ST/STM32F7xx/Include" -I"D:/Programs/heroku_apps/SolarControl/GPIO_Counter_Test/Drivers/CMSIS/Include"  -Og -g3 -Wall -fmessage-length=0 -ffunction-sections -c -fmessage-length=0 -MMD -MP -MF"Drivers/STM32F7xx_HAL_Driver/Src/stm32f7xx_hal_adc_ex.d" -MT"Drivers/STM32F7xx_HAL_Driver/Src/stm32f7xx_hal_adc_ex.o" -o "Drivers/STM32F7xx_HAL_Driver/Src/stm32f7xx_hal_adc_ex.o" "../Drivers/STM32F7xx_HAL_Driver/Src/stm32f7xx_hal_adc_ex.c"
Finished building: ../Drivers/STM32F7xx_HAL_Driver/Src/stm32f7xx_hal_adc_ex.c
 
Building file: ../Drivers/STM32F7xx_HAL_Driver/Src/stm32f7xx_hal_cortex.c
Invoking: MCU GCC Compiler
D:\Programs\heroku_apps\SolarControl\GPIO_Counter_Test\Debug
arm-none-eabi-gcc -mcpu=cortex-m7 -mthumb -mfloat-abi=hard -mfpu=fpv5-d16 '-D__weak=__attribute__((weak))' '-D__packed=__attribute__((__packed__))' -DUSE_HAL_DRIVER -DSTM32F767xx -I"D:/Programs/heroku_apps/SolarControl/GPIO_Counter_Test/Inc" -I"D:/Programs/heroku_apps/SolarControl/GPIO_Counter_Test/Drivers/STM32F7xx_HAL_Driver/Inc" -I"D:/Programs/heroku_apps/SolarControl/GPIO_Counter_Test/Drivers/STM32F7xx_HAL_Driver/Inc/Legacy" -I"D:/Programs/heroku_apps/SolarControl/GPIO_Counter_Test/Drivers/CMSIS/Device/ST/STM32F7xx/Include" -I"D:/Programs/heroku_apps/SolarControl/GPIO_Counter_Test/Drivers/CMSIS/Include"  -Og -g3 -Wall -fmessage-length=0 -ffunction-sections -c -fmessage-length=0 -MMD -MP -MF"Drivers/STM32F7xx_HAL_Driver/Src/stm32f7xx_hal_cortex.d" -MT"Drivers/STM32F7xx_HAL_Driver/Src/stm32f7xx_hal_cortex.o" -o "Drivers/STM32F7xx_HAL_Driver/Src/stm32f7xx_hal_cortex.o" "../Drivers/STM32F7xx_HAL_Driver/Src/stm32f7xx_hal_cortex.c"
Finished building: ../Drivers/STM32F7xx_HAL_Driver/Src/stm32f7xx_hal_cortex.c
 
Building file: ../Drivers/STM32F7xx_HAL_Driver/Src/stm32f7xx_hal_dma.c
Invoking: MCU GCC Compiler
D:\Programs\heroku_apps\SolarControl\GPIO_Counter_Test\Debug
arm-none-eabi-gcc -mcpu=cortex-m7 -mthumb -mfloat-abi=hard -mfpu=fpv5-d16 '-D__weak=__attribute__((weak))' '-D__packed=__attribute__((__packed__))' -DUSE_HAL_DRIVER -DSTM32F767xx -I"D:/Programs/heroku_apps/SolarControl/GPIO_Counter_Test/Inc" -I"D:/Programs/heroku_apps/SolarControl/GPIO_Counter_Test/Drivers/STM32F7xx_HAL_Driver/Inc" -I"D:/Programs/heroku_apps/SolarControl/GPIO_Counter_Test/Drivers/STM32F7xx_HAL_Driver/Inc/Legacy" -I"D:/Programs/heroku_apps/SolarControl/GPIO_Counter_Test/Drivers/CMSIS/Device/ST/STM32F7xx/Include" -I"D:/Programs/heroku_apps/SolarControl/GPIO_Counter_Test/Drivers/CMSIS/Include"  -Og -g3 -Wall -fmessage-length=0 -ffunction-sections -c -fmessage-length=0 -MMD -MP -MF"Drivers/STM32F7xx_HAL_Driver/Src/stm32f7xx_hal_dma.d" -MT"Drivers/STM32F7xx_HAL_Driver/Src/stm32f7xx_hal_dma.o" -o "Drivers/STM32F7xx_HAL_Driver/Src/stm32f7xx_hal_dma.o" "../Drivers/STM32F7xx_HAL_Driver/Src/stm32f7xx_hal_dma.c"
Finished building: ../Drivers/STM32F7xx_HAL_Driver/Src/stm32f7xx_hal_dma.c
 
Building file: ../Drivers/STM32F7xx_HAL_Driver/Src/stm32f7xx_hal_dma_ex.c
Invoking: MCU GCC Compiler
D:\Programs\heroku_apps\SolarControl\GPIO_Counter_Test\Debug
arm-none-eabi-gcc -mcpu=cortex-m7 -mthumb -mfloat-abi=hard -mfpu=fpv5-d16 '-D__weak=__attribute__((weak))' '-D__packed=__attribute__((__packed__))' -DUSE_HAL_DRIVER -DSTM32F767xx -I"D:/Programs/heroku_apps/SolarControl/GPIO_Counter_Test/Inc" -I"D:/Programs/heroku_apps/SolarControl/GPIO_Counter_Test/Drivers/STM32F7xx_HAL_Driver/Inc" -I"D:/Programs/heroku_apps/SolarControl/GPIO_Counter_Test/Drivers/STM32F7xx_HAL_Driver/Inc/Legacy" -I"D:/Programs/heroku_apps/SolarControl/GPIO_Counter_Test/Drivers/CMSIS/Device/ST/STM32F7xx/Include" -I"D:/Programs/heroku_apps/SolarControl/GPIO_Counter_Test/Drivers/CMSIS/Include"  -Og -g3 -Wall -fmessage-length=0 -ffunction-sections -c -fmessage-length=0 -MMD -MP -MF"Drivers/STM32F7xx_HAL_Driver/Src/stm32f7xx_hal_dma_ex.d" -MT"Drivers/STM32F7xx_HAL_Driver/Src/stm32f7xx_hal_dma_ex.o" -o "Drivers/STM32F7xx_HAL_Driver/Src/stm32f7xx_hal_dma_ex.o" "../Drivers/STM32F7xx_HAL_Driver/Src/stm32f7xx_hal_dma_ex.c"
Finished building: ../Drivers/STM32F7xx_HAL_Driver/Src/stm32f7xx_hal_dma_ex.c
 
Building file: ../Drivers/STM32F7xx_HAL_Driver/Src/stm32f7xx_hal_flash.c
Invoking: MCU GCC Compiler
D:\Programs\heroku_apps\SolarControl\GPIO_Counter_Test\Debug
arm-none-eabi-gcc -mcpu=cortex-m7 -mthumb -mfloat-abi=hard -mfpu=fpv5-d16 '-D__weak=__attribute__((weak))' '-D__packed=__attribute__((__packed__))' -DUSE_HAL_DRIVER -DSTM32F767xx -I"D:/Programs/heroku_apps/SolarControl/GPIO_Counter_Test/Inc" -I"D:/Programs/heroku_apps/SolarControl/GPIO_Counter_Test/Drivers/STM32F7xx_HAL_Driver/Inc" -I"D:/Programs/heroku_apps/SolarControl/GPIO_Counter_Test/Drivers/STM32F7xx_HAL_Driver/Inc/Legacy" -I"D:/Programs/heroku_apps/SolarControl/GPIO_Counter_Test/Drivers/CMSIS/Device/ST/STM32F7xx/Include" -I"D:/Programs/heroku_apps/SolarControl/GPIO_Counter_Test/Drivers/CMSIS/Include"  -Og -g3 -Wall -fmessage-length=0 -ffunction-sections -c -fmessage-length=0 -MMD -MP -MF"Drivers/STM32F7xx_HAL_Driver/Src/stm32f7xx_hal_flash.d" -MT"Drivers/STM32F7xx_HAL_Driver/Src/stm32f7xx_hal_flash.o" -o "Drivers/STM32F7xx_HAL_Driver/Src/stm32f7xx_hal_flash.o" "../Drivers/STM32F7xx_HAL_Driver/Src/stm32f7xx_hal_flash.c"
Finished building: ../Drivers/STM32F7xx_HAL_Driver/Src/stm32f7xx_hal_flash.c
 
Building file: ../Drivers/STM32F7xx_HAL_Driver/Src/stm32f7xx_hal_flash_ex.c
Invoking: MCU GCC Compiler
D:\Programs\heroku_apps\SolarControl\GPIO_Counter_Test\Debug
arm-none-eabi-gcc -mcpu=cortex-m7 -mthumb -mfloat-abi=hard -mfpu=fpv5-d16 '-D__weak=__attribute__((weak))' '-D__packed=__attribute__((__packed__))' -DUSE_HAL_DRIVER -DSTM32F767xx -I"D:/Programs/heroku_apps/SolarControl/GPIO_Counter_Test/Inc" -I"D:/Programs/heroku_apps/SolarControl/GPIO_Counter_Test/Drivers/STM32F7xx_HAL_Driver/Inc" -I"D:/Programs/heroku_apps/SolarControl/GPIO_Counter_Test/Drivers/STM32F7xx_HAL_Driver/Inc/Legacy" -I"D:/Programs/heroku_apps/SolarControl/GPIO_Counter_Test/Drivers/CMSIS/Device/ST/STM32F7xx/Include" -I"D:/Programs/heroku_apps/SolarControl/GPIO_Counter_Test/Drivers/CMSIS/Include"  -Og -g3 -Wall -fmessage-length=0 -ffunction-sections -c -fmessage-length=0 -MMD -MP -MF"Drivers/STM32F7xx_HAL_Driver/Src/stm32f7xx_hal_flash_ex.d" -MT"Drivers/STM32F7xx_HAL_Driver/Src/stm32f7xx_hal_flash_ex.o" -o "Drivers/STM32F7xx_HAL_Driver/Src/stm32f7xx_hal_flash_ex.o" "../Drivers/STM32F7xx_HAL_Driver/Src/stm32f7xx_hal_flash_ex.c"
Finished building: ../Drivers/STM32F7xx_HAL_Driver/Src/stm32f7xx_hal_flash_ex.c
 
Building file: ../Drivers/STM32F7xx_HAL_Driver/Src/stm32f7xx_hal_gpio.c
Invoking: MCU GCC Compiler
D:\Programs\heroku_apps\SolarControl\GPIO_Counter_Test\Debug
arm-none-eabi-gcc -mcpu=cortex-m7 -mthumb -mfloat-abi=hard -mfpu=fpv5-d16 '-D__weak=__attribute__((weak))' '-D__packed=__attribute__((__packed__))' -DUSE_HAL_DRIVER -DSTM32F767xx -I"D:/Programs/heroku_apps/SolarControl/GPIO_Counter_Test/Inc" -I"D:/Programs/heroku_apps/SolarControl/GPIO_Counter_Test/Drivers/STM32F7xx_HAL_Driver/Inc" -I"D:/Programs/heroku_apps/SolarControl/GPIO_Counter_Test/Drivers/STM32F7xx_HAL_Driver/Inc/Legacy" -I"D:/Programs/heroku_apps/SolarControl/GPIO_Counter_Test/Drivers/CMSIS/Device/ST/STM32F7xx/Include" -I"D:/Programs/heroku_apps/SolarControl/GPIO_Counter_Test/Drivers/CMSIS/Include"  -Og -g3 -Wall -fmessage-length=0 -ffunction-sections -c -fmessage-length=0 -MMD -MP -MF"Drivers/STM32F7xx_HAL_Driver/Src/stm32f7xx_hal_gpio.d" -MT"Drivers/STM32F7xx_HAL_Driver/Src/stm32f7xx_hal_gpio.o" -o "Drivers/STM32F7xx_HAL_Driver/Src/stm32f7xx_hal_gpio.o" "../Drivers/STM32F7xx_HAL_Driver/Src/stm32f7xx_hal_gpio.c"
Finished building: ../Drivers/STM32F7xx_HAL_Driver/Src/stm32f7xx_hal_gpio.c
 
Building file: ../Drivers/STM32F7xx_HAL_Driver/Src/stm32f7xx_hal_i2c.c
Invoking: MCU GCC Compiler
D:\Programs\heroku_apps\SolarControl\GPIO_Counter_Test\Debug
arm-none-eabi-gcc -mcpu=cortex-m7 -mthumb -mfloat-abi=hard -mfpu=fpv5-d16 '-D__weak=__attribute__((weak))' '-D__packed=__attribute__((__packed__))' -DUSE_HAL_DRIVER -DSTM32F767xx -I"D:/Programs/heroku_apps/SolarControl/GPIO_Counter_Test/Inc" -I"D:/Programs/heroku_apps/SolarControl/GPIO_Counter_Test/Drivers/STM32F7xx_HAL_Driver/Inc" -I"D:/Programs/heroku_apps/SolarControl/GPIO_Counter_Test/Drivers/STM32F7xx_HAL_Driver/Inc/Legacy" -I"D:/Programs/heroku_apps/SolarControl/GPIO_Counter_Test/Drivers/CMSIS/Device/ST/STM32F7xx/Include" -I"D:/Programs/heroku_apps/SolarControl/GPIO_Counter_Test/Drivers/CMSIS/Include"  -Og -g3 -Wall -fmessage-length=0 -ffunction-sections -c -fmessage-length=0 -MMD -MP -MF"Drivers/STM32F7xx_HAL_Driver/Src/stm32f7xx_hal_i2c.d" -MT"Drivers/STM32F7xx_HAL_Driver/Src/stm32f7xx_hal_i2c.o" -o "Drivers/STM32F7xx_HAL_Driver/Src/stm32f7xx_hal_i2c.o" "../Drivers/STM32F7xx_HAL_Driver/Src/stm32f7xx_hal_i2c.c"
Finished building: ../Drivers/STM32F7xx_HAL_Driver/Src/stm32f7xx_hal_i2c.c
 
Building file: ../Drivers/STM32F7xx_HAL_Driver/Src/stm32f7xx_hal_i2c_ex.c
Invoking: MCU GCC Compiler
D:\Programs\heroku_apps\SolarControl\GPIO_Counter_Test\Debug
arm-none-eabi-gcc -mcpu=cortex-m7 -mthumb -mfloat-abi=hard -mfpu=fpv5-d16 '-D__weak=__attribute__((weak))' '-D__packed=__attribute__((__packed__))' -DUSE_HAL_DRIVER -DSTM32F767xx -I"D:/Programs/heroku_apps/SolarControl/GPIO_Counter_Test/Inc" -I"D:/Programs/heroku_apps/SolarControl/GPIO_Counter_Test/Drivers/STM32F7xx_HAL_Driver/Inc" -I"D:/Programs/heroku_apps/SolarControl/GPIO_Counter_Test/Drivers/STM32F7xx_HAL_Driver/Inc/Legacy" -I"D:/Programs/heroku_apps/SolarControl/GPIO_Counter_Test/Drivers/CMSIS/Device/ST/STM32F7xx/Include" -I"D:/Programs/heroku_apps/SolarControl/GPIO_Counter_Test/Drivers/CMSIS/Include"  -Og -g3 -Wall -fmessage-length=0 -ffunction-sections -c -fmessage-length=0 -MMD -MP -MF"Drivers/STM32F7xx_HAL_Driver/Src/stm32f7xx_hal_i2c_ex.d" -MT"Drivers/STM32F7xx_HAL_Driver/Src/stm32f7xx_hal_i2c_ex.o" -o "Drivers/STM32F7xx_HAL_Driver/Src/stm32f7xx_hal_i2c_ex.o" "../Drivers/STM32F7xx_HAL_Driver/Src/stm32f7xx_hal_i2c_ex.c"
Finished building: ../Drivers/STM32F7xx_HAL_Driver/Src/stm32f7xx_hal_i2c_ex.c
 
Building file: ../Drivers/STM32F7xx_HAL_Driver/Src/stm32f7xx_hal_pwr.c
Invoking: MCU GCC Compiler
D:\Programs\heroku_apps\SolarControl\GPIO_Counter_Test\Debug
arm-none-eabi-gcc -mcpu=cortex-m7 -mthumb -mfloat-abi=hard -mfpu=fpv5-d16 '-D__weak=__attribute__((weak))' '-D__packed=__attribute__((__packed__))' -DUSE_HAL_DRIVER -DSTM32F767xx -I"D:/Programs/heroku_apps/SolarControl/GPIO_Counter_Test/Inc" -I"D:/Programs/heroku_apps/SolarControl/GPIO_Counter_Test/Drivers/STM32F7xx_HAL_Driver/Inc" -I"D:/Programs/heroku_apps/SolarControl/GPIO_Counter_Test/Drivers/STM32F7xx_HAL_Driver/Inc/Legacy" -I"D:/Programs/heroku_apps/SolarControl/GPIO_Counter_Test/Drivers/CMSIS/Device/ST/STM32F7xx/Include" -I"D:/Programs/heroku_apps/SolarControl/GPIO_Counter_Test/Drivers/CMSIS/Include"  -Og -g3 -Wall -fmessage-length=0 -ffunction-sections -c -fmessage-length=0 -MMD -MP -MF"Drivers/STM32F7xx_HAL_Driver/Src/stm32f7xx_hal_pwr.d" -MT"Drivers/STM32F7xx_HAL_Driver/Src/stm32f7xx_hal_pwr.o" -o "Drivers/STM32F7xx_HAL_Driver/Src/stm32f7xx_hal_pwr.o" "../Drivers/STM32F7xx_HAL_Driver/Src/stm32f7xx_hal_pwr.c"
Finished building: ../Drivers/STM32F7xx_HAL_Driver/Src/stm32f7xx_hal_pwr.c
 
Building file: ../Drivers/STM32F7xx_HAL_Driver/Src/stm32f7xx_hal_pwr_ex.c
Invoking: MCU GCC Compiler
D:\Programs\heroku_apps\SolarControl\GPIO_Counter_Test\Debug
arm-none-eabi-gcc -mcpu=cortex-m7 -mthumb -mfloat-abi=hard -mfpu=fpv5-d16 '-D__weak=__attribute__((weak))' '-D__packed=__attribute__((__packed__))' -DUSE_HAL_DRIVER -DSTM32F767xx -I"D:/Programs/heroku_apps/SolarControl/GPIO_Counter_Test/Inc" -I"D:/Programs/heroku_apps/SolarControl/GPIO_Counter_Test/Drivers/STM32F7xx_HAL_Driver/Inc" -I"D:/Programs/heroku_apps/SolarControl/GPIO_Counter_Test/Drivers/STM32F7xx_HAL_Driver/Inc/Legacy" -I"D:/Programs/heroku_apps/SolarControl/GPIO_Counter_Test/Drivers/CMSIS/Device/ST/STM32F7xx/Include" -I"D:/Programs/heroku_apps/SolarControl/GPIO_Counter_Test/Drivers/CMSIS/Include"  -Og -g3 -Wall -fmessage-length=0 -ffunction-sections -c -fmessage-length=0 -MMD -MP -MF"Drivers/STM32F7xx_HAL_Driver/Src/stm32f7xx_hal_pwr_ex.d" -MT"Drivers/STM32F7xx_HAL_Driver/Src/stm32f7xx_hal_pwr_ex.o" -o "Drivers/STM32F7xx_HAL_Driver/Src/stm32f7xx_hal_pwr_ex.o" "../Drivers/STM32F7xx_HAL_Driver/Src/stm32f7xx_hal_pwr_ex.c"
Finished building: ../Drivers/STM32F7xx_HAL_Driver/Src/stm32f7xx_hal_pwr_ex.c
 
Building file: ../Drivers/STM32F7xx_HAL_Driver/Src/stm32f7xx_hal_rcc.c
Invoking: MCU GCC Compiler
D:\Programs\heroku_apps\SolarControl\GPIO_Counter_Test\Debug
arm-none-eabi-gcc -mcpu=cortex-m7 -mthumb -mfloat-abi=hard -mfpu=fpv5-d16 '-D__weak=__attribute__((weak))' '-D__packed=__attribute__((__packed__))' -DUSE_HAL_DRIVER -DSTM32F767xx -I"D:/Programs/heroku_apps/SolarControl/GPIO_Counter_Test/Inc" -I"D:/Programs/heroku_apps/SolarControl/GPIO_Counter_Test/Drivers/STM32F7xx_HAL_Driver/Inc" -I"D:/Programs/heroku_apps/SolarControl/GPIO_Counter_Test/Drivers/STM32F7xx_HAL_Driver/Inc/Legacy" -I"D:/Programs/heroku_apps/SolarControl/GPIO_Counter_Test/Drivers/CMSIS/Device/ST/STM32F7xx/Include" -I"D:/Programs/heroku_apps/SolarControl/GPIO_Counter_Test/Drivers/CMSIS/Include"  -Og -g3 -Wall -fmessage-length=0 -ffunction-sections -c -fmessage-length=0 -MMD -MP -MF"Drivers/STM32F7xx_HAL_Driver/Src/stm32f7xx_hal_rcc.d" -MT"Drivers/STM32F7xx_HAL_Driver/Src/stm32f7xx_hal_rcc.o" -o "Drivers/STM32F7xx_HAL_Driver/Src/stm32f7xx_hal_rcc.o" "../Drivers/STM32F7xx_HAL_Driver/Src/stm32f7xx_hal_rcc.c"
Finished building: ../Drivers/STM32F7xx_HAL_Driver/Src/stm32f7xx_hal_rcc.c
 
Building file: ../Drivers/STM32F7xx_HAL_Driver/Src/stm32f7xx_hal_rcc_ex.c
Invoking: MCU GCC Compiler
D:\Programs\heroku_apps\SolarControl\GPIO_Counter_Test\Debug
arm-none-eabi-gcc -mcpu=cortex-m7 -mthumb -mfloat-abi=hard -mfpu=fpv5-d16 '-D__weak=__attribute__((weak))' '-D__packed=__attribute__((__packed__))' -DUSE_HAL_DRIVER -DSTM32F767xx -I"D:/Programs/heroku_apps/SolarControl/GPIO_Counter_Test/Inc" -I"D:/Programs/heroku_apps/SolarControl/GPIO_Counter_Test/Drivers/STM32F7xx_HAL_Driver/Inc" -I"D:/Programs/heroku_apps/SolarControl/GPIO_Counter_Test/Drivers/STM32F7xx_HAL_Driver/Inc/Legacy" -I"D:/Programs/heroku_apps/SolarControl/GPIO_Counter_Test/Drivers/CMSIS/Device/ST/STM32F7xx/Include" -I"D:/Programs/heroku_apps/SolarControl/GPIO_Counter_Test/Drivers/CMSIS/Include"  -Og -g3 -Wall -fmessage-length=0 -ffunction-sections -c -fmessage-length=0 -MMD -MP -MF"Drivers/STM32F7xx_HAL_Driver/Src/stm32f7xx_hal_rcc_ex.d" -MT"Drivers/STM32F7xx_HAL_Driver/Src/stm32f7xx_hal_rcc_ex.o" -o "Drivers/STM32F7xx_HAL_Driver/Src/stm32f7xx_hal_rcc_ex.o" "../Drivers/STM32F7xx_HAL_Driver/Src/stm32f7xx_hal_rcc_ex.c"
Finished building: ../Drivers/STM32F7xx_HAL_Driver/Src/stm32f7xx_hal_rcc_ex.c
 
Building file: ../Drivers/STM32F7xx_HAL_Driver/Src/stm32f7xx_hal_tim.c
Invoking: MCU GCC Compiler
D:\Programs\heroku_apps\SolarControl\GPIO_Counter_Test\Debug
arm-none-eabi-gcc -mcpu=cortex-m7 -mthumb -mfloat-abi=hard -mfpu=fpv5-d16 '-D__weak=__attribute__((weak))' '-D__packed=__attribute__((__packed__))' -DUSE_HAL_DRIVER -DSTM32F767xx -I"D:/Programs/heroku_apps/SolarControl/GPIO_Counter_Test/Inc" -I"D:/Programs/heroku_apps/SolarControl/GPIO_Counter_Test/Drivers/STM32F7xx_HAL_Driver/Inc" -I"D:/Programs/heroku_apps/SolarControl/GPIO_Counter_Test/Drivers/STM32F7xx_HAL_Driver/Inc/Legacy" -I"D:/Programs/heroku_apps/SolarControl/GPIO_Counter_Test/Drivers/CMSIS/Device/ST/STM32F7xx/Include" -I"D:/Programs/heroku_apps/SolarControl/GPIO_Counter_Test/Drivers/CMSIS/Include"  -Og -g3 -Wall -fmessage-length=0 -ffunction-sections -c -fmessage-length=0 -MMD -MP -MF"Drivers/STM32F7xx_HAL_Driver/Src/stm32f7xx_hal_tim.d" -MT"Drivers/STM32F7xx_HAL_Driver/Src/stm32f7xx_hal_tim.o" -o "Drivers/STM32F7xx_HAL_Driver/Src/stm32f7xx_hal_tim.o" "../Drivers/STM32F7xx_HAL_Driver/Src/stm32f7xx_hal_tim.c"
Finished building: ../Drivers/STM32F7xx_HAL_Driver/Src/stm32f7xx_hal_tim.c
 
Building file: ../Drivers/STM32F7xx_HAL_Driver/Src/stm32f7xx_hal_tim_ex.c
Invoking: MCU GCC Compiler
D:\Programs\heroku_apps\SolarControl\GPIO_Counter_Test\Debug
arm-none-eabi-gcc -mcpu=cortex-m7 -mthumb -mfloat-abi=hard -mfpu=fpv5-d16 '-D__weak=__attribute__((weak))' '-D__packed=__attribute__((__packed__))' -DUSE_HAL_DRIVER -DSTM32F767xx -I"D:/Programs/heroku_apps/SolarControl/GPIO_Counter_Test/Inc" -I"D:/Programs/heroku_apps/SolarControl/GPIO_Counter_Test/Drivers/STM32F7xx_HAL_Driver/Inc" -I"D:/Programs/heroku_apps/SolarControl/GPIO_Counter_Test/Drivers/STM32F7xx_HAL_Driver/Inc/Legacy" -I"D:/Programs/heroku_apps/SolarControl/GPIO_Counter_Test/Drivers/CMSIS/Device/ST/STM32F7xx/Include" -I"D:/Programs/heroku_apps/SolarControl/GPIO_Counter_Test/Drivers/CMSIS/Include"  -Og -g3 -Wall -fmessage-length=0 -ffunction-sections -c -fmessage-length=0 -MMD -MP -MF"Drivers/STM32F7xx_HAL_Driver/Src/stm32f7xx_hal_tim_ex.d" -MT"Drivers/STM32F7xx_HAL_Driver/Src/stm32f7xx_hal_tim_ex.o" -o "Drivers/STM32F7xx_HAL_Driver/Src/stm32f7xx_hal_tim_ex.o" "../Drivers/STM32F7xx_HAL_Driver/Src/stm32f7xx_hal_tim_ex.c"
Finished building: ../Drivers/STM32F7xx_HAL_Driver/Src/stm32f7xx_hal_tim_ex.c
 
Building target: GPIO_Counter_Test.elf
Invoking: MCU GCC Linker
arm-none-eabi-gcc -mcpu=cortex-m7 -mthumb -mfloat-abi=hard -mfpu=fpv5-d16 -specs=nosys.specs -specs=nano.specs -T"../STM32F767ZITx_FLASH.ld" -Wl,-Map=output.map -Wl,--gc-sections -o "GPIO_Counter_Test.elf" @"objects.list"   -lm
Finished building target: GPIO_Counter_Test.elf
 
make --no-print-directory post-build
Generating hex and Printing size information:
arm-none-eabi-objcopy -O ihex "GPIO_Counter_Test.elf" "GPIO_Counter_Test.hex"
arm-none-eabi-size "GPIO_Counter_Test.elf"
   text	   data	    bss	    dec	    hex	filename
   7600	     28	   1916	   9544	   2548	GPIO_Counter_Test.elf
 
