18:42:05 **** Incremental Build of configuration Debug for project STM32_HAL ****
make all 
Building file: D:/Programs/heroku_apps/SolarControl/STM32_HAL/Src/main.c
Invoking: MCU GCC Compiler
D:\Programs\heroku_apps\SolarControl\STM32_HAL\SW4STM32\STM32_HAL\Debug
arm-none-eabi-gcc -mcpu=cortex-m7 -mthumb -mfloat-abi=hard -mfpu=fpv5-d16 '-D__weak=__attribute__((weak))' '-D__packed=__attribute__((__packed__))' -DUSE_HAL_DRIVER -DSTM32F767xx -I"D:/Programs/heroku_apps/SolarControl/STM32_HAL/Inc" -I"D:/Programs/heroku_apps/SolarControl/STM32_HAL/Drivers/STM32F7xx_HAL_Driver/Inc" -I"D:/Programs/heroku_apps/SolarControl/STM32_HAL/Drivers/STM32F7xx_HAL_Driver/Inc/Legacy" -I"D:/Programs/heroku_apps/SolarControl/STM32_HAL/Drivers/CMSIS/Device/ST/STM32F7xx/Include" -I"D:/Programs/heroku_apps/SolarControl/STM32_HAL/Drivers/CMSIS/Include"  -Og -g3 -Wall -fmessage-length=0 -ffunction-sections -c -fmessage-length=0 -MMD -MP -MF"Application/User/main.d" -MT"Application/User/main.o" -o "Application/User/main.o" "D:/Programs/heroku_apps/SolarControl/STM32_HAL/Src/main.c"
Finished building: D:/Programs/heroku_apps/SolarControl/STM32_HAL/Src/main.c
 
Building target: STM32_HAL.elf
Invoking: MCU GCC Linker
arm-none-eabi-gcc -mcpu=cortex-m7 -mthumb -mfloat-abi=hard -mfpu=fpv5-d16 -specs=nosys.specs -specs=nano.specs -T"../STM32F767ZITx_FLASH.ld" -Wl,-Map=output.map -Wl,--gc-sections -o "STM32_HAL.elf" @"objects.list"   -lm
Finished building target: STM32_HAL.elf
 
make --no-print-directory post-build
Generating hex and Printing size information:
arm-none-eabi-objcopy -O ihex "STM32_HAL.elf" "STM32_HAL.hex"
arm-none-eabi-size "STM32_HAL.elf"
   text	   data	    bss	    dec	    hex	filename
   6176	     20	   1652	   7848	   1ea8	STM32_HAL.elf
 

18:42:20 Build Finished (took 14s.549ms)

