Archive member included to satisfy reference by file (symbol)

d:/eclipse/plugins/fr.ac6.mcu.externaltools.arm-none.win32_1.16.0.201807130628/tools/compiler/bin/../lib/gcc/arm-none-eabi/7.2.1/thumb/v7e-m/fpv5/hard\libgcc.a(_aeabi_uldivmod.o)
                              Drivers/STM32F7xx_HAL_Driver/Src/stm32f7xx_hal_rcc.o (__aeabi_uldivmod)
d:/eclipse/plugins/fr.ac6.mcu.externaltools.arm-none.win32_1.16.0.201807130628/tools/compiler/bin/../lib/gcc/arm-none-eabi/7.2.1/thumb/v7e-m/fpv5/hard\libgcc.a(_udivmoddi4.o)
                              d:/eclipse/plugins/fr.ac6.mcu.externaltools.arm-none.win32_1.16.0.201807130628/tools/compiler/bin/../lib/gcc/arm-none-eabi/7.2.1/thumb/v7e-m/fpv5/hard\libgcc.a(_aeabi_uldivmod.o) (__udivmoddi4)
d:/eclipse/plugins/fr.ac6.mcu.externaltools.arm-none.win32_1.16.0.201807130628/tools/compiler/bin/../lib/gcc/arm-none-eabi/7.2.1/thumb/v7e-m/fpv5/hard\libgcc.a(_dvmd_tls.o)
                              d:/eclipse/plugins/fr.ac6.mcu.externaltools.arm-none.win32_1.16.0.201807130628/tools/compiler/bin/../lib/gcc/arm-none-eabi/7.2.1/thumb/v7e-m/fpv5/hard\libgcc.a(_aeabi_uldivmod.o) (__aeabi_ldiv0)
d:/eclipse/plugins/fr.ac6.mcu.externaltools.arm-none.win32_1.16.0.201807130628/tools/compiler/bin/../lib/gcc/arm-none-eabi/7.2.1/../../../../arm-none-eabi/lib/thumb/v7e-m/fpv5/hard\libc_nano.a(lib_a-exit.o)
                              d:/eclipse/plugins/fr.ac6.mcu.externaltools.arm-none.win32_1.16.0.201807130628/tools/compiler/bin/../lib/gcc/arm-none-eabi/7.2.1/../../../../arm-none-eabi/lib/thumb/v7e-m/fpv5/hard/crt0.o (exit)
d:/eclipse/plugins/fr.ac6.mcu.externaltools.arm-none.win32_1.16.0.201807130628/tools/compiler/bin/../lib/gcc/arm-none-eabi/7.2.1/../../../../arm-none-eabi/lib/thumb/v7e-m/fpv5/hard\libc_nano.a(lib_a-impure.o)
                              d:/eclipse/plugins/fr.ac6.mcu.externaltools.arm-none.win32_1.16.0.201807130628/tools/compiler/bin/../lib/gcc/arm-none-eabi/7.2.1/../../../../arm-none-eabi/lib/thumb/v7e-m/fpv5/hard\libc_nano.a(lib_a-exit.o) (_global_impure_ptr)
d:/eclipse/plugins/fr.ac6.mcu.externaltools.arm-none.win32_1.16.0.201807130628/tools/compiler/bin/../lib/gcc/arm-none-eabi/7.2.1/../../../../arm-none-eabi/lib/thumb/v7e-m/fpv5/hard\libc_nano.a(lib_a-init.o)
                              d:/eclipse/plugins/fr.ac6.mcu.externaltools.arm-none.win32_1.16.0.201807130628/tools/compiler/bin/../lib/gcc/arm-none-eabi/7.2.1/../../../../arm-none-eabi/lib/thumb/v7e-m/fpv5/hard/crt0.o (__libc_init_array)
d:/eclipse/plugins/fr.ac6.mcu.externaltools.arm-none.win32_1.16.0.201807130628/tools/compiler/bin/../lib/gcc/arm-none-eabi/7.2.1/../../../../arm-none-eabi/lib/thumb/v7e-m/fpv5/hard\libc_nano.a(lib_a-memset.o)
                              d:/eclipse/plugins/fr.ac6.mcu.externaltools.arm-none.win32_1.16.0.201807130628/tools/compiler/bin/../lib/gcc/arm-none-eabi/7.2.1/../../../../arm-none-eabi/lib/thumb/v7e-m/fpv5/hard/crt0.o (memset)
d:/eclipse/plugins/fr.ac6.mcu.externaltools.arm-none.win32_1.16.0.201807130628/tools/compiler/bin/../lib/gcc/arm-none-eabi/7.2.1/../../../../arm-none-eabi/lib/thumb/v7e-m/fpv5/hard\libnosys.a(_exit.o)
                              d:/eclipse/plugins/fr.ac6.mcu.externaltools.arm-none.win32_1.16.0.201807130628/tools/compiler/bin/../lib/gcc/arm-none-eabi/7.2.1/../../../../arm-none-eabi/lib/thumb/v7e-m/fpv5/hard\libc_nano.a(lib_a-exit.o) (_exit)

Allocating common symbols
Common symbol       size              file

uwTick              0x4               Drivers/STM32F7xx_HAL_Driver/Src/stm32f7xx_hal.o
pFlash              0x1c              Drivers/STM32F7xx_HAL_Driver/Src/stm32f7xx_hal_flash.o
hadc1               0x48              Src/adc.o
hdma_memtomem_dma2_stream1
                    0x60              Src/dma.o
hdma_adc1           0x60              Src/adc.o

Discarded input sections

 .text          0x00000000        0x0 d:/eclipse/plugins/fr.ac6.mcu.externaltools.arm-none.win32_1.16.0.201807130628/tools/compiler/bin/../lib/gcc/arm-none-eabi/7.2.1/thumb/v7e-m/fpv5/hard/crti.o
 .data          0x00000000        0x0 d:/eclipse/plugins/fr.ac6.mcu.externaltools.arm-none.win32_1.16.0.201807130628/tools/compiler/bin/../lib/gcc/arm-none-eabi/7.2.1/thumb/v7e-m/fpv5/hard/crti.o
 .bss           0x00000000        0x0 d:/eclipse/plugins/fr.ac6.mcu.externaltools.arm-none.win32_1.16.0.201807130628/tools/compiler/bin/../lib/gcc/arm-none-eabi/7.2.1/thumb/v7e-m/fpv5/hard/crti.o
 .data          0x00000000        0x4 d:/eclipse/plugins/fr.ac6.mcu.externaltools.arm-none.win32_1.16.0.201807130628/tools/compiler/bin/../lib/gcc/arm-none-eabi/7.2.1/thumb/v7e-m/fpv5/hard/crtbegin.o
 .text          0x00000000       0x74 d:/eclipse/plugins/fr.ac6.mcu.externaltools.arm-none.win32_1.16.0.201807130628/tools/compiler/bin/../lib/gcc/arm-none-eabi/7.2.1/../../../../arm-none-eabi/lib/thumb/v7e-m/fpv5/hard/crt0.o
[...]
Memory Configuration

Name             Origin             Length             Attributes
RAM              0x20000000         0x00080000         xrw
FLASH            0x08000000         0x00200000         xr
*default*        0x00000000         0xffffffff

Linker script and memory map

LOAD d:/eclipse/plugins/fr.ac6.mcu.externaltools.arm-none.win32_1.16.0.201807130628/tools/compiler/bin/../lib/gcc/arm-none-eabi/7.2.1/thumb/v7e-m/fpv5/hard/crti.o
LOAD d:/eclipse/plugins/fr.ac6.mcu.externaltools.arm-none.win32_1.16.0.201807130628/tools/compiler/bin/../lib/gcc/arm-none-eabi/7.2.1/thumb/v7e-m/fpv5/hard/crtbegin.o
LOAD d:/eclipse/plugins/fr.ac6.mcu.externaltools.arm-none.win32_1.16.0.201807130628/tools/compiler/bin/../lib/gcc/arm-none-eabi/7.2.1/../../../../arm-none-eabi/lib/thumb/v7e-m/fpv5/hard/crt0.o
LOAD Drivers/STM32F7xx_HAL_Driver/Src/stm32f7xx_hal.o
LOAD Drivers/STM32F7xx_HAL_Driver/Src/stm32f7xx_hal_adc.o
LOAD Drivers/STM32F7xx_HAL_Driver/Src/stm32f7xx_hal_adc_ex.o
LOAD Drivers/STM32F7xx_HAL_Driver/Src/stm32f7xx_hal_cortex.o
LOAD Drivers/STM32F7xx_HAL_Driver/Src/stm32f7xx_hal_dma.o
LOAD Drivers/STM32F7xx_HAL_Driver/Src/stm32f7xx_hal_dma_ex.o
LOAD Drivers/STM32F7xx_HAL_Driver/Src/stm32f7xx_hal_flash.o
LOAD Drivers/STM32F7xx_HAL_Driver/Src/stm32f7xx_hal_flash_ex.o
LOAD Drivers/STM32F7xx_HAL_Driver/Src/stm32f7xx_hal_gpio.o
LOAD Drivers/STM32F7xx_HAL_Driver/Src/stm32f7xx_hal_i2c.o
LOAD Drivers/STM32F7xx_HAL_Driver/Src/stm32f7xx_hal_i2c_ex.o
LOAD Drivers/STM32F7xx_HAL_Driver/Src/stm32f7xx_hal_pwr.o
LOAD Drivers/STM32F7xx_HAL_Driver/Src/stm32f7xx_hal_pwr_ex.o
LOAD Drivers/STM32F7xx_HAL_Driver/Src/stm32f7xx_hal_rcc.o
LOAD Drivers/STM32F7xx_HAL_Driver/Src/stm32f7xx_hal_rcc_ex.o
LOAD Drivers/STM32F7xx_HAL_Driver/Src/stm32f7xx_hal_tim.o
LOAD Drivers/STM32F7xx_HAL_Driver/Src/stm32f7xx_hal_tim_ex.o
LOAD Src/adc.o
LOAD Src/dma.o
LOAD Src/gpio.o
LOAD Src/main.o
LOAD Src/stm32f7xx_hal_msp.o
LOAD Src/stm32f7xx_it.o
LOAD Src/system_stm32f7xx.o
LOAD startup/startup_stm32f767xx.o
LOAD d:/eclipse/plugins/fr.ac6.mcu.externaltools.arm-none.win32_1.16.0.201807130628/tools/compiler/bin/../lib/gcc/arm-none-eabi/7.2.1/../../../../arm-none-eabi/lib/thumb/v7e-m/fpv5/hard\libm.a
START GROUP
LOAD d:/eclipse/plugins/fr.ac6.mcu.externaltools.arm-none.win32_1.16.0.201807130628/tools/compiler/bin/../lib/gcc/arm-none-eabi/7.2.1/thumb/v7e-m/fpv5/hard\libgcc.a
LOAD d:/eclipse/plugins/fr.ac6.mcu.externaltools.arm-none.win32_1.16.0.201807130628/tools/compiler/bin/../lib/gcc/arm-none-eabi/7.2.1/../../../../arm-none-eabi/lib/thumb/v7e-m/fpv5/hard\libc_nano.a
END GROUP
START GROUP
LOAD d:/eclipse/plugins/fr.ac6.mcu.externaltools.arm-none.win32_1.16.0.201807130628/tools/compiler/bin/../lib/gcc/arm-none-eabi/7.2.1/thumb/v7e-m/fpv5/hard\libgcc.a
LOAD d:/eclipse/plugins/fr.ac6.mcu.externaltools.arm-none.win32_1.16.0.201807130628/tools/compiler/bin/../lib/gcc/arm-none-eabi/7.2.1/../../../../arm-none-eabi/lib/thumb/v7e-m/fpv5/hard\libc_nano.a
LOAD d:/eclipse/plugins/fr.ac6.mcu.externaltools.arm-none.win32_1.16.0.201807130628/tools/compiler/bin/../lib/gcc/arm-none-eabi/7.2.1/../../../../arm-none-eabi/lib/thumb/v7e-m/fpv5/hard\libnosys.a
END GROUP
START GROUP
LOAD d:/eclipse/plugins/fr.ac6.mcu.externaltools.arm-none.win32_1.16.0.201807130628/tools/compiler/bin/../lib/gcc/arm-none-eabi/7.2.1/thumb/v7e-m/fpv5/hard\libgcc.a
LOAD d:/eclipse/plugins/fr.ac6.mcu.externaltools.arm-none.win32_1.16.0.201807130628/tools/compiler/bin/../lib/gcc/arm-none-eabi/7.2.1/../../../../arm-none-eabi/lib/thumb/v7e-m/fpv5/hard\libc_nano.a
LOAD d:/eclipse/plugins/fr.ac6.mcu.externaltools.arm-none.win32_1.16.0.201807130628/tools/compiler/bin/../lib/gcc/arm-none-eabi/7.2.1/../../../../arm-none-eabi/lib/thumb/v7e-m/fpv5/hard\libnosys.a
END GROUP
LOAD d:/eclipse/plugins/fr.ac6.mcu.externaltools.arm-none.win32_1.16.0.201807130628/tools/compiler/bin/../lib/gcc/arm-none-eabi/7.2.1/thumb/v7e-m/fpv5/hard/crtend.o
LOAD d:/eclipse/plugins/fr.ac6.mcu.externaltools.arm-none.win32_1.16.0.201807130628/tools/compiler/bin/../lib/gcc/arm-none-eabi/7.2.1/thumb/v7e-m/fpv5/hard/crtn.o
                0x20080000                _estack = 0x20080000
                0x00000200                _Min_Heap_Size = 0x200
                0x00000400                _Min_Stack_Size = 0x400

.isr_vector     0x08000000      0x1f8
                0x08000000                . = ALIGN (0x4)
 *(.isr_vector)
 .isr_vector    0x08000000      0x1f8 startup/startup_stm32f767xx.o
                0x08000000                g_pfnVectors
                0x080001f8                . = ALIGN (0x4)

.text           0x080001f8     0x1b60
                0x080001f8                . = ALIGN (0x4)
 *(.text)
 .text          0x080001f8       0x40 d:/eclipse/plugins/fr.ac6.mcu.externaltools.arm-none.win32_1.16.0.201807130628/tools/compiler/bin/../lib/gcc/arm-none-eabi/7.2.1/thumb/v7e-m/fpv5/hard/crtbegin.o
 .text          0x08000238       0x30 d:/eclipse/plugins/fr.ac6.mcu.externaltools.arm-none.win32_1.16.0.201807130628/tools/compiler/bin/../lib/gcc/arm-none-eabi/7.2.1/thumb/v7e-m/fpv5/hard\libgcc.a(_aeabi_uldivmod.o)
                0x08000238                __aeabi_uldivmod
 .text          0x08000268      0x2cc d:/eclipse/plugins/fr.ac6.mcu.externaltools.arm-none.win32_1.16.0.201807130628/tools/compiler/bin/../lib/gcc/arm-none-eabi/7.2.1/thumb/v7e-m/fpv5/hard\libgcc.a(_udivmoddi4.o)
                0x08000268                __udivmoddi4
 .text          0x08000534        0x4 d:/eclipse/plugins/fr.ac6.mcu.externaltools.arm-none.win32_1.16.0.201807130628/tools/compiler/bin/../lib/gcc/arm-none-eabi/7.2.1/thumb/v7e-m/fpv5/hard\libgcc.a(_dvmd_tls.o)
                0x08000534                __aeabi_idiv0
                0x08000534                __aeabi_ldiv0
 *(.text*)
 .text.HAL_InitTick
                0x08000538       0x48 Drivers/STM32F7xx_HAL_Driver/Src/stm32f7xx_hal.o
                0x08000538                HAL_InitTick
 .text.HAL_Init
                0x08000580       0x16 Drivers/STM32F7xx_HAL_Driver/Src/stm32f7xx_hal.o
                0x08000580                HAL_Init
 *fill*         0x08000596        0x2 
 .text.HAL_IncTick
                0x08000598       0x18 Drivers/STM32F7xx_HAL_Driver/Src/stm32f7xx_hal.o
                0x08000598                HAL_IncTick
 .text.HAL_GetTick
                0x080005b0        0xc Drivers/STM32F7xx_HAL_Driver/Src/stm32f7xx_hal.o
                0x080005b0                HAL_GetTick
 .text.ADC_Init
                0x080005bc      0x130 Drivers/STM32F7xx_HAL_Driver/Src/stm32f7xx_hal_adc.o
 .text.HAL_ADC_Init
                0x080006ec       0x54 Drivers/STM32F7xx_HAL_Driver/Src/stm32f7xx_hal_adc.o
                0x080006ec                HAL_ADC_Init
 .text.HAL_ADC_Start_DMA
                0x08000740      0x140 Drivers/STM32F7xx_HAL_Driver/Src/stm32f7xx_hal_adc.o
                0x08000740                HAL_ADC_Start_DMA
 .text.ADC_DMAConvCplt
                0x08000880       0x62 Drivers/STM32F7xx_HAL_Driver/Src/stm32f7xx_hal_adc.o
 .text.HAL_ADC_ConvHalfCpltCallback
                0x080008e2        0x2 Drivers/STM32F7xx_HAL_Driver/Src/stm32f7xx_hal_adc.o
                0x080008e2                HAL_ADC_ConvHalfCpltCallback
 .text.ADC_DMAHalfConvCplt
                0x080008e4        0xa Drivers/STM32F7xx_HAL_Driver/Src/stm32f7xx_hal_adc.o
 .text.HAL_ADC_ErrorCallback
                0x080008ee        0x2 Drivers/STM32F7xx_HAL_Driver/Src/stm32f7xx_hal_adc.o
                0x080008ee                HAL_ADC_ErrorCallback
 .text.ADC_DMAError
                0x080008f0       0x16 Drivers/STM32F7xx_HAL_Driver/Src/stm32f7xx_hal_adc.o
 *fill*         0x08000906        0x2 
 .text.HAL_ADC_ConfigChannel
                0x08000908      0x1ac Drivers/STM32F7xx_HAL_Driver/Src/stm32f7xx_hal_adc.o
                0x08000908                HAL_ADC_ConfigChannel
 .text.HAL_NVIC_SetPriorityGrouping
                0x08000ab4       0x24 Drivers/STM32F7xx_HAL_Driver/Src/stm32f7xx_hal_cortex.o
                0x08000ab4                HAL_NVIC_SetPriorityGrouping
 .text.HAL_NVIC_SetPriority
                0x08000ad8       0x64 Drivers/STM32F7xx_HAL_Driver/Src/stm32f7xx_hal_cortex.o
                0x08000ad8                HAL_NVIC_SetPriority
 .text.HAL_NVIC_EnableIRQ
                0x08000b3c       0x18 Drivers/STM32F7xx_HAL_Driver/Src/stm32f7xx_hal_cortex.o
                0x08000b3c                HAL_NVIC_EnableIRQ
 .text.HAL_SYSTICK_Config
                0x08000b54       0x2c Drivers/STM32F7xx_HAL_Driver/Src/stm32f7xx_hal_cortex.o
                0x08000b54                HAL_SYSTICK_Config
 .text.HAL_SYSTICK_CLKSourceConfig
                0x08000b80       0x20 Drivers/STM32F7xx_HAL_Driver/Src/stm32f7xx_hal_cortex.o
                0x08000b80                HAL_SYSTICK_CLKSourceConfig
 .text.HAL_SYSTICK_Callback
                0x08000ba0        0x2 Drivers/STM32F7xx_HAL_Driver/Src/stm32f7xx_hal_cortex.o
                0x08000ba0                HAL_SYSTICK_Callback
 .text.HAL_SYSTICK_IRQHandler
                0x08000ba2        0x8 Drivers/STM32F7xx_HAL_Driver/Src/stm32f7xx_hal_cortex.o
                0x08000ba2                HAL_SYSTICK_IRQHandler
 .text.DMA_SetConfig
                0x08000baa       0x2c Drivers/STM32F7xx_HAL_Driver/Src/stm32f7xx_hal_dma.o
 *fill*         0x08000bd6        0x2 
 .text.DMA_CalcBaseAndBitshift
                0x08000bd8       0x38 Drivers/STM32F7xx_HAL_Driver/Src/stm32f7xx_hal_dma.o
 .text.DMA_CheckFifoParam
                0x08000c10       0x8e Drivers/STM32F7xx_HAL_Driver/Src/stm32f7xx_hal_dma.o
 *fill*         0x08000c9e        0x2 
 .text.HAL_DMA_Init
                0x08000ca0       0xcc Drivers/STM32F7xx_HAL_Driver/Src/stm32f7xx_hal_dma.o
                0x08000ca0                HAL_DMA_Init
 .text.HAL_DMA_Start_IT
                0x08000d6c       0x74 Drivers/STM32F7xx_HAL_Driver/Src/stm32f7xx_hal_dma.o
                0x08000d6c                HAL_DMA_Start_IT
 .text.HAL_DMA_IRQHandler
                0x08000de0      0x1dc Drivers/STM32F7xx_HAL_Driver/Src/stm32f7xx_hal_dma.o
                0x08000de0                HAL_DMA_IRQHandler
 .text.HAL_GPIO_Init
                0x08000fbc      0x1e0 Drivers/STM32F7xx_HAL_Driver/Src/stm32f7xx_hal_gpio.o
                0x08000fbc                HAL_GPIO_Init
 .text.HAL_GPIO_WritePin
                0x0800119c        0xc Drivers/STM32F7xx_HAL_Driver/Src/stm32f7xx_hal_gpio.o
                0x0800119c                HAL_GPIO_WritePin
 .text.HAL_PWREx_EnableOverDrive
                0x080011a8       0x7c Drivers/STM32F7xx_HAL_Driver/Src/stm32f7xx_hal_pwr_ex.o
                0x080011a8                HAL_PWREx_EnableOverDrive
 .text.HAL_RCC_OscConfig
                0x08001224      0x3d4 Drivers/STM32F7xx_HAL_Driver/Src/stm32f7xx_hal_rcc.o
                0x08001224                HAL_RCC_OscConfig
 .text.HAL_RCC_GetSysClockFreq
                0x080015f8       0xa8 Drivers/STM32F7xx_HAL_Driver/Src/stm32f7xx_hal_rcc.o
                0x080015f8                HAL_RCC_GetSysClockFreq
 .text.HAL_RCC_ClockConfig
                0x080016a0      0x164 Drivers/STM32F7xx_HAL_Driver/Src/stm32f7xx_hal_rcc.o
                0x080016a0                HAL_RCC_ClockConfig
 .text.HAL_RCC_GetHCLKFreq
                0x08001804        0xc Drivers/STM32F7xx_HAL_Driver/Src/stm32f7xx_hal_rcc.o
                0x08001804                HAL_RCC_GetHCLKFreq
 .text.MX_ADC1_Init
                0x08001810       0x90 Src/adc.o
                0x08001810                MX_ADC1_Init
 .text.HAL_ADC_MspInit
                0x080018a0       0x90 Src/adc.o
                0x080018a0                HAL_ADC_MspInit
 .text.MX_DMA_Init
                0x08001930       0x7c Src/dma.o
                0x08001930                MX_DMA_Init
 .text.MX_GPIO_Init
                0x080019ac       0x5c Src/gpio.o
                0x080019ac                MX_GPIO_Init
 .text.HAL_ADC_ConvCpltCallback
                0x08001a08       0x84 Src/main.o
                0x08001a08                HAL_ADC_ConvCpltCallback
 .text._Error_Handler
                0x08001a8c        0x2 Src/main.o
                0x08001a8c                _Error_Handler
 *fill*         0x08001a8e        0x2 
 .text.SystemClock_Config
                0x08001a90       0xcc Src/main.o
                0x08001a90                SystemClock_Config
 .text.main     0x08001b5c       0x3c Src/main.o
                0x08001b5c                main
 .text.HAL_MspInit
                0x08001b98       0x90 Src/stm32f7xx_hal_msp.o
                0x08001b98                HAL_MspInit
 .text.NMI_Handler
                0x08001c28        0x2 Src/stm32f7xx_it.o
                0x08001c28                NMI_Handler
 .text.HardFault_Handler
                0x08001c2a        0x2 Src/stm32f7xx_it.o
                0x08001c2a                HardFault_Handler
 .text.MemManage_Handler
                0x08001c2c        0x2 Src/stm32f7xx_it.o
                0x08001c2c                MemManage_Handler
 .text.BusFault_Handler
                0x08001c2e        0x2 Src/stm32f7xx_it.o
                0x08001c2e                BusFault_Handler
 .text.UsageFault_Handler
                0x08001c30        0x2 Src/stm32f7xx_it.o
                0x08001c30                UsageFault_Handler
 .text.SVC_Handler
                0x08001c32        0x2 Src/stm32f7xx_it.o
                0x08001c32                SVC_Handler
 .text.DebugMon_Handler
                0x08001c34        0x2 Src/stm32f7xx_it.o
                0x08001c34                DebugMon_Handler
 .text.PendSV_Handler
                0x08001c36        0x2 Src/stm32f7xx_it.o
                0x08001c36                PendSV_Handler
 .text.SysTick_Handler
                0x08001c38        0xc Src/stm32f7xx_it.o
                0x08001c38                SysTick_Handler
 .text.DMA2_Stream0_IRQHandler
                0x08001c44       0x10 Src/stm32f7xx_it.o
                0x08001c44                DMA2_Stream0_IRQHandler
 .text.SystemInit
                0x08001c54       0x50 Src/system_stm32f7xx.o
                0x08001c54                SystemInit
 .text.Reset_Handler
                0x08001ca4       0x50 startup/startup_stm32f767xx.o
                0x08001ca4                Reset_Handler
 .text.Default_Handler
                0x08001cf4        0x2 startup/startup_stm32f767xx.o
                0x08001cf4                RTC_Alarm_IRQHandler
                0x08001cf4                EXTI2_IRQHandler
                0x08001cf4                TIM8_CC_IRQHandler
                0x08001cf4                UART8_IRQHandler
                0x08001cf4                SPI4_IRQHandler
                0x08001cf4                TIM1_CC_IRQHandler
                0x08001cf4                DMA2_Stream5_IRQHandler
                0x08001cf4                JPEG_IRQHandler
                0x08001cf4                DMA1_Stream5_IRQHandler
                0x08001cf4                CAN3_RX1_IRQHandler
                0x08001cf4                PVD_IRQHandler
                0x08001cf4                TAMP_STAMP_IRQHandler
                0x08001cf4                CAN2_RX1_IRQHandler
                0x08001cf4                EXTI3_IRQHandler
                0x08001cf4                TIM8_TRG_COM_TIM14_IRQHandler
                0x08001cf4                DFSDM1_FLT1_IRQHandler
                0x08001cf4                TIM1_UP_TIM10_IRQHandler
                0x08001cf4                TIM8_UP_TIM13_IRQHandler
                0x08001cf4                I2C3_ER_IRQHandler
                0x08001cf4                DFSDM1_FLT2_IRQHandler
                0x08001cf4                EXTI0_IRQHandler
                0x08001cf4                I2C2_EV_IRQHandler
                0x08001cf4                DMA1_Stream2_IRQHandler
                0x08001cf4                CAN1_RX0_IRQHandler
                0x08001cf4                FPU_IRQHandler
                0x08001cf4                OTG_HS_WKUP_IRQHandler
                0x08001cf4                CAN3_SCE_IRQHandler
                0x08001cf4                LTDC_ER_IRQHandler
                0x08001cf4                CAN2_SCE_IRQHandler
                0x08001cf4                DMA2_Stream2_IRQHandler
                0x08001cf4                SPI1_IRQHandler
                0x08001cf4                TIM6_DAC_IRQHandler
                0x08001cf4                TIM1_BRK_TIM9_IRQHandler
                0x08001cf4                DCMI_IRQHandler
                0x08001cf4                CAN2_RX0_IRQHandler
                0x08001cf4                DMA2_Stream3_IRQHandler
                0x08001cf4                SAI2_IRQHandler
                0x08001cf4                DFSDM1_FLT3_IRQHandler
                0x08001cf4                USART6_IRQHandler
                0x08001cf4                CAN3_RX0_IRQHandler
                0x08001cf4                USART3_IRQHandler
                0x08001cf4                CAN1_RX1_IRQHandler
                0x08001cf4                UART5_IRQHandler
                0x08001cf4                TIM4_IRQHandler
                0x08001cf4                QUADSPI_IRQHandler
                0x08001cf4                I2C1_EV_IRQHandler
                0x08001cf4                DMA1_Stream6_IRQHandler
                0x08001cf4                DMA1_Stream1_IRQHandler
                0x08001cf4                UART4_IRQHandler
                0x08001cf4                TIM3_IRQHandler
                0x08001cf4                RCC_IRQHandler
                0x08001cf4                TIM8_BRK_TIM12_IRQHandler
                0x08001cf4                Default_Handler
                0x08001cf4                CEC_IRQHandler
                0x08001cf4                EXTI15_10_IRQHandler
                0x08001cf4                ADC_IRQHandler
                0x08001cf4                DMA1_Stream7_IRQHandler
                0x08001cf4                SPI5_IRQHandler
                0x08001cf4                TIM7_IRQHandler
                0x08001cf4                SDMMC1_IRQHandler
                0x08001cf4                CAN2_TX_IRQHandler
                0x08001cf4                TIM5_IRQHandler
                0x08001cf4                DMA2_Stream7_IRQHandler
                0x08001cf4                I2C3_EV_IRQHandler
                0x08001cf4                EXTI9_5_IRQHandler
                0x08001cf4                RTC_WKUP_IRQHandler
                0x08001cf4                LTDC_IRQHandler
                0x08001cf4                ETH_WKUP_IRQHandler
                0x08001cf4                SPDIF_RX_IRQHandler
                0x08001cf4                SPI2_IRQHandler
                0x08001cf4                OTG_HS_EP1_IN_IRQHandler
                0x08001cf4                DMA1_Stream0_IRQHandler
                0x08001cf4                CAN1_TX_IRQHandler
                0x08001cf4                EXTI4_IRQHandler
                0x08001cf4                RNG_IRQHandler
                0x08001cf4                ETH_IRQHandler
                0x08001cf4                OTG_HS_EP1_OUT_IRQHandler
                0x08001cf4                WWDG_IRQHandler
                0x08001cf4                SPI6_IRQHandler
                0x08001cf4                MDIOS_IRQHandler
                0x08001cf4                I2C4_EV_IRQHandler
                0x08001cf4                CAN3_TX_IRQHandler
                0x08001cf4                TIM2_IRQHandler
                0x08001cf4                OTG_FS_WKUP_IRQHandler
                0x08001cf4                TIM1_TRG_COM_TIM11_IRQHandler
                0x08001cf4                OTG_HS_IRQHandler
                0x08001cf4                DMA2D_IRQHandler
                0x08001cf4                EXTI1_IRQHandler
                0x08001cf4                SDMMC2_IRQHandler
                0x08001cf4                UART7_IRQHandler
                0x08001cf4                USART2_IRQHandler
                0x08001cf4                DFSDM1_FLT0_IRQHandler
                0x08001cf4                I2C2_ER_IRQHandler
                0x08001cf4                DMA2_Stream1_IRQHandler
                0x08001cf4                CAN1_SCE_IRQHandler
                0x08001cf4                FLASH_IRQHandler
                0x08001cf4                DMA2_Stream4_IRQHandler
                0x08001cf4                USART1_IRQHandler
                0x08001cf4                OTG_FS_IRQHandler
                0x08001cf4                SPI3_IRQHandler
                0x08001cf4                DMA1_Stream4_IRQHandler
                0x08001cf4                I2C1_ER_IRQHandler
                0x08001cf4                FMC_IRQHandler
                0x08001cf4                LPTIM1_IRQHandler
                0x08001cf4                I2C4_ER_IRQHandler
                0x08001cf4                DMA2_Stream6_IRQHandler
                0x08001cf4                SAI1_IRQHandler
                0x08001cf4                DMA1_Stream3_IRQHandler
 *fill*         0x08001cf6        0x2 
 .text.__libc_init_array
                0x08001cf8       0x48 d:/eclipse/plugins/fr.ac6.mcu.externaltools.arm-none.win32_1.16.0.201807130628/tools/compiler/bin/../lib/gcc/arm-none-eabi/7.2.1/../../../../arm-none-eabi/lib/thumb/v7e-m/fpv5/hard\libc_nano.a(lib_a-init.o)
                0x08001cf8                __libc_init_array
 *(.glue_7)
 .glue_7        0x08001d40        0x0 linker stubs
 *(.glue_7t)
 .glue_7t       0x08001d40        0x0 linker stubs
 *(.eh_frame)
 .eh_frame      0x08001d40        0x0 d:/eclipse/plugins/fr.ac6.mcu.externaltools.arm-none.win32_1.16.0.201807130628/tools/compiler/bin/../lib/gcc/arm-none-eabi/7.2.1/thumb/v7e-m/fpv5/hard/crtbegin.o
 *(.init)
 .init          0x08001d40        0x4 d:/eclipse/plugins/fr.ac6.mcu.externaltools.arm-none.win32_1.16.0.201807130628/tools/compiler/bin/../lib/gcc/arm-none-eabi/7.2.1/thumb/v7e-m/fpv5/hard/crti.o
                0x08001d40                _init
 .init          0x08001d44        0x8 d:/eclipse/plugins/fr.ac6.mcu.externaltools.arm-none.win32_1.16.0.201807130628/tools/compiler/bin/../lib/gcc/arm-none-eabi/7.2.1/thumb/v7e-m/fpv5/hard/crtn.o
 *(.fini)
 .fini          0x08001d4c        0x4 d:/eclipse/plugins/fr.ac6.mcu.externaltools.arm-none.win32_1.16.0.201807130628/tools/compiler/bin/../lib/gcc/arm-none-eabi/7.2.1/thumb/v7e-m/fpv5/hard/crti.o
                0x08001d4c                _fini
 .fini          0x08001d50        0x8 d:/eclipse/plugins/fr.ac6.mcu.externaltools.arm-none.win32_1.16.0.201807130628/tools/compiler/bin/../lib/gcc/arm-none-eabi/7.2.1/thumb/v7e-m/fpv5/hard/crtn.o
                0x08001d58                . = ALIGN (0x4)
                0x08001d58                _etext = .

.vfp11_veneer   0x08001d58        0x0
 .vfp11_veneer  0x08001d58        0x0 linker stubs

.v4_bx          0x08001d58        0x0
 .v4_bx         0x08001d58        0x0 linker stubs

.iplt           0x08001d58        0x0
 .iplt          0x08001d58        0x0 d:/eclipse/plugins/fr.ac6.mcu.externaltools.arm-none.win32_1.16.0.201807130628/tools/compiler/bin/../lib/gcc/arm-none-eabi/7.2.1/thumb/v7e-m/fpv5/hard/crtbegin.o

.rodata         0x08001d58       0x50
                0x08001d58                . = ALIGN (0x4)
 *(.rodata)
 .rodata        0x08001d58        0x8 Drivers/STM32F7xx_HAL_Driver/Src/stm32f7xx_hal_dma.o
 .rodata        0x08001d60       0x18 Src/system_stm32f7xx.o
                0x08001d60                AHBPrescTable
                0x08001d70                APBPrescTable
 *(.rodata*)
 .rodata.str1.4
                0x08001d78        0xd Src/adc.o
 *fill*         0x08001d85        0x3 
 .rodata.str1.4
                0x08001d88        0xd Src/dma.o
 *fill*         0x08001d95        0x3 
 .rodata.str1.4
                0x08001d98       0x10 Src/main.o
                                  0xe (size before relaxing)
                0x08001da8                . = ALIGN (0x4)

.ARM.extab
 *(.ARM.extab* .gnu.linkonce.armextab.*)

.ARM            0x08001da8        0x8
                0x08001da8                __exidx_start = .
 *(.ARM.exidx*)
 .ARM.exidx     0x08001da8        0x8 d:/eclipse/plugins/fr.ac6.mcu.externaltools.arm-none.win32_1.16.0.201807130628/tools/compiler/bin/../lib/gcc/arm-none-eabi/7.2.1/thumb/v7e-m/fpv5/hard\libgcc.a(_udivmoddi4.o)
                0x08001db0                __exidx_end = .

.rel.dyn        0x08001db0        0x0
 .rel.iplt      0x08001db0        0x0 d:/eclipse/plugins/fr.ac6.mcu.externaltools.arm-none.win32_1.16.0.201807130628/tools/compiler/bin/../lib/gcc/arm-none-eabi/7.2.1/thumb/v7e-m/fpv5/hard/crtbegin.o

.preinit_array  0x08001db0        0x0
                0x08001db0                PROVIDE (__preinit_array_start, .)
 *(.preinit_array*)
                0x08001db0                PROVIDE (__preinit_array_end, .)

.init_array     0x08001db0        0x4
                0x08001db0                PROVIDE (__init_array_start, .)
 *(SORT_BY_NAME(.init_array.*))
 *(.init_array*)
 .init_array    0x08001db0        0x4 d:/eclipse/plugins/fr.ac6.mcu.externaltools.arm-none.win32_1.16.0.201807130628/tools/compiler/bin/../lib/gcc/arm-none-eabi/7.2.1/thumb/v7e-m/fpv5/hard/crtbegin.o
                0x08001db4                PROVIDE (__init_array_end, .)

.fini_array     0x08001db4        0x4
                [!provide]                PROVIDE (__fini_array_start, .)
 *(SORT_BY_NAME(.fini_array.*))
 *(.fini_array*)
 .fini_array    0x08001db4        0x4 d:/eclipse/plugins/fr.ac6.mcu.externaltools.arm-none.win32_1.16.0.201807130628/tools/compiler/bin/../lib/gcc/arm-none-eabi/7.2.1/thumb/v7e-m/fpv5/hard/crtbegin.o
                [!provide]                PROVIDE (__fini_array_end, .)
                0x08001db8                _sidata = LOADADDR (.data)

.data           0x20000000       0x14 load address 0x08001db8
                0x20000000                . = ALIGN (0x4)
                0x20000000                _sdata = .
 *(.data)
 .data          0x20000000        0x8 Drivers/STM32F7xx_HAL_Driver/Src/stm32f7xx_hal.o
                0x20000000                uwTickFreq
                0x20000004                uwTickPrio
 .data          0x20000008        0x8 Src/main.o
                0x20000008                RefV
                0x2000000c                Resolution
 .data          0x20000010        0x4 Src/system_stm32f7xx.o
                0x20000010                SystemCoreClock
 *(.data*)
                0x20000014                . = ALIGN (0x4)
                0x20000014                _edata = .

.igot.plt       0x20000014        0x0 load address 0x08001dcc
 .igot.plt      0x20000014        0x0 d:/eclipse/plugins/fr.ac6.mcu.externaltools.arm-none.win32_1.16.0.201807130628/tools/compiler/bin/../lib/gcc/arm-none-eabi/7.2.1/thumb/v7e-m/fpv5/hard/crtbegin.o
                0x20000014                . = ALIGN (0x4)

.bss            0x20000014      0x178 load address 0x08001dcc
                0x20000014                _sbss = .
                0x20000014                __bss_start__ = _sbss
 *(.bss)
 .bss           0x20000014       0x1c d:/eclipse/plugins/fr.ac6.mcu.externaltools.arm-none.win32_1.16.0.201807130628/tools/compiler/bin/../lib/gcc/arm-none-eabi/7.2.1/thumb/v7e-m/fpv5/hard/crtbegin.o
 .bss           0x20000030       0x50 Src/main.o
                0x20000030                ADC_results
                0x20000034                cnt
                0x20000038                MUX1
                0x2000005c                MUX2
 *(.bss*)
 *(COMMON)
 COMMON         0x20000080        0x4 Drivers/STM32F7xx_HAL_Driver/Src/stm32f7xx_hal.o
                0x20000080                uwTick
 COMMON         0x20000084       0xa8 Src/adc.o
                0x20000084                hadc1
                0x200000cc                hdma_adc1
 COMMON         0x2000012c       0x60 Src/dma.o
                0x2000012c                hdma_memtomem_dma2_stream1
                0x2000018c                . = ALIGN (0x4)
                0x2000018c                _ebss = .
                0x2000018c                __bss_end__ = _ebss

._user_heap_stack
                0x2000018c      0x604 load address 0x08001dcc
                0x20000190                . = ALIGN (0x8)
 *fill*         0x2000018c        0x4 
                [!provide]                PROVIDE (end, .)
                [!provide]                PROVIDE (_end, .)
                0x20000390                . = (. + _Min_Heap_Size)
 *fill*         0x20000190      0x200 
                0x20000790                . = (. + _Min_Stack_Size)
 *fill*         0x20000390      0x400 
                0x20000790                . = ALIGN (0x8)

/DISCARD/
 libc.a(*)
 libm.a(*)
 libgcc.a(*)

.ARM.attributes
                0x00000000       0x2e
 *(.ARM.attributes)
 .ARM.attributes
                0x00000000       0x20 d:/eclipse/plugins/fr.ac6.mcu.externaltools.arm-none.win32_1.16.0.201807130628/tools/compiler/bin/../lib/gcc/arm-none-eabi/7.2.1/thumb/v7e-m/fpv5/hard/crti.o
 .ARM.attributes
                0x00000020       0x32 d:/eclipse/plugins/fr.ac6.mcu.externaltools.arm-none.win32_1.16.0.201807130628/tools/compiler/bin/../lib/gcc/arm-none-eabi/7.2.1/thumb/v7e-m/fpv5/hard/crtbegin.o
 .ARM.attributes
                0x00000052       0x37 Drivers/STM32F7xx_HAL_Driver/Src/stm32f7xx_hal.o
 .ARM.attributes
                0x00000089       0x37 Drivers/STM32F7xx_HAL_Driver/Src/stm32f7xx_hal_adc.o
 .ARM.attributes
                0x000000c0       0x37 Drivers/STM32F7xx_HAL_Driver/Src/stm32f7xx_hal_cortex.o
 .ARM.attributes
                0x000000f7       0x37 Drivers/STM32F7xx_HAL_Driver/Src/stm32f7xx_hal_dma.o
 .ARM.attributes
                0x0000012e       0x37 Drivers/STM32F7xx_HAL_Driver/Src/stm32f7xx_hal_gpio.o
 .ARM.attributes
                0x00000165       0x37 Drivers/STM32F7xx_HAL_Driver/Src/stm32f7xx_hal_pwr_ex.o
 .ARM.attributes
                0x0000019c       0x37 Drivers/STM32F7xx_HAL_Driver/Src/stm32f7xx_hal_rcc.o
 .ARM.attributes
                0x000001d3       0x37 Src/adc.o
 .ARM.attributes
                0x0000020a       0x37 Src/dma.o
 .ARM.attributes
                0x00000241       0x37 Src/gpio.o
 .ARM.attributes
                0x00000278       0x37 Src/main.o
 .ARM.attributes
                0x000002af       0x37 Src/stm32f7xx_hal_msp.o
 .ARM.attributes
                0x000002e6       0x37 Src/stm32f7xx_it.o
 .ARM.attributes
                0x0000031d       0x37 Src/system_stm32f7xx.o
 .ARM.attributes
                0x00000354       0x21 startup/startup_stm32f767xx.o
 .ARM.attributes
                0x00000375       0x20 d:/eclipse/plugins/fr.ac6.mcu.externaltools.arm-none.win32_1.16.0.201807130628/tools/compiler/bin/../lib/gcc/arm-none-eabi/7.2.1/thumb/v7e-m/fpv5/hard\libgcc.a(_aeabi_uldivmod.o)
 .ARM.attributes
                0x00000395       0x32 d:/eclipse/plugins/fr.ac6.mcu.externaltools.arm-none.win32_1.16.0.201807130628/tools/compiler/bin/../lib/gcc/arm-none-eabi/7.2.1/thumb/v7e-m/fpv5/hard\libgcc.a(_udivmoddi4.o)
 .ARM.attributes
                0x000003c7       0x20 d:/eclipse/plugins/fr.ac6.mcu.externaltools.arm-none.win32_1.16.0.201807130628/tools/compiler/bin/../lib/gcc/arm-none-eabi/7.2.1/thumb/v7e-m/fpv5/hard\libgcc.a(_dvmd_tls.o)
 .ARM.attributes
                0x000003e7       0x32 d:/eclipse/plugins/fr.ac6.mcu.externaltools.arm-none.win32_1.16.0.201807130628/tools/compiler/bin/../lib/gcc/arm-none-eabi/7.2.1/../../../../arm-none-eabi/lib/thumb/v7e-m/fpv5/hard\libc_nano.a(lib_a-init.o)
 .ARM.attributes
                0x00000419       0x20 d:/eclipse/plugins/fr.ac6.mcu.externaltools.arm-none.win32_1.16.0.201807130628/tools/compiler/bin/../lib/gcc/arm-none-eabi/7.2.1/thumb/v7e-m/fpv5/hard/crtn.o
OUTPUT(GPIO_Counter_Test.elf elf32-littlearm)

.debug_info     0x00000000     0xfe83
 .debug_info    0x00000000     0x12ef Drivers/STM32F7xx_HAL_Driver/Src/stm32f7xx_hal.o
 .debug_info    0x000012ef     0x1593 Drivers/STM32F7xx_HAL_Driver/Src/stm32f7xx_hal_adc.o
 .debug_info    0x00002882     0x19b9 Drivers/STM32F7xx_HAL_Driver/Src/stm32f7xx_hal_cortex.o
 .debug_info    0x0000423b     0x127d Drivers/STM32F7xx_HAL_Driver/Src/stm32f7xx_hal_dma.o
 .debug_info    0x000054b8      0xfc7 Drivers/STM32F7xx_HAL_Driver/Src/stm32f7xx_hal_gpio.o
 .debug_info    0x0000647f     0x124b Drivers/STM32F7xx_HAL_Driver/Src/stm32f7xx_hal_pwr_ex.o
 .debug_info    0x000076ca     0x136a Drivers/STM32F7xx_HAL_Driver/Src/stm32f7xx_hal_rcc.o
 .debug_info    0x00008a34     0x133c Src/adc.o
 .debug_info    0x00009d70     0x1125 Src/dma.o
 .debug_info    0x0000ae95      0xcda Src/gpio.o
 .debug_info    0x0000bb6f     0x1837 Src/main.o
 .debug_info    0x0000d3a6      0xf20 Src/stm32f7xx_hal_msp.o
 .debug_info    0x0000e2c6      0xc89 Src/stm32f7xx_it.o
 .debug_info    0x0000ef4f      0xf12 Src/system_stm32f7xx.o
 .debug_info    0x0000fe61       0x22 startup/startup_stm32f767xx.o

.debug_abbrev   0x00000000     0x2593
 .debug_abbrev  0x00000000      0x2e5 Drivers/STM32F7xx_HAL_Driver/Src/stm32f7xx_hal.o
 .debug_abbrev  0x000002e5      0x2c0 Drivers/STM32F7xx_HAL_Driver/Src/stm32f7xx_hal_adc.o
 .debug_abbrev  0x000005a5      0x3d6 Drivers/STM32F7xx_HAL_Driver/Src/stm32f7xx_hal_cortex.o
 .debug_abbrev  0x0000097b      0x32a Drivers/STM32F7xx_HAL_Driver/Src/stm32f7xx_hal_dma.o
 .debug_abbrev  0x00000ca5      0x2a7 Drivers/STM32F7xx_HAL_Driver/Src/stm32f7xx_hal_gpio.o
 .debug_abbrev  0x00000f4c      0x2db Drivers/STM32F7xx_HAL_Driver/Src/stm32f7xx_hal_pwr_ex.o
 .debug_abbrev  0x00001227      0x356 Drivers/STM32F7xx_HAL_Driver/Src/stm32f7xx_hal_rcc.o
 .debug_abbrev  0x0000157d      0x274 Src/adc.o
 .debug_abbrev  0x000017f1      0x252 Src/dma.o
 .debug_abbrev  0x00001a43      0x22b Src/gpio.o
 .debug_abbrev  0x00001c6e      0x2ac Src/main.o
 .debug_abbrev  0x00001f1a      0x234 Src/stm32f7xx_hal_msp.o
 .debug_abbrev  0x0000214e      0x221 Src/stm32f7xx_it.o
 .debug_abbrev  0x0000236f      0x212 Src/system_stm32f7xx.o
 .debug_abbrev  0x00002581       0x12 startup/startup_stm32f767xx.o

.debug_loc      0x00000000     0x2727
 .debug_loc     0x00000000       0xfd Drivers/STM32F7xx_HAL_Driver/Src/stm32f7xx_hal.o
 .debug_loc     0x000000fd      0x82b Drivers/STM32F7xx_HAL_Driver/Src/stm32f7xx_hal_adc.o
 .debug_loc     0x00000928      0x5c0 Drivers/STM32F7xx_HAL_Driver/Src/stm32f7xx_hal_cortex.o
 .debug_loc     0x00000ee8      0xbc6 Drivers/STM32F7xx_HAL_Driver/Src/stm32f7xx_hal_dma.o
 .debug_loc     0x00001aae      0x469 Drivers/STM32F7xx_HAL_Driver/Src/stm32f7xx_hal_gpio.o
 .debug_loc     0x00001f17      0x198 Drivers/STM32F7xx_HAL_Driver/Src/stm32f7xx_hal_pwr_ex.o
 .debug_loc     0x000020af      0x4cf Drivers/STM32F7xx_HAL_Driver/Src/stm32f7xx_hal_rcc.o
 .debug_loc     0x0000257e       0x4a Src/adc.o
 .debug_loc     0x000025c8       0x21 Src/main.o
 .debug_loc     0x000025e9      0x13e Src/system_stm32f7xx.o

.debug_aranges  0x00000000      0x610
 .debug_aranges
                0x00000000      0x110 Drivers/STM32F7xx_HAL_Driver/Src/stm32f7xx_hal.o
 .debug_aranges
                0x00000110       0xe8 Drivers/STM32F7xx_HAL_Driver/Src/stm32f7xx_hal_adc.o
 .debug_aranges
                0x000001f8       0xa8 Drivers/STM32F7xx_HAL_Driver/Src/stm32f7xx_hal_cortex.o
 .debug_aranges
                0x000002a0       0x90 Drivers/STM32F7xx_HAL_Driver/Src/stm32f7xx_hal_dma.o
 .debug_aranges
                0x00000330       0x58 Drivers/STM32F7xx_HAL_Driver/Src/stm32f7xx_hal_gpio.o
 .debug_aranges
                0x00000388       0x80 Drivers/STM32F7xx_HAL_Driver/Src/stm32f7xx_hal_pwr_ex.o
 .debug_aranges
                0x00000408       0x88 Drivers/STM32F7xx_HAL_Driver/Src/stm32f7xx_hal_rcc.o
 .debug_aranges
                0x00000490       0x30 Src/adc.o
 .debug_aranges
                0x000004c0       0x20 Src/dma.o
 .debug_aranges
                0x000004e0       0x20 Src/gpio.o
 .debug_aranges
                0x00000500       0x38 Src/main.o
 .debug_aranges
                0x00000538       0x20 Src/stm32f7xx_hal_msp.o
 .debug_aranges
                0x00000558       0x68 Src/stm32f7xx_it.o
 .debug_aranges
                0x000005c0       0x28 Src/system_stm32f7xx.o
 .debug_aranges
                0x000005e8       0x28 startup/startup_stm32f767xx.o

.debug_ranges   0x00000000      0x588
 .debug_ranges  0x00000000      0x100 Drivers/STM32F7xx_HAL_Driver/Src/stm32f7xx_hal.o
 .debug_ranges  0x00000100       0xd8 Drivers/STM32F7xx_HAL_Driver/Src/stm32f7xx_hal_adc.o
 .debug_ranges  0x000001d8       0xf8 Drivers/STM32F7xx_HAL_Driver/Src/stm32f7xx_hal_cortex.o
 .debug_ranges  0x000002d0       0x80 Drivers/STM32F7xx_HAL_Driver/Src/stm32f7xx_hal_dma.o
 .debug_ranges  0x00000350       0x48 Drivers/STM32F7xx_HAL_Driver/Src/stm32f7xx_hal_gpio.o
 .debug_ranges  0x00000398       0x70 Drivers/STM32F7xx_HAL_Driver/Src/stm32f7xx_hal_pwr_ex.o
 .debug_ranges  0x00000408       0x78 Drivers/STM32F7xx_HAL_Driver/Src/stm32f7xx_hal_rcc.o
 .debug_ranges  0x00000480       0x20 Src/adc.o
 .debug_ranges  0x000004a0       0x10 Src/dma.o
 .debug_ranges  0x000004b0       0x10 Src/gpio.o
 .debug_ranges  0x000004c0       0x28 Src/main.o
 .debug_ranges  0x000004e8       0x10 Src/stm32f7xx_hal_msp.o
 .debug_ranges  0x000004f8       0x58 Src/stm32f7xx_it.o
 .debug_ranges  0x00000550       0x18 Src/system_stm32f7xx.o
 .debug_ranges  0x00000568       0x20 startup/startup_stm32f767xx.o

.debug_macro    0x00000000    0x26e9e
 .debug_macro   0x00000000      0x34d Drivers/STM32F7xx_HAL_Driver/Src/stm32f7xx_hal.o
 .debug_macro   0x0000034d      0xa6c Drivers/STM32F7xx_HAL_Driver/Src/stm32f7xx_hal.o
 .debug_macro   0x00000db9       0x10 Drivers/STM32F7xx_HAL_Driver/Src/stm32f7xx_hal.o
 .debug_macro   0x00000dc9      0x179 Drivers/STM32F7xx_HAL_Driver/Src/stm32f7xx_hal.o
 .debug_macro   0x00000f42       0x2e Drivers/STM32F7xx_HAL_Driver/Src/stm32f7xx_hal.o
 .debug_macro   0x00000f70       0x3b Drivers/STM32F7xx_HAL_Driver/Src/stm32f7xx_hal.o
 .debug_macro   0x00000fab       0x22 Drivers/STM32F7xx_HAL_Driver/Src/stm32f7xx_hal.o
 .debug_macro   0x00000fcd       0x87 Drivers/STM32F7xx_HAL_Driver/Src/stm32f7xx_hal.o
 .debug_macro   0x00001054       0x51 Drivers/STM32F7xx_HAL_Driver/Src/stm32f7xx_hal.o
 .debug_macro   0x000010a5       0xef Drivers/STM32F7xx_HAL_Driver/Src/stm32f7xx_hal.o
 .debug_macro   0x00001194       0x6a Drivers/STM32F7xx_HAL_Driver/Src/stm32f7xx_hal.o
 .debug_macro   0x000011fe      0x1df Drivers/STM32F7xx_HAL_Driver/Src/stm32f7xx_hal.o
 .debug_macro   0x000013dd       0x35 Drivers/STM32F7xx_HAL_Driver/Src/stm32f7xx_hal.o
 .debug_macro   0x00001412       0x50 Drivers/STM32F7xx_HAL_Driver/Src/stm32f7xx_hal.o
 .debug_macro   0x00001462     0x1114 Drivers/STM32F7xx_HAL_Driver/Src/stm32f7xx_hal.o
 .debug_macro   0x00002576    0x19f38 Drivers/STM32F7xx_HAL_Driver/Src/stm32f7xx_hal.o
 .debug_macro   0x0001c4ae       0x43 Drivers/STM32F7xx_HAL_Driver/Src/stm32f7xx_hal.o
 .debug_macro   0x0001c4f1     0x35cf Drivers/STM32F7xx_HAL_Driver/Src/stm32f7xx_hal.o
 .debug_macro   0x0001fac0       0x58 Drivers/STM32F7xx_HAL_Driver/Src/stm32f7xx_hal.o
 .debug_macro   0x0001fb18       0x17 Drivers/STM32F7xx_HAL_Driver/Src/stm32f7xx_hal.o
 .debug_macro   0x0001fb2f       0x35 Drivers/STM32F7xx_HAL_Driver/Src/stm32f7xx_hal.o
 .debug_macro   0x0001fb64       0x9c Drivers/STM32F7xx_HAL_Driver/Src/stm32f7xx_hal.o
 .debug_macro   0x0001fc00       0x16 Drivers/STM32F7xx_HAL_Driver/Src/stm32f7xx_hal.o
 .debug_macro   0x0001fc16       0x97 Drivers/STM32F7xx_HAL_Driver/Src/stm32f7xx_hal.o
 .debug_macro   0x0001fcad      0x330 Drivers/STM32F7xx_HAL_Driver/Src/stm32f7xx_hal.o
 .debug_macro   0x0001ffdd       0xfd Drivers/STM32F7xx_HAL_Driver/Src/stm32f7xx_hal.o
 .debug_macro   0x000200da       0x10 Drivers/STM32F7xx_HAL_Driver/Src/stm32f7xx_hal.o
 .debug_macro   0x000200ea       0x58 Drivers/STM32F7xx_HAL_Driver/Src/stm32f7xx_hal.o
 .debug_macro   0x00020142       0x1f Drivers/STM32F7xx_HAL_Driver/Src/stm32f7xx_hal.o
 .debug_macro   0x00020161       0x43 Drivers/STM32F7xx_HAL_Driver/Src/stm32f7xx_hal.o
 .debug_macro   0x000201a4       0x20 Drivers/STM32F7xx_HAL_Driver/Src/stm32f7xx_hal.o
 .debug_macro   0x000201c4      0x18e Drivers/STM32F7xx_HAL_Driver/Src/stm32f7xx_hal.o
 .debug_macro   0x00020352       0x10 Drivers/STM32F7xx_HAL_Driver/Src/stm32f7xx_hal.o
 .debug_macro   0x00020362       0x1c Drivers/STM32F7xx_HAL_Driver/Src/stm32f7xx_hal.o
 .debug_macro   0x0002037e       0x52 Drivers/STM32F7xx_HAL_Driver/Src/stm32f7xx_hal.o
 .debug_macro   0x000203d0       0x40 Drivers/STM32F7xx_HAL_Driver/Src/stm32f7xx_hal.o
 .debug_macro   0x00020410       0x10 Drivers/STM32F7xx_HAL_Driver/Src/stm32f7xx_hal.o
 .debug_macro   0x00020420       0x40 Drivers/STM32F7xx_HAL_Driver/Src/stm32f7xx_hal.o
 .debug_macro   0x00020460       0xd7 Drivers/STM32F7xx_HAL_Driver/Src/stm32f7xx_hal.o
 .debug_macro   0x00020537       0x1c Drivers/STM32F7xx_HAL_Driver/Src/stm32f7xx_hal.o
 .debug_macro   0x00020553       0x3d Drivers/STM32F7xx_HAL_Driver/Src/stm32f7xx_hal.o
 .debug_macro   0x00020590       0x16 Drivers/STM32F7xx_HAL_Driver/Src/stm32f7xx_hal.o
 .debug_macro   0x000205a6      0x16f Drivers/STM32F7xx_HAL_Driver/Src/stm32f7xx_hal.o
 .debug_macro   0x00020715       0x57 Drivers/STM32F7xx_HAL_Driver/Src/stm32f7xx_hal.o
 .debug_macro   0x0002076c     0x1add Drivers/STM32F7xx_HAL_Driver/Src/stm32f7xx_hal.o
 .debug_macro   0x00022249      0x6ca Drivers/STM32F7xx_HAL_Driver/Src/stm32f7xx_hal.o
 .debug_macro   0x00022913      0x11e Drivers/STM32F7xx_HAL_Driver/Src/stm32f7xx_hal.o
 .debug_macro   0x00022a31      0x277 Drivers/STM32F7xx_HAL_Driver/Src/stm32f7xx_hal.o
 .debug_macro   0x00022ca8       0x27 Drivers/STM32F7xx_HAL_Driver/Src/stm32f7xx_hal.o
 .debug_macro   0x00022ccf      0x24f Drivers/STM32F7xx_HAL_Driver/Src/stm32f7xx_hal.o
 .debug_macro   0x00022f1e       0x71 Drivers/STM32F7xx_HAL_Driver/Src/stm32f7xx_hal.o
 .debug_macro   0x00022f8f       0x58 Drivers/STM32F7xx_HAL_Driver/Src/stm32f7xx_hal.o
 .debug_macro   0x00022fe7      0x23a Drivers/STM32F7xx_HAL_Driver/Src/stm32f7xx_hal.o
 .debug_macro   0x00023221      0x408 Drivers/STM32F7xx_HAL_Driver/Src/stm32f7xx_hal.o
 .debug_macro   0x00023629      0x161 Drivers/STM32F7xx_HAL_Driver/Src/stm32f7xx_hal.o
 .debug_macro   0x0002378a      0x100 Drivers/STM32F7xx_HAL_Driver/Src/stm32f7xx_hal.o
 .debug_macro   0x0002388a      0x156 Drivers/STM32F7xx_HAL_Driver/Src/stm32f7xx_hal.o
 .debug_macro   0x000239e0      0x3de Drivers/STM32F7xx_HAL_Driver/Src/stm32f7xx_hal.o
 .debug_macro   0x00023dbe       0x12 Drivers/STM32F7xx_HAL_Driver/Src/stm32f7xx_hal.o
 .debug_macro   0x00023dd0      0x209 Drivers/STM32F7xx_HAL_Driver/Src/stm32f7xx_hal.o
 .debug_macro   0x00023fd9       0x61 Drivers/STM32F7xx_HAL_Driver/Src/stm32f7xx_hal.o
 .debug_macro   0x0002403a       0x90 Drivers/STM32F7xx_HAL_Driver/Src/stm32f7xx_hal.o
 .debug_macro   0x000240ca      0x132 Drivers/STM32F7xx_HAL_Driver/Src/stm32f7xx_hal.o
 .debug_macro   0x000241fc      0x10c Drivers/STM32F7xx_HAL_Driver/Src/stm32f7xx_hal.o
 .debug_macro   0x00024308       0x35 Drivers/STM32F7xx_HAL_Driver/Src/stm32f7xx_hal.o
 .debug_macro   0x0002433d      0x16c Drivers/STM32F7xx_HAL_Driver/Src/stm32f7xx_hal.o
 .debug_macro   0x000244a9      0x32a Drivers/STM32F7xx_HAL_Driver/Src/stm32f7xx_hal_adc.o
 .debug_macro   0x000247d3      0x329 Drivers/STM32F7xx_HAL_Driver/Src/stm32f7xx_hal_cortex.o
 .debug_macro   0x00024afc      0x330 Drivers/STM32F7xx_HAL_Driver/Src/stm32f7xx_hal_dma.o
 .debug_macro   0x00024e2c      0x361 Drivers/STM32F7xx_HAL_Driver/Src/stm32f7xx_hal_gpio.o
 .debug_macro   0x0002518d      0x341 Drivers/STM32F7xx_HAL_Driver/Src/stm32f7xx_hal_pwr_ex.o
 .debug_macro   0x000254ce      0x34d Drivers/STM32F7xx_HAL_Driver/Src/stm32f7xx_hal_rcc.o
 .debug_macro   0x0002581b      0x347 Src/adc.o
 .debug_macro   0x00025b62      0x333 Src/dma.o
 .debug_macro   0x00025e95      0x333 Src/gpio.o
 .debug_macro   0x000261c8      0x34b Src/main.o
 .debug_macro   0x00026513      0x329 Src/stm32f7xx_hal_msp.o
 .debug_macro   0x0002683c      0x333 Src/stm32f7xx_it.o
 .debug_macro   0x00026b6f      0x32f Src/system_stm32f7xx.o

.debug_line     0x00000000     0x8103
 .debug_line    0x00000000      0xa17 Drivers/STM32F7xx_HAL_Driver/Src/stm32f7xx_hal.o
 .debug_line    0x00000a17      0xc31 Drivers/STM32F7xx_HAL_Driver/Src/stm32f7xx_hal_adc.o
 .debug_line    0x00001648      0xa0c Drivers/STM32F7xx_HAL_Driver/Src/stm32f7xx_hal_cortex.o
 .debug_line    0x00002054      0xafd Drivers/STM32F7xx_HAL_Driver/Src/stm32f7xx_hal_dma.o
 .debug_line    0x00002b51      0x95c Drivers/STM32F7xx_HAL_Driver/Src/stm32f7xx_hal_gpio.o
 .debug_line    0x000034ad      0x919 Drivers/STM32F7xx_HAL_Driver/Src/stm32f7xx_hal_pwr_ex.o
 .debug_line    0x00003dc6      0xa93 Drivers/STM32F7xx_HAL_Driver/Src/stm32f7xx_hal_rcc.o
 .debug_line    0x00004859      0x82f Src/adc.o
 .debug_line    0x00005088      0x7d3 Src/dma.o
 .debug_line    0x0000585b      0x7c9 Src/gpio.o
 .debug_line    0x00006024      0x833 Src/main.o
 .debug_line    0x00006857      0x7ce Src/stm32f7xx_hal_msp.o
 .debug_line    0x00007025      0x869 Src/stm32f7xx_it.o
 .debug_line    0x0000788e      0x7f6 Src/system_stm32f7xx.o
 .debug_line    0x00008084       0x7f startup/startup_stm32f767xx.o

.debug_str      0x00000000    0xe8122
 .debug_str     0x00000000    0xe6856 Drivers/STM32F7xx_HAL_Driver/Src/stm32f7xx_hal.o
                              0xe6c46 (size before relaxing)
 .debug_str     0x000e6856      0x694 Drivers/STM32F7xx_HAL_Driver/Src/stm32f7xx_hal_adc.o
                              0xe66e5 (size before relaxing)
 .debug_str     0x000e6eea      0x46b Drivers/STM32F7xx_HAL_Driver/Src/stm32f7xx_hal_cortex.o
                              0xe6be9 (size before relaxing)
 .debug_str     0x000e7355      0x309 Drivers/STM32F7xx_HAL_Driver/Src/stm32f7xx_hal_dma.o
                              0xe654a (size before relaxing)
 .debug_str     0x000e765e      0x2c4 Drivers/STM32F7xx_HAL_Driver/Src/stm32f7xx_hal_gpio.o
                              0xe63da (size before relaxing)
 .debug_str     0x000e7922      0x1f3 Drivers/STM32F7xx_HAL_Driver/Src/stm32f7xx_hal_pwr_ex.o
                              0xe6496 (size before relaxing)
 .debug_str     0x000e7b15      0x3a3 Drivers/STM32F7xx_HAL_Driver/Src/stm32f7xx_hal_rcc.o
                              0xe6554 (size before relaxing)
 .debug_str     0x000e7eb8       0x7a Src/adc.o
                              0xe6613 (size before relaxing)
 .debug_str     0x000e7f32       0x19 Src/dma.o
                              0xe69b0 (size before relaxing)
 .debug_str     0x000e7f4b       0x1b Src/gpio.o
                              0xe6160 (size before relaxing)
 .debug_str     0x000e7f66       0x47 Src/main.o
                              0xe6dc7 (size before relaxing)
 .debug_str     0x000e7fad       0x1b Src/stm32f7xx_hal_msp.o
                              0xe6716 (size before relaxing)
 .debug_str     0x000e7fc8       0xd0 Src/stm32f7xx_it.o
                              0xe62ba (size before relaxing)
 .debug_str     0x000e8098       0x5a Src/system_stm32f7xx.o
                              0xe61ff (size before relaxing)
 .debug_str     0x000e80f2       0x30 startup/startup_stm32f767xx.o
                                 0x6d (size before relaxing)

.comment        0x00000000       0x7e
 .comment       0x00000000       0x7e Drivers/STM32F7xx_HAL_Driver/Src/stm32f7xx_hal.o
                                 0x7f (size before relaxing)
 .comment       0x0000007e       0x7f Drivers/STM32F7xx_HAL_Driver/Src/stm32f7xx_hal_adc.o
 .comment       0x0000007e       0x7f Drivers/STM32F7xx_HAL_Driver/Src/stm32f7xx_hal_cortex.o
 .comment       0x0000007e       0x7f Drivers/STM32F7xx_HAL_Driver/Src/stm32f7xx_hal_dma.o
 .comment       0x0000007e       0x7f Drivers/STM32F7xx_HAL_Driver/Src/stm32f7xx_hal_gpio.o
 .comment       0x0000007e       0x7f Drivers/STM32F7xx_HAL_Driver/Src/stm32f7xx_hal_pwr_ex.o
 .comment       0x0000007e       0x7f Drivers/STM32F7xx_HAL_Driver/Src/stm32f7xx_hal_rcc.o
 .comment       0x0000007e       0x7f Src/adc.o
 .comment       0x0000007e       0x7f Src/dma.o
 .comment       0x0000007e       0x7f Src/gpio.o
 .comment       0x0000007e       0x7f Src/main.o
 .comment       0x0000007e       0x7f Src/stm32f7xx_hal_msp.o
 .comment       0x0000007e       0x7f Src/stm32f7xx_it.o
 .comment       0x0000007e       0x7f Src/system_stm32f7xx.o

.debug_frame    0x00000000      0xe18
 .debug_frame   0x00000000      0x22c Drivers/STM32F7xx_HAL_Driver/Src/stm32f7xx_hal.o
 .debug_frame   0x0000022c      0x27c Drivers/STM32F7xx_HAL_Driver/Src/stm32f7xx_hal_adc.o
 .debug_frame   0x000004a8      0x15c Drivers/STM32F7xx_HAL_Driver/Src/stm32f7xx_hal_cortex.o
 .debug_frame   0x00000604      0x188 Drivers/STM32F7xx_HAL_Driver/Src/stm32f7xx_hal_dma.o
 .debug_frame   0x0000078c       0xd8 Drivers/STM32F7xx_HAL_Driver/Src/stm32f7xx_hal_gpio.o
 .debug_frame   0x00000864      0x134 Drivers/STM32F7xx_HAL_Driver/Src/stm32f7xx_hal_pwr_ex.o
 .debug_frame   0x00000998      0x190 Drivers/STM32F7xx_HAL_Driver/Src/stm32f7xx_hal_rcc.o
 .debug_frame   0x00000b28       0x6c Src/adc.o
 .debug_frame   0x00000b94       0x30 Src/dma.o
 .debug_frame   0x00000bc4       0x30 Src/gpio.o
 .debug_frame   0x00000bf4       0x70 Src/main.o
 .debug_frame   0x00000c64       0x2c Src/stm32f7xx_hal_msp.o
 .debug_frame   0x00000c90       0xc0 Src/stm32f7xx_it.o
 .debug_frame   0x00000d50       0x3c Src/system_stm32f7xx.o
 .debug_frame   0x00000d8c       0x2c d:/eclipse/plugins/fr.ac6.mcu.externaltools.arm-none.win32_1.16.0.201807130628/tools/compiler/bin/../lib/gcc/arm-none-eabi/7.2.1/thumb/v7e-m/fpv5/hard\libgcc.a(_aeabi_uldivmod.o)
 .debug_frame   0x00000db8       0x34 d:/eclipse/plugins/fr.ac6.mcu.externaltools.arm-none.win32_1.16.0.201807130628/tools/compiler/bin/../lib/gcc/arm-none-eabi/7.2.1/thumb/v7e-m/fpv5/hard\libgcc.a(_udivmoddi4.o)
 .debug_frame   0x00000dec       0x2c d:/eclipse/plugins/fr.ac6.mcu.externaltools.arm-none.win32_1.16.0.201807130628/tools/compiler/bin/../lib/gcc/arm-none-eabi/7.2.1/../../../../arm-none-eabi/lib/thumb/v7e-m/fpv5/hard\libc_nano.a(lib_a-init.o)
