Archive member included to satisfy reference by file (symbol)

d:/eclipse/plugins/fr.ac6.mcu.externaltools.arm-none.win32_1.16.0.201807130628/tools/compiler/bin/../lib/gcc/arm-none-eabi/7.2.1/thumb/v7e-m/fpv5/hard\libgcc.a(_aeabi_uldivmod.o)
                              Drivers/STM32F7xx_HAL_Driver/stm32f7xx_hal_rcc.o (__aeabi_uldivmod)
d:/eclipse/plugins/fr.ac6.mcu.externaltools.arm-none.win32_1.16.0.201807130628/tools/compiler/bin/../lib/gcc/arm-none-eabi/7.2.1/thumb/v7e-m/fpv5/hard\libgcc.a(_udivmoddi4.o)
                              d:/eclipse/plugins/fr.ac6.mcu.externaltools.arm-none.win32_1.16.0.201807130628/tools/compiler/bin/../lib/gcc/arm-none-eabi/7.2.1/thumb/v7e-m/fpv5/hard\libgcc.a(_aeabi_uldivmod.o) (__udivmoddi4)
d:/eclipse/plugins/fr.ac6.mcu.externaltools.arm-none.win32_1.16.0.201807130628/tools/compiler/bin/../lib/gcc/arm-none-eabi/7.2.1/thumb/v7e-m/fpv5/hard\libgcc.a(_dvmd_tls.o)
                              d:/eclipse/plugins/fr.ac6.mcu.externaltools.arm-none.win32_1.16.0.201807130628/tools/compiler/bin/../lib/gcc/arm-none-eabi/7.2.1/thumb/v7e-m/fpv5/hard\libgcc.a(_aeabi_uldivmod.o) (__aeabi_ldiv0)
d:/eclipse/plugins/fr.ac6.mcu.externaltools.arm-none.win32_1.16.0.201807130628/tools/compiler/bin/../lib/gcc/arm-none-eabi/7.2.1/../../../../arm-none-eabi/lib/thumb/v7e-m/fpv5/hard\libc_nano.a(lib_a-exit.o)
                              d:/eclipse/plugins/fr.ac6.mcu.externaltools.arm-none.win32_1.16.0.201807130628/tools/compiler/bin/../lib/gcc/arm-none-eabi/7.2.1/../../../../arm-none-eabi/lib/thumb/v7e-m/fpv5/hard/crt0.o (exit)
d:/eclipse/plugins/fr.ac6.mcu.externaltools.arm-none.win32_1.16.0.201807130628/tools/compiler/bin/../lib/gcc/arm-none-eabi/7.2.1/../../../../arm-none-eabi/lib/thumb/v7e-m/fpv5/hard\libc_nano.a(lib_a-impure.o)
                              d:/eclipse/plugins/fr.ac6.mcu.externaltools.arm-none.win32_1.16.0.201807130628/tools/compiler/bin/../lib/gcc/arm-none-eabi/7.2.1/../../../../arm-none-eabi/lib/thumb/v7e-m/fpv5/hard\libc_nano.a(lib_a-exit.o) (_global_impure_ptr)
d:/eclipse/plugins/fr.ac6.mcu.externaltools.arm-none.win32_1.16.0.201807130628/tools/compiler/bin/../lib/gcc/arm-none-eabi/7.2.1/../../../../arm-none-eabi/lib/thumb/v7e-m/fpv5/hard\libc_nano.a(lib_a-init.o)
                              d:/eclipse/plugins/fr.ac6.mcu.externaltools.arm-none.win32_1.16.0.201807130628/tools/compiler/bin/../lib/gcc/arm-none-eabi/7.2.1/../../../../arm-none-eabi/lib/thumb/v7e-m/fpv5/hard/crt0.o (__libc_init_array)
d:/eclipse/plugins/fr.ac6.mcu.externaltools.arm-none.win32_1.16.0.201807130628/tools/compiler/bin/../lib/gcc/arm-none-eabi/7.2.1/../../../../arm-none-eabi/lib/thumb/v7e-m/fpv5/hard\libc_nano.a(lib_a-memset.o)
                              d:/eclipse/plugins/fr.ac6.mcu.externaltools.arm-none.win32_1.16.0.201807130628/tools/compiler/bin/../lib/gcc/arm-none-eabi/7.2.1/../../../../arm-none-eabi/lib/thumb/v7e-m/fpv5/hard/crt0.o (memset)
d:/eclipse/plugins/fr.ac6.mcu.externaltools.arm-none.win32_1.16.0.201807130628/tools/compiler/bin/../lib/gcc/arm-none-eabi/7.2.1/../../../../arm-none-eabi/lib/thumb/v7e-m/fpv5/hard\libnosys.a(_exit.o)
                              d:/eclipse/plugins/fr.ac6.mcu.externaltools.arm-none.win32_1.16.0.201807130628/tools/compiler/bin/../lib/gcc/arm-none-eabi/7.2.1/../../../../arm-none-eabi/lib/thumb/v7e-m/fpv5/hard\libc_nano.a(lib_a-exit.o) (_exit)

Allocating common symbols
Common symbol       size              file

PomiarADC           0x2               Application/User/main.o
uwTick              0x4               Drivers/STM32F7xx_HAL_Driver/stm32f7xx_hal.o
pFlash              0x1c              Drivers/STM32F7xx_HAL_Driver/stm32f7xx_hal_flash.o
hadc1               0x48              Application/User/main.o
Vsense              0x4               Application/User/main.o

Discarded input sections

 .text          0x00000000        0x0 d:/eclipse/plugins/fr.ac6.mcu.externaltools.arm-none.win32_1.16.0.201807130628/tools/compiler/bin/../lib/gcc/arm-none-eabi/7.2.1/thumb/v7e-m/fpv5/hard/crti.o
 .data          0x00000000        0x0 d:/eclipse/plugins/fr.ac6.mcu.externaltools.arm-none.win32_1.16.0.201807130628/tools/compiler/bin/../lib/gcc/arm-none-eabi/7.2.1/thumb/v7e-m/fpv5/hard/crti.o
 .bss           0x00000000        0x0 d:/eclipse/plugins/fr.ac6.mcu.externaltools.arm-none.win32_1.16.0.201807130628/tools/compiler/bin/../lib/gcc/arm-none-eabi/7.2.1/thumb/v7e-m/fpv5/hard/crti.o
 .data          0x00000000        0x4 d:/eclipse/plugins/fr.ac6.mcu.externaltools.arm-none.win32_1.16.0.201807130628/tools/compiler/bin/../lib/gcc/arm-none-eabi/7.2.1/thumb/v7e-m/fpv5/hard/crtbegin.o
 .text          0x00000000       0x74 d:/eclipse/plugins/fr.ac6.mcu.externaltools.arm-none.win32_1.16.0.201807130628/tools/compiler/bin/../lib/gcc/arm-none-eabi/7.2.1/../../../../arm-none-eabi/lib/thumb/v7e-m/fpv5/hard/crt0.o
[...]
Memory Configuration

Name             Origin             Length             Attributes
RAM              0x20000000         0x00080000         xrw
FLASH            0x08000000         0x00200000         xr
*default*        0x00000000         0xffffffff

Linker script and memory map

LOAD d:/eclipse/plugins/fr.ac6.mcu.externaltools.arm-none.win32_1.16.0.201807130628/tools/compiler/bin/../lib/gcc/arm-none-eabi/7.2.1/thumb/v7e-m/fpv5/hard/crti.o
LOAD d:/eclipse/plugins/fr.ac6.mcu.externaltools.arm-none.win32_1.16.0.201807130628/tools/compiler/bin/../lib/gcc/arm-none-eabi/7.2.1/thumb/v7e-m/fpv5/hard/crtbegin.o
LOAD d:/eclipse/plugins/fr.ac6.mcu.externaltools.arm-none.win32_1.16.0.201807130628/tools/compiler/bin/../lib/gcc/arm-none-eabi/7.2.1/../../../../arm-none-eabi/lib/thumb/v7e-m/fpv5/hard/crt0.o
LOAD Application/SW4STM32/startup_stm32f767xx.o
LOAD Application/User/main.o
LOAD Application/User/stm32f7xx_hal_msp.o
LOAD Application/User/stm32f7xx_it.o
LOAD Drivers/CMSIS/system_stm32f7xx.o
LOAD Drivers/STM32F7xx_HAL_Driver/stm32f7xx_hal.o
LOAD Drivers/STM32F7xx_HAL_Driver/stm32f7xx_hal_adc.o
LOAD Drivers/STM32F7xx_HAL_Driver/stm32f7xx_hal_adc_ex.o
LOAD Drivers/STM32F7xx_HAL_Driver/stm32f7xx_hal_cortex.o
LOAD Drivers/STM32F7xx_HAL_Driver/stm32f7xx_hal_dma.o
LOAD Drivers/STM32F7xx_HAL_Driver/stm32f7xx_hal_dma_ex.o
LOAD Drivers/STM32F7xx_HAL_Driver/stm32f7xx_hal_flash.o
LOAD Drivers/STM32F7xx_HAL_Driver/stm32f7xx_hal_flash_ex.o
LOAD Drivers/STM32F7xx_HAL_Driver/stm32f7xx_hal_gpio.o
LOAD Drivers/STM32F7xx_HAL_Driver/stm32f7xx_hal_i2c.o
LOAD Drivers/STM32F7xx_HAL_Driver/stm32f7xx_hal_i2c_ex.o
LOAD Drivers/STM32F7xx_HAL_Driver/stm32f7xx_hal_pwr.o
LOAD Drivers/STM32F7xx_HAL_Driver/stm32f7xx_hal_pwr_ex.o
LOAD Drivers/STM32F7xx_HAL_Driver/stm32f7xx_hal_rcc.o
LOAD Drivers/STM32F7xx_HAL_Driver/stm32f7xx_hal_rcc_ex.o
LOAD Drivers/STM32F7xx_HAL_Driver/stm32f7xx_hal_tim.o
LOAD Drivers/STM32F7xx_HAL_Driver/stm32f7xx_hal_tim_ex.o
LOAD d:/eclipse/plugins/fr.ac6.mcu.externaltools.arm-none.win32_1.16.0.201807130628/tools/compiler/bin/../lib/gcc/arm-none-eabi/7.2.1/../../../../arm-none-eabi/lib/thumb/v7e-m/fpv5/hard\libm.a
START GROUP
LOAD d:/eclipse/plugins/fr.ac6.mcu.externaltools.arm-none.win32_1.16.0.201807130628/tools/compiler/bin/../lib/gcc/arm-none-eabi/7.2.1/thumb/v7e-m/fpv5/hard\libgcc.a
LOAD d:/eclipse/plugins/fr.ac6.mcu.externaltools.arm-none.win32_1.16.0.201807130628/tools/compiler/bin/../lib/gcc/arm-none-eabi/7.2.1/../../../../arm-none-eabi/lib/thumb/v7e-m/fpv5/hard\libc_nano.a
END GROUP
START GROUP
LOAD d:/eclipse/plugins/fr.ac6.mcu.externaltools.arm-none.win32_1.16.0.201807130628/tools/compiler/bin/../lib/gcc/arm-none-eabi/7.2.1/thumb/v7e-m/fpv5/hard\libgcc.a
LOAD d:/eclipse/plugins/fr.ac6.mcu.externaltools.arm-none.win32_1.16.0.201807130628/tools/compiler/bin/../lib/gcc/arm-none-eabi/7.2.1/../../../../arm-none-eabi/lib/thumb/v7e-m/fpv5/hard\libc_nano.a
LOAD d:/eclipse/plugins/fr.ac6.mcu.externaltools.arm-none.win32_1.16.0.201807130628/tools/compiler/bin/../lib/gcc/arm-none-eabi/7.2.1/../../../../arm-none-eabi/lib/thumb/v7e-m/fpv5/hard\libnosys.a
END GROUP
START GROUP
LOAD d:/eclipse/plugins/fr.ac6.mcu.externaltools.arm-none.win32_1.16.0.201807130628/tools/compiler/bin/../lib/gcc/arm-none-eabi/7.2.1/thumb/v7e-m/fpv5/hard\libgcc.a
LOAD d:/eclipse/plugins/fr.ac6.mcu.externaltools.arm-none.win32_1.16.0.201807130628/tools/compiler/bin/../lib/gcc/arm-none-eabi/7.2.1/../../../../arm-none-eabi/lib/thumb/v7e-m/fpv5/hard\libc_nano.a
LOAD d:/eclipse/plugins/fr.ac6.mcu.externaltools.arm-none.win32_1.16.0.201807130628/tools/compiler/bin/../lib/gcc/arm-none-eabi/7.2.1/../../../../arm-none-eabi/lib/thumb/v7e-m/fpv5/hard\libnosys.a
END GROUP
LOAD d:/eclipse/plugins/fr.ac6.mcu.externaltools.arm-none.win32_1.16.0.201807130628/tools/compiler/bin/../lib/gcc/arm-none-eabi/7.2.1/thumb/v7e-m/fpv5/hard/crtend.o
LOAD d:/eclipse/plugins/fr.ac6.mcu.externaltools.arm-none.win32_1.16.0.201807130628/tools/compiler/bin/../lib/gcc/arm-none-eabi/7.2.1/thumb/v7e-m/fpv5/hard/crtn.o
                0x20080000                _estack = 0x20080000
                0x00000200                _Min_Heap_Size = 0x200
                0x00000400                _Min_Stack_Size = 0x400

.isr_vector     0x08000000      0x1f8
                0x08000000                . = ALIGN (0x4)
 *(.isr_vector)
 .isr_vector    0x08000000      0x1f8 Application/SW4STM32/startup_stm32f767xx.o
                0x08000000                g_pfnVectors
                0x080001f8                . = ALIGN (0x4)

.text           0x080001f8     0x15cc
                0x080001f8                . = ALIGN (0x4)
 *(.text)
 .text          0x080001f8       0x40 d:/eclipse/plugins/fr.ac6.mcu.externaltools.arm-none.win32_1.16.0.201807130628/tools/compiler/bin/../lib/gcc/arm-none-eabi/7.2.1/thumb/v7e-m/fpv5/hard/crtbegin.o
 .text          0x08000238       0x30 d:/eclipse/plugins/fr.ac6.mcu.externaltools.arm-none.win32_1.16.0.201807130628/tools/compiler/bin/../lib/gcc/arm-none-eabi/7.2.1/thumb/v7e-m/fpv5/hard\libgcc.a(_aeabi_uldivmod.o)
                0x08000238                __aeabi_uldivmod
 .text          0x08000268      0x2cc d:/eclipse/plugins/fr.ac6.mcu.externaltools.arm-none.win32_1.16.0.201807130628/tools/compiler/bin/../lib/gcc/arm-none-eabi/7.2.1/thumb/v7e-m/fpv5/hard\libgcc.a(_udivmoddi4.o)
                0x08000268                __udivmoddi4
 .text          0x08000534        0x4 d:/eclipse/plugins/fr.ac6.mcu.externaltools.arm-none.win32_1.16.0.201807130628/tools/compiler/bin/../lib/gcc/arm-none-eabi/7.2.1/thumb/v7e-m/fpv5/hard\libgcc.a(_dvmd_tls.o)
                0x08000534                __aeabi_idiv0
                0x08000534                __aeabi_ldiv0
 *(.text*)
 .text.Reset_Handler
                0x08000538       0x50 Application/SW4STM32/startup_stm32f767xx.o
                0x08000538                Reset_Handler
 .text.Default_Handler
                0x08000588        0x2 Application/SW4STM32/startup_stm32f767xx.o
                0x08000588                RTC_Alarm_IRQHandler
                0x08000588                EXTI2_IRQHandler
                0x08000588                TIM8_CC_IRQHandler
                0x08000588                UART8_IRQHandler
                0x08000588                SPI4_IRQHandler
                0x08000588                TIM1_CC_IRQHandler
                0x08000588                DMA2_Stream5_IRQHandler
                0x08000588                JPEG_IRQHandler
                0x08000588                DMA1_Stream5_IRQHandler
                0x08000588                CAN3_RX1_IRQHandler
                0x08000588                PVD_IRQHandler
                0x08000588                TAMP_STAMP_IRQHandler
                0x08000588                CAN2_RX1_IRQHandler
                0x08000588                EXTI3_IRQHandler
                0x08000588                TIM8_TRG_COM_TIM14_IRQHandler
                0x08000588                DFSDM1_FLT1_IRQHandler
                0x08000588                TIM1_UP_TIM10_IRQHandler
                0x08000588                TIM8_UP_TIM13_IRQHandler
                0x08000588                I2C3_ER_IRQHandler
                0x08000588                DFSDM1_FLT2_IRQHandler
                0x08000588                EXTI0_IRQHandler
                0x08000588                I2C2_EV_IRQHandler
                0x08000588                DMA1_Stream2_IRQHandler
                0x08000588                CAN1_RX0_IRQHandler
                0x08000588                FPU_IRQHandler
                0x08000588                OTG_HS_WKUP_IRQHandler
                0x08000588                CAN3_SCE_IRQHandler
                0x08000588                LTDC_ER_IRQHandler
                0x08000588                CAN2_SCE_IRQHandler
                0x08000588                DMA2_Stream2_IRQHandler
                0x08000588                SPI1_IRQHandler
                0x08000588                TIM6_DAC_IRQHandler
                0x08000588                TIM1_BRK_TIM9_IRQHandler
                0x08000588                DCMI_IRQHandler
                0x08000588                CAN2_RX0_IRQHandler
                0x08000588                DMA2_Stream3_IRQHandler
                0x08000588                SAI2_IRQHandler
                0x08000588                DFSDM1_FLT3_IRQHandler
                0x08000588                USART6_IRQHandler
                0x08000588                CAN3_RX0_IRQHandler
                0x08000588                USART3_IRQHandler
                0x08000588                CAN1_RX1_IRQHandler
                0x08000588                UART5_IRQHandler
                0x08000588                DMA2_Stream0_IRQHandler
                0x08000588                TIM4_IRQHandler
                0x08000588                QUADSPI_IRQHandler
                0x08000588                I2C1_EV_IRQHandler
                0x08000588                DMA1_Stream6_IRQHandler
                0x08000588                DMA1_Stream1_IRQHandler
                0x08000588                UART4_IRQHandler
                0x08000588                TIM3_IRQHandler
                0x08000588                RCC_IRQHandler
                0x08000588                TIM8_BRK_TIM12_IRQHandler
                0x08000588                Default_Handler
                0x08000588                CEC_IRQHandler
                0x08000588                EXTI15_10_IRQHandler
                0x08000588                ADC_IRQHandler
                0x08000588                DMA1_Stream7_IRQHandler
                0x08000588                SPI5_IRQHandler
                0x08000588                TIM7_IRQHandler
                0x08000588                SDMMC1_IRQHandler
                0x08000588                CAN2_TX_IRQHandler
                0x08000588                TIM5_IRQHandler
                0x08000588                DMA2_Stream7_IRQHandler
                0x08000588                I2C3_EV_IRQHandler
                0x08000588                EXTI9_5_IRQHandler
                0x08000588                RTC_WKUP_IRQHandler
                0x08000588                LTDC_IRQHandler
                0x08000588                ETH_WKUP_IRQHandler
                0x08000588                SPDIF_RX_IRQHandler
                0x08000588                SPI2_IRQHandler
                0x08000588                OTG_HS_EP1_IN_IRQHandler
                0x08000588                DMA1_Stream0_IRQHandler
                0x08000588                CAN1_TX_IRQHandler
                0x08000588                EXTI4_IRQHandler
                0x08000588                RNG_IRQHandler
                0x08000588                ETH_IRQHandler
                0x08000588                OTG_HS_EP1_OUT_IRQHandler
                0x08000588                WWDG_IRQHandler
                0x08000588                SPI6_IRQHandler
                0x08000588                MDIOS_IRQHandler
                0x08000588                I2C4_EV_IRQHandler
                0x08000588                CAN3_TX_IRQHandler
                0x08000588                TIM2_IRQHandler
                0x08000588                OTG_FS_WKUP_IRQHandler
                0x08000588                TIM1_TRG_COM_TIM11_IRQHandler
                0x08000588                OTG_HS_IRQHandler
                0x08000588                DMA2D_IRQHandler
                0x08000588                EXTI1_IRQHandler
                0x08000588                SDMMC2_IRQHandler
                0x08000588                UART7_IRQHandler
                0x08000588                USART2_IRQHandler
                0x08000588                DFSDM1_FLT0_IRQHandler
                0x08000588                I2C2_ER_IRQHandler
                0x08000588                DMA2_Stream1_IRQHandler
                0x08000588                CAN1_SCE_IRQHandler
                0x08000588                FLASH_IRQHandler
                0x08000588                DMA2_Stream4_IRQHandler
                0x08000588                USART1_IRQHandler
                0x08000588                OTG_FS_IRQHandler
                0x08000588                SPI3_IRQHandler
                0x08000588                DMA1_Stream4_IRQHandler
                0x08000588                I2C1_ER_IRQHandler
                0x08000588                FMC_IRQHandler
                0x08000588                LPTIM1_IRQHandler
                0x08000588                I2C4_ER_IRQHandler
                0x08000588                DMA2_Stream6_IRQHandler
                0x08000588                SAI1_IRQHandler
                0x08000588                DMA1_Stream3_IRQHandler
 *fill*         0x0800058a        0x2 
 .text.MX_GPIO_Init
                0x0800058c       0xa8 Application/User/main.o
 .text._Error_Handler
                0x08000634        0x2 Application/User/main.o
                0x08000634                _Error_Handler
 *fill*         0x08000636        0x2 
 .text.MX_ADC1_Init
                0x08000638       0x68 Application/User/main.o
 .text.SystemClock_Config
                0x080006a0       0xa8 Application/User/main.o
                0x080006a0                SystemClock_Config
 .text.main     0x08000748       0xa8 Application/User/main.o
                0x08000748                main
 .text.HAL_MspInit
                0x080007f0       0x90 Application/User/stm32f7xx_hal_msp.o
                0x080007f0                HAL_MspInit
 .text.HAL_ADC_MspInit
                0x08000880       0x58 Application/User/stm32f7xx_hal_msp.o
                0x08000880                HAL_ADC_MspInit
 .text.NMI_Handler
                0x080008d8        0x2 Application/User/stm32f7xx_it.o
                0x080008d8                NMI_Handler
 .text.HardFault_Handler
                0x080008da        0x2 Application/User/stm32f7xx_it.o
                0x080008da                HardFault_Handler
 .text.MemManage_Handler
                0x080008dc        0x2 Application/User/stm32f7xx_it.o
                0x080008dc                MemManage_Handler
 .text.BusFault_Handler
                0x080008de        0x2 Application/User/stm32f7xx_it.o
                0x080008de                BusFault_Handler
 .text.UsageFault_Handler
                0x080008e0        0x2 Application/User/stm32f7xx_it.o
                0x080008e0                UsageFault_Handler
 .text.SVC_Handler
                0x080008e2        0x2 Application/User/stm32f7xx_it.o
                0x080008e2                SVC_Handler
 .text.DebugMon_Handler
                0x080008e4        0x2 Application/User/stm32f7xx_it.o
                0x080008e4                DebugMon_Handler
 .text.PendSV_Handler
                0x080008e6        0x2 Application/User/stm32f7xx_it.o
                0x080008e6                PendSV_Handler
 .text.SysTick_Handler
                0x080008e8        0xc Application/User/stm32f7xx_it.o
                0x080008e8                SysTick_Handler
 .text.SystemInit
                0x080008f4       0x50 Drivers/CMSIS/system_stm32f7xx.o
                0x080008f4                SystemInit
 .text.HAL_InitTick
                0x08000944       0x48 Drivers/STM32F7xx_HAL_Driver/stm32f7xx_hal.o
                0x08000944                HAL_InitTick
 .text.HAL_Init
                0x0800098c       0x16 Drivers/STM32F7xx_HAL_Driver/stm32f7xx_hal.o
                0x0800098c                HAL_Init
 *fill*         0x080009a2        0x2 
 .text.HAL_IncTick
                0x080009a4       0x18 Drivers/STM32F7xx_HAL_Driver/stm32f7xx_hal.o
                0x080009a4                HAL_IncTick
 .text.HAL_GetTick
                0x080009bc        0xc Drivers/STM32F7xx_HAL_Driver/stm32f7xx_hal.o
                0x080009bc                HAL_GetTick
 .text.ADC_Init
                0x080009c8      0x130 Drivers/STM32F7xx_HAL_Driver/stm32f7xx_hal_adc.o
 .text.HAL_ADC_Init
                0x08000af8       0x54 Drivers/STM32F7xx_HAL_Driver/stm32f7xx_hal_adc.o
                0x08000af8                HAL_ADC_Init
 .text.HAL_ADC_Start
                0x08000b4c       0xf8 Drivers/STM32F7xx_HAL_Driver/stm32f7xx_hal_adc.o
                0x08000b4c                HAL_ADC_Start
 .text.HAL_ADC_PollForConversion
                0x08000c44       0xb6 Drivers/STM32F7xx_HAL_Driver/stm32f7xx_hal_adc.o
                0x08000c44                HAL_ADC_PollForConversion
 .text.HAL_ADC_GetValue
                0x08000cfa        0x6 Drivers/STM32F7xx_HAL_Driver/stm32f7xx_hal_adc.o
                0x08000cfa                HAL_ADC_GetValue
 .text.HAL_ADC_ConfigChannel
                0x08000d00      0x1ac Drivers/STM32F7xx_HAL_Driver/stm32f7xx_hal_adc.o
                0x08000d00                HAL_ADC_ConfigChannel
 .text.HAL_NVIC_SetPriorityGrouping
                0x08000eac       0x24 Drivers/STM32F7xx_HAL_Driver/stm32f7xx_hal_cortex.o
                0x08000eac                HAL_NVIC_SetPriorityGrouping
 .text.HAL_NVIC_SetPriority
                0x08000ed0       0x64 Drivers/STM32F7xx_HAL_Driver/stm32f7xx_hal_cortex.o
                0x08000ed0                HAL_NVIC_SetPriority
 .text.HAL_SYSTICK_Config
                0x08000f34       0x2c Drivers/STM32F7xx_HAL_Driver/stm32f7xx_hal_cortex.o
                0x08000f34                HAL_SYSTICK_Config
 .text.HAL_SYSTICK_CLKSourceConfig
                0x08000f60       0x20 Drivers/STM32F7xx_HAL_Driver/stm32f7xx_hal_cortex.o
                0x08000f60                HAL_SYSTICK_CLKSourceConfig
 .text.HAL_SYSTICK_Callback
                0x08000f80        0x2 Drivers/STM32F7xx_HAL_Driver/stm32f7xx_hal_cortex.o
                0x08000f80                HAL_SYSTICK_Callback
 .text.HAL_SYSTICK_IRQHandler
                0x08000f82        0x8 Drivers/STM32F7xx_HAL_Driver/stm32f7xx_hal_cortex.o
                0x08000f82                HAL_SYSTICK_IRQHandler
 *fill*         0x08000f8a        0x2 
 .text.HAL_GPIO_Init
                0x08000f8c      0x1e0 Drivers/STM32F7xx_HAL_Driver/stm32f7xx_hal_gpio.o
                0x08000f8c                HAL_GPIO_Init
 .text.HAL_GPIO_WritePin
                0x0800116c        0xc Drivers/STM32F7xx_HAL_Driver/stm32f7xx_hal_gpio.o
                0x0800116c                HAL_GPIO_WritePin
 .text.HAL_RCC_OscConfig
                0x08001178      0x3d4 Drivers/STM32F7xx_HAL_Driver/stm32f7xx_hal_rcc.o
                0x08001178                HAL_RCC_OscConfig
 .text.HAL_RCC_GetSysClockFreq
                0x0800154c       0xa8 Drivers/STM32F7xx_HAL_Driver/stm32f7xx_hal_rcc.o
                0x0800154c                HAL_RCC_GetSysClockFreq
 .text.HAL_RCC_ClockConfig
                0x080015f4      0x164 Drivers/STM32F7xx_HAL_Driver/stm32f7xx_hal_rcc.o
                0x080015f4                HAL_RCC_ClockConfig
 .text.HAL_RCC_GetHCLKFreq
                0x08001758        0xc Drivers/STM32F7xx_HAL_Driver/stm32f7xx_hal_rcc.o
                0x08001758                HAL_RCC_GetHCLKFreq
 .text.__libc_init_array
                0x08001764       0x48 d:/eclipse/plugins/fr.ac6.mcu.externaltools.arm-none.win32_1.16.0.201807130628/tools/compiler/bin/../lib/gcc/arm-none-eabi/7.2.1/../../../../arm-none-eabi/lib/thumb/v7e-m/fpv5/hard\libc_nano.a(lib_a-init.o)
                0x08001764                __libc_init_array
 *(.glue_7)
 .glue_7        0x080017ac        0x0 linker stubs
 *(.glue_7t)
 .glue_7t       0x080017ac        0x0 linker stubs
 *(.eh_frame)
 .eh_frame      0x080017ac        0x0 d:/eclipse/plugins/fr.ac6.mcu.externaltools.arm-none.win32_1.16.0.201807130628/tools/compiler/bin/../lib/gcc/arm-none-eabi/7.2.1/thumb/v7e-m/fpv5/hard/crtbegin.o
 *(.init)
 .init          0x080017ac        0x4 d:/eclipse/plugins/fr.ac6.mcu.externaltools.arm-none.win32_1.16.0.201807130628/tools/compiler/bin/../lib/gcc/arm-none-eabi/7.2.1/thumb/v7e-m/fpv5/hard/crti.o
                0x080017ac                _init
 .init          0x080017b0        0x8 d:/eclipse/plugins/fr.ac6.mcu.externaltools.arm-none.win32_1.16.0.201807130628/tools/compiler/bin/../lib/gcc/arm-none-eabi/7.2.1/thumb/v7e-m/fpv5/hard/crtn.o
 *(.fini)
 .fini          0x080017b8        0x4 d:/eclipse/plugins/fr.ac6.mcu.externaltools.arm-none.win32_1.16.0.201807130628/tools/compiler/bin/../lib/gcc/arm-none-eabi/7.2.1/thumb/v7e-m/fpv5/hard/crti.o
                0x080017b8                _fini
 .fini          0x080017bc        0x8 d:/eclipse/plugins/fr.ac6.mcu.externaltools.arm-none.win32_1.16.0.201807130628/tools/compiler/bin/../lib/gcc/arm-none-eabi/7.2.1/thumb/v7e-m/fpv5/hard/crtn.o
                0x080017c4                . = ALIGN (0x4)
                0x080017c4                _etext = .

.vfp11_veneer   0x080017c4        0x0
 .vfp11_veneer  0x080017c4        0x0 linker stubs

.v4_bx          0x080017c4        0x0
 .v4_bx         0x080017c4        0x0 linker stubs

.iplt           0x080017c4        0x0
 .iplt          0x080017c4        0x0 d:/eclipse/plugins/fr.ac6.mcu.externaltools.arm-none.win32_1.16.0.201807130628/tools/compiler/bin/../lib/gcc/arm-none-eabi/7.2.1/thumb/v7e-m/fpv5/hard/crtbegin.o

.rodata         0x080017c4       0x54
                0x080017c4                . = ALIGN (0x4)
 *(.rodata)
 .rodata        0x080017c4       0x18 Drivers/CMSIS/system_stm32f7xx.o
                0x080017c4                AHBPrescTable
                0x080017d4                APBPrescTable
 *(.rodata*)
 .rodata.str1.4
                0x080017dc       0x3c Application/User/main.o
                                 0x3a (size before relaxing)
                0x08001818                . = ALIGN (0x4)

.ARM.extab
 *(.ARM.extab* .gnu.linkonce.armextab.*)

.ARM            0x08001818        0x8
                0x08001818                __exidx_start = .
 *(.ARM.exidx*)
 .ARM.exidx     0x08001818        0x8 d:/eclipse/plugins/fr.ac6.mcu.externaltools.arm-none.win32_1.16.0.201807130628/tools/compiler/bin/../lib/gcc/arm-none-eabi/7.2.1/thumb/v7e-m/fpv5/hard\libgcc.a(_udivmoddi4.o)
                0x08001820                __exidx_end = .

.rel.dyn        0x08001820        0x0
 .rel.iplt      0x08001820        0x0 d:/eclipse/plugins/fr.ac6.mcu.externaltools.arm-none.win32_1.16.0.201807130628/tools/compiler/bin/../lib/gcc/arm-none-eabi/7.2.1/thumb/v7e-m/fpv5/hard/crtbegin.o

.preinit_array  0x08001820        0x0
                0x08001820                PROVIDE (__preinit_array_start, .)
 *(.preinit_array*)
                0x08001820                PROVIDE (__preinit_array_end, .)

.init_array     0x08001820        0x4
                0x08001820                PROVIDE (__init_array_start, .)
 *(SORT_BY_NAME(.init_array.*))
 *(.init_array*)
 .init_array    0x08001820        0x4 d:/eclipse/plugins/fr.ac6.mcu.externaltools.arm-none.win32_1.16.0.201807130628/tools/compiler/bin/../lib/gcc/arm-none-eabi/7.2.1/thumb/v7e-m/fpv5/hard/crtbegin.o
                0x08001824                PROVIDE (__init_array_end, .)

.fini_array     0x08001824        0x4
                [!provide]                PROVIDE (__fini_array_start, .)
 *(SORT_BY_NAME(.fini_array.*))
 *(.fini_array*)
 .fini_array    0x08001824        0x4 d:/eclipse/plugins/fr.ac6.mcu.externaltools.arm-none.win32_1.16.0.201807130628/tools/compiler/bin/../lib/gcc/arm-none-eabi/7.2.1/thumb/v7e-m/fpv5/hard/crtbegin.o
                [!provide]                PROVIDE (__fini_array_end, .)
                0x08001828                _sidata = LOADADDR (.data)

.data           0x20000000        0xc load address 0x08001828
                0x20000000                . = ALIGN (0x4)
                0x20000000                _sdata = .
 *(.data)
 .data          0x20000000        0x4 Drivers/CMSIS/system_stm32f7xx.o
                0x20000000                SystemCoreClock
 .data          0x20000004        0x8 Drivers/STM32F7xx_HAL_Driver/stm32f7xx_hal.o
                0x20000004                uwTickFreq
                0x20000008                uwTickPrio
 *(.data*)
                0x2000000c                . = ALIGN (0x4)
                0x2000000c                _edata = .

.igot.plt       0x2000000c        0x0 load address 0x08001834
 .igot.plt      0x2000000c        0x0 d:/eclipse/plugins/fr.ac6.mcu.externaltools.arm-none.win32_1.16.0.201807130628/tools/compiler/bin/../lib/gcc/arm-none-eabi/7.2.1/thumb/v7e-m/fpv5/hard/crtbegin.o
                0x2000000c                . = ALIGN (0x4)

.bss            0x2000000c       0x70 load address 0x08001834
                0x2000000c                _sbss = .
                0x2000000c                __bss_start__ = _sbss
 *(.bss)
 .bss           0x2000000c       0x1c d:/eclipse/plugins/fr.ac6.mcu.externaltools.arm-none.win32_1.16.0.201807130628/tools/compiler/bin/../lib/gcc/arm-none-eabi/7.2.1/thumb/v7e-m/fpv5/hard/crtbegin.o
 *(.bss*)
 *(COMMON)
 COMMON         0x20000028       0x50 Application/User/main.o
                0x20000028                PomiarADC
                0x2000002c                hadc1
                0x20000074                Vsense
 COMMON         0x20000078        0x4 Drivers/STM32F7xx_HAL_Driver/stm32f7xx_hal.o
                0x20000078                uwTick
                0x2000007c                . = ALIGN (0x4)
                0x2000007c                _ebss = .
                0x2000007c                __bss_end__ = _ebss

._user_heap_stack
                0x2000007c      0x604 load address 0x08001834
                0x20000080                . = ALIGN (0x8)
 *fill*         0x2000007c        0x4 
                [!provide]                PROVIDE (end, .)
                [!provide]                PROVIDE (_end, .)
                0x20000280                . = (. + _Min_Heap_Size)
 *fill*         0x20000080      0x200 
                0x20000680                . = (. + _Min_Stack_Size)
 *fill*         0x20000280      0x400 
                0x20000680                . = ALIGN (0x8)

/DISCARD/
 libc.a(*)
 libm.a(*)
 libgcc.a(*)

.ARM.attributes
                0x00000000       0x2e
 *(.ARM.attributes)
 .ARM.attributes
                0x00000000       0x20 d:/eclipse/plugins/fr.ac6.mcu.externaltools.arm-none.win32_1.16.0.201807130628/tools/compiler/bin/../lib/gcc/arm-none-eabi/7.2.1/thumb/v7e-m/fpv5/hard/crti.o
 .ARM.attributes
                0x00000020       0x32 d:/eclipse/plugins/fr.ac6.mcu.externaltools.arm-none.win32_1.16.0.201807130628/tools/compiler/bin/../lib/gcc/arm-none-eabi/7.2.1/thumb/v7e-m/fpv5/hard/crtbegin.o
 .ARM.attributes
                0x00000052       0x21 Application/SW4STM32/startup_stm32f767xx.o
 .ARM.attributes
                0x00000073       0x37 Application/User/main.o
 .ARM.attributes
                0x000000aa       0x37 Application/User/stm32f7xx_hal_msp.o
 .ARM.attributes
                0x000000e1       0x37 Application/User/stm32f7xx_it.o
 .ARM.attributes
                0x00000118       0x37 Drivers/CMSIS/system_stm32f7xx.o
 .ARM.attributes
                0x0000014f       0x37 Drivers/STM32F7xx_HAL_Driver/stm32f7xx_hal.o
 .ARM.attributes
                0x00000186       0x37 Drivers/STM32F7xx_HAL_Driver/stm32f7xx_hal_adc.o
 .ARM.attributes
                0x000001bd       0x37 Drivers/STM32F7xx_HAL_Driver/stm32f7xx_hal_cortex.o
 .ARM.attributes
                0x000001f4       0x37 Drivers/STM32F7xx_HAL_Driver/stm32f7xx_hal_gpio.o
 .ARM.attributes
                0x0000022b       0x37 Drivers/STM32F7xx_HAL_Driver/stm32f7xx_hal_rcc.o
 .ARM.attributes
                0x00000262       0x20 d:/eclipse/plugins/fr.ac6.mcu.externaltools.arm-none.win32_1.16.0.201807130628/tools/compiler/bin/../lib/gcc/arm-none-eabi/7.2.1/thumb/v7e-m/fpv5/hard\libgcc.a(_aeabi_uldivmod.o)
 .ARM.attributes
                0x00000282       0x32 d:/eclipse/plugins/fr.ac6.mcu.externaltools.arm-none.win32_1.16.0.201807130628/tools/compiler/bin/../lib/gcc/arm-none-eabi/7.2.1/thumb/v7e-m/fpv5/hard\libgcc.a(_udivmoddi4.o)
 .ARM.attributes
                0x000002b4       0x20 d:/eclipse/plugins/fr.ac6.mcu.externaltools.arm-none.win32_1.16.0.201807130628/tools/compiler/bin/../lib/gcc/arm-none-eabi/7.2.1/thumb/v7e-m/fpv5/hard\libgcc.a(_dvmd_tls.o)
 .ARM.attributes
                0x000002d4       0x32 d:/eclipse/plugins/fr.ac6.mcu.externaltools.arm-none.win32_1.16.0.201807130628/tools/compiler/bin/../lib/gcc/arm-none-eabi/7.2.1/../../../../arm-none-eabi/lib/thumb/v7e-m/fpv5/hard\libc_nano.a(lib_a-init.o)
 .ARM.attributes
                0x00000306       0x20 d:/eclipse/plugins/fr.ac6.mcu.externaltools.arm-none.win32_1.16.0.201807130628/tools/compiler/bin/../lib/gcc/arm-none-eabi/7.2.1/thumb/v7e-m/fpv5/hard/crtn.o
OUTPUT(STM32_HAL.elf elf32-littlearm)

.debug_line     0x00000000     0x55aa
 .debug_line    0x00000000       0xac Application/SW4STM32/startup_stm32f767xx.o
 .debug_line    0x000000ac      0x848 Application/User/main.o
 .debug_line    0x000008f4      0x80a Application/User/stm32f7xx_hal_msp.o
 .debug_line    0x000010fe      0x85b Application/User/stm32f7xx_it.o
 .debug_line    0x00001959      0x7fa Drivers/CMSIS/system_stm32f7xx.o
 .debug_line    0x00002153      0xa1b Drivers/STM32F7xx_HAL_Driver/stm32f7xx_hal.o
 .debug_line    0x00002b6e      0xc35 Drivers/STM32F7xx_HAL_Driver/stm32f7xx_hal_adc.o
 .debug_line    0x000037a3      0xa10 Drivers/STM32F7xx_HAL_Driver/stm32f7xx_hal_cortex.o
 .debug_line    0x000041b3      0x960 Drivers/STM32F7xx_HAL_Driver/stm32f7xx_hal_gpio.o
 .debug_line    0x00004b13      0xa97 Drivers/STM32F7xx_HAL_Driver/stm32f7xx_hal_rcc.o

.debug_info     0x00000000     0xae80
 .debug_info    0x00000000       0x22 Application/SW4STM32/startup_stm32f767xx.o
 .debug_info    0x00000022     0x1a58 Application/User/main.o
 .debug_info    0x00001a7a     0x1585 Application/User/stm32f7xx_hal_msp.o
 .debug_info    0x00002fff      0xa03 Application/User/stm32f7xx_it.o
 .debug_info    0x00003a02      0xf12 Drivers/CMSIS/system_stm32f7xx.o
 .debug_info    0x00004914     0x12ef Drivers/STM32F7xx_HAL_Driver/stm32f7xx_hal.o
 .debug_info    0x00005c03     0x1593 Drivers/STM32F7xx_HAL_Driver/stm32f7xx_hal_adc.o
 .debug_info    0x00007196     0x19b9 Drivers/STM32F7xx_HAL_Driver/stm32f7xx_hal_cortex.o
 .debug_info    0x00008b4f      0xfc7 Drivers/STM32F7xx_HAL_Driver/stm32f7xx_hal_gpio.o
 .debug_info    0x00009b16     0x136a Drivers/STM32F7xx_HAL_Driver/stm32f7xx_hal_rcc.o

.debug_abbrev   0x00000000     0x18be
 .debug_abbrev  0x00000000       0x12 Application/SW4STM32/startup_stm32f767xx.o
 .debug_abbrev  0x00000012      0x2d6 Application/User/main.o
 .debug_abbrev  0x000002e8      0x254 Application/User/stm32f7xx_hal_msp.o
 .debug_abbrev  0x0000053c      0x1f8 Application/User/stm32f7xx_it.o
 .debug_abbrev  0x00000734      0x212 Drivers/CMSIS/system_stm32f7xx.o
 .debug_abbrev  0x00000946      0x2e5 Drivers/STM32F7xx_HAL_Driver/stm32f7xx_hal.o
 .debug_abbrev  0x00000c2b      0x2c0 Drivers/STM32F7xx_HAL_Driver/stm32f7xx_hal_adc.o
 .debug_abbrev  0x00000eeb      0x3d6 Drivers/STM32F7xx_HAL_Driver/stm32f7xx_hal_cortex.o
 .debug_abbrev  0x000012c1      0x2a7 Drivers/STM32F7xx_HAL_Driver/stm32f7xx_hal_gpio.o
 .debug_abbrev  0x00001568      0x356 Drivers/STM32F7xx_HAL_Driver/stm32f7xx_hal_rcc.o

.debug_aranges  0x00000000      0x4a0
 .debug_aranges
                0x00000000       0x28 Application/SW4STM32/startup_stm32f767xx.o
 .debug_aranges
                0x00000028       0x40 Application/User/main.o
 .debug_aranges
                0x00000068       0x30 Application/User/stm32f7xx_hal_msp.o
 .debug_aranges
                0x00000098       0x60 Application/User/stm32f7xx_it.o
 .debug_aranges
                0x000000f8       0x28 Drivers/CMSIS/system_stm32f7xx.o
 .debug_aranges
                0x00000120      0x110 Drivers/STM32F7xx_HAL_Driver/stm32f7xx_hal.o
 .debug_aranges
                0x00000230       0xe8 Drivers/STM32F7xx_HAL_Driver/stm32f7xx_hal_adc.o
 .debug_aranges
                0x00000318       0xa8 Drivers/STM32F7xx_HAL_Driver/stm32f7xx_hal_cortex.o
 .debug_aranges
                0x000003c0       0x58 Drivers/STM32F7xx_HAL_Driver/stm32f7xx_hal_gpio.o
 .debug_aranges
                0x00000418       0x88 Drivers/STM32F7xx_HAL_Driver/stm32f7xx_hal_rcc.o

.debug_str      0x00000000    0xe7e94
 .debug_str     0x00000000       0xa5 Application/SW4STM32/startup_stm32f767xx.o
 .debug_str     0x000000a5    0xe6b78 Application/User/main.o
                              0xe6f86 (size before relaxing)
 .debug_str     0x000e6c1d       0xa7 Application/User/stm32f7xx_hal_msp.o
                              0xe6cd7 (size before relaxing)
 .debug_str     0x000e6cc4      0x107 Application/User/stm32f7xx_it.o
                              0xe6186 (size before relaxing)
 .debug_str     0x000e6dcb      0x1b4 Drivers/CMSIS/system_stm32f7xx.o
                              0xe634c (size before relaxing)
 .debug_str     0x000e6f7f      0x452 Drivers/STM32F7xx_HAL_Driver/stm32f7xx_hal.o
                              0xe6d93 (size before relaxing)
 .debug_str     0x000e73d1      0x2b5 Drivers/STM32F7xx_HAL_Driver/stm32f7xx_hal_adc.o
                              0xe6832 (size before relaxing)
 .debug_str     0x000e7686      0x363 Drivers/STM32F7xx_HAL_Driver/stm32f7xx_hal_cortex.o
                              0xe6d36 (size before relaxing)
 .debug_str     0x000e79e9      0x245 Drivers/STM32F7xx_HAL_Driver/stm32f7xx_hal_gpio.o
                              0xe6527 (size before relaxing)
 .debug_str     0x000e7c2e      0x266 Drivers/STM32F7xx_HAL_Driver/stm32f7xx_hal_rcc.o
                              0xe66a1 (size before relaxing)

.debug_ranges   0x00000000      0x468
 .debug_ranges  0x00000000       0x20 Application/SW4STM32/startup_stm32f767xx.o
 .debug_ranges  0x00000020       0x30 Application/User/main.o
 .debug_ranges  0x00000050       0x20 Application/User/stm32f7xx_hal_msp.o
 .debug_ranges  0x00000070       0x50 Application/User/stm32f7xx_it.o
 .debug_ranges  0x000000c0       0x18 Drivers/CMSIS/system_stm32f7xx.o
 .debug_ranges  0x000000d8      0x100 Drivers/STM32F7xx_HAL_Driver/stm32f7xx_hal.o
 .debug_ranges  0x000001d8       0xd8 Drivers/STM32F7xx_HAL_Driver/stm32f7xx_hal_adc.o
 .debug_ranges  0x000002b0       0xf8 Drivers/STM32F7xx_HAL_Driver/stm32f7xx_hal_cortex.o
 .debug_ranges  0x000003a8       0x48 Drivers/STM32F7xx_HAL_Driver/stm32f7xx_hal_gpio.o
 .debug_ranges  0x000003f0       0x78 Drivers/STM32F7xx_HAL_Driver/stm32f7xx_hal_rcc.o

.debug_macro    0x00000000    0x25eaa
 .debug_macro   0x00000000      0x32d Application/User/main.o
 .debug_macro   0x0000032d      0xa6c Application/User/main.o
 .debug_macro   0x00000d99       0x58 Application/User/main.o
 .debug_macro   0x00000df1      0x179 Application/User/main.o
 .debug_macro   0x00000f6a       0x2e Application/User/main.o
 .debug_macro   0x00000f98       0x3b Application/User/main.o
 .debug_macro   0x00000fd3       0x22 Application/User/main.o
 .debug_macro   0x00000ff5       0x87 Application/User/main.o
 .debug_macro   0x0000107c       0x51 Application/User/main.o
 .debug_macro   0x000010cd       0xef Application/User/main.o
 .debug_macro   0x000011bc       0x6a Application/User/main.o
 .debug_macro   0x00001226      0x1df Application/User/main.o
 .debug_macro   0x00001405       0x35 Application/User/main.o
 .debug_macro   0x0000143a       0x50 Application/User/main.o
 .debug_macro   0x0000148a     0x1114 Application/User/main.o
 .debug_macro   0x0000259e    0x19f38 Application/User/main.o
 .debug_macro   0x0001c4d6       0x43 Application/User/main.o
 .debug_macro   0x0001c519     0x35cf Application/User/main.o
 .debug_macro   0x0001fae8       0x58 Application/User/main.o
 .debug_macro   0x0001fb40       0x17 Application/User/main.o
 .debug_macro   0x0001fb57       0x35 Application/User/main.o
 .debug_macro   0x0001fb8c       0x9c Application/User/main.o
 .debug_macro   0x0001fc28       0x16 Application/User/main.o
 .debug_macro   0x0001fc3e       0x97 Application/User/main.o
 .debug_macro   0x0001fcd5      0x330 Application/User/main.o
 .debug_macro   0x00020005       0xfd Application/User/main.o
 .debug_macro   0x00020102       0x10 Application/User/main.o
 .debug_macro   0x00020112       0x58 Application/User/main.o
 .debug_macro   0x0002016a       0x1f Application/User/main.o
 .debug_macro   0x00020189       0x43 Application/User/main.o
 .debug_macro   0x000201cc       0x20 Application/User/main.o
 .debug_macro   0x000201ec      0x18e Application/User/main.o
 .debug_macro   0x0002037a       0x10 Application/User/main.o
 .debug_macro   0x0002038a       0x1c Application/User/main.o
 .debug_macro   0x000203a6       0x52 Application/User/main.o
 .debug_macro   0x000203f8       0x40 Application/User/main.o
 .debug_macro   0x00020438       0x10 Application/User/main.o
 .debug_macro   0x00020448       0x40 Application/User/main.o
 .debug_macro   0x00020488       0xd7 Application/User/main.o
 .debug_macro   0x0002055f       0x1c Application/User/main.o
 .debug_macro   0x0002057b       0x3d Application/User/main.o
 .debug_macro   0x000205b8       0x16 Application/User/main.o
 .debug_macro   0x000205ce      0x16f Application/User/main.o
 .debug_macro   0x0002073d       0x57 Application/User/main.o
 .debug_macro   0x00020794     0x1add Application/User/main.o
 .debug_macro   0x00022271      0x6ca Application/User/main.o
 .debug_macro   0x0002293b      0x11e Application/User/main.o
 .debug_macro   0x00022a59      0x277 Application/User/main.o
 .debug_macro   0x00022cd0       0x27 Application/User/main.o
 .debug_macro   0x00022cf7      0x24f Application/User/main.o
 .debug_macro   0x00022f46       0x71 Application/User/main.o
 .debug_macro   0x00022fb7       0x58 Application/User/main.o
 .debug_macro   0x0002300f      0x23a Application/User/main.o
 .debug_macro   0x00023249      0x408 Application/User/main.o
 .debug_macro   0x00023651      0x161 Application/User/main.o
 .debug_macro   0x000237b2      0x100 Application/User/main.o
 .debug_macro   0x000238b2      0x156 Application/User/main.o
 .debug_macro   0x00023a08      0x3de Application/User/main.o
 .debug_macro   0x00023de6       0x12 Application/User/main.o
 .debug_macro   0x00023df8      0x209 Application/User/main.o
 .debug_macro   0x00024001       0x61 Application/User/main.o
 .debug_macro   0x00024062       0x90 Application/User/main.o
 .debug_macro   0x000240f2      0x132 Application/User/main.o
 .debug_macro   0x00024224      0x10c Application/User/main.o
 .debug_macro   0x00024330       0x35 Application/User/main.o
 .debug_macro   0x00024365      0x16c Application/User/main.o
 .debug_macro   0x000244d1      0x329 Application/User/stm32f7xx_hal_msp.o
 .debug_macro   0x000247fa      0x333 Application/User/stm32f7xx_it.o
 .debug_macro   0x00024b2d      0x32f Drivers/CMSIS/system_stm32f7xx.o
 .debug_macro   0x00024e5c      0x34d Drivers/STM32F7xx_HAL_Driver/stm32f7xx_hal.o
 .debug_macro   0x000251a9      0x32a Drivers/STM32F7xx_HAL_Driver/stm32f7xx_hal_adc.o
 .debug_macro   0x000254d3      0x329 Drivers/STM32F7xx_HAL_Driver/stm32f7xx_hal_cortex.o
 .debug_macro   0x000257fc      0x361 Drivers/STM32F7xx_HAL_Driver/stm32f7xx_hal_gpio.o
 .debug_macro   0x00025b5d      0x34d Drivers/STM32F7xx_HAL_Driver/stm32f7xx_hal_rcc.o

.comment        0x00000000       0x7e
 .comment       0x00000000       0x7e Application/User/main.o
                                 0x7f (size before relaxing)
 .comment       0x0000007e       0x7f Application/User/stm32f7xx_hal_msp.o
 .comment       0x0000007e       0x7f Application/User/stm32f7xx_it.o
 .comment       0x0000007e       0x7f Drivers/CMSIS/system_stm32f7xx.o
 .comment       0x0000007e       0x7f Drivers/STM32F7xx_HAL_Driver/stm32f7xx_hal.o
 .comment       0x0000007e       0x7f Drivers/STM32F7xx_HAL_Driver/stm32f7xx_hal_adc.o
 .comment       0x0000007e       0x7f Drivers/STM32F7xx_HAL_Driver/stm32f7xx_hal_cortex.o
 .comment       0x0000007e       0x7f Drivers/STM32F7xx_HAL_Driver/stm32f7xx_hal_gpio.o
 .comment       0x0000007e       0x7f Drivers/STM32F7xx_HAL_Driver/stm32f7xx_hal_rcc.o

.debug_frame    0x00000000      0xadc
 .debug_frame   0x00000000       0x9c Application/User/main.o
 .debug_frame   0x0000009c       0x64 Application/User/stm32f7xx_hal_msp.o
 .debug_frame   0x00000100       0xa8 Application/User/stm32f7xx_it.o
 .debug_frame   0x000001a8       0x3c Drivers/CMSIS/system_stm32f7xx.o
 .debug_frame   0x000001e4      0x22c Drivers/STM32F7xx_HAL_Driver/stm32f7xx_hal.o
 .debug_frame   0x00000410      0x27c Drivers/STM32F7xx_HAL_Driver/stm32f7xx_hal_adc.o
 .debug_frame   0x0000068c      0x15c Drivers/STM32F7xx_HAL_Driver/stm32f7xx_hal_cortex.o
 .debug_frame   0x000007e8       0xd8 Drivers/STM32F7xx_HAL_Driver/stm32f7xx_hal_gpio.o
 .debug_frame   0x000008c0      0x190 Drivers/STM32F7xx_HAL_Driver/stm32f7xx_hal_rcc.o
 .debug_frame   0x00000a50       0x2c d:/eclipse/plugins/fr.ac6.mcu.externaltools.arm-none.win32_1.16.0.201807130628/tools/compiler/bin/../lib/gcc/arm-none-eabi/7.2.1/thumb/v7e-m/fpv5/hard\libgcc.a(_aeabi_uldivmod.o)
 .debug_frame   0x00000a7c       0x34 d:/eclipse/plugins/fr.ac6.mcu.externaltools.arm-none.win32_1.16.0.201807130628/tools/compiler/bin/../lib/gcc/arm-none-eabi/7.2.1/thumb/v7e-m/fpv5/hard\libgcc.a(_udivmoddi4.o)
 .debug_frame   0x00000ab0       0x2c d:/eclipse/plugins/fr.ac6.mcu.externaltools.arm-none.win32_1.16.0.201807130628/tools/compiler/bin/../lib/gcc/arm-none-eabi/7.2.1/../../../../arm-none-eabi/lib/thumb/v7e-m/fpv5/hard\libc_nano.a(lib_a-init.o)

.debug_loc      0x00000000     0x19b9
 .debug_loc     0x00000000       0x5b Application/User/stm32f7xx_hal_msp.o
 .debug_loc     0x0000005b      0x13e Drivers/CMSIS/system_stm32f7xx.o
 .debug_loc     0x00000199       0xfd Drivers/STM32F7xx_HAL_Driver/stm32f7xx_hal.o
 .debug_loc     0x00000296      0x82b Drivers/STM32F7xx_HAL_Driver/stm32f7xx_hal_adc.o
 .debug_loc     0x00000ac1      0x5c0 Drivers/STM32F7xx_HAL_Driver/stm32f7xx_hal_cortex.o
 .debug_loc     0x00001081      0x469 Drivers/STM32F7xx_HAL_Driver/stm32f7xx_hal_gpio.o
 .debug_loc     0x000014ea      0x4cf Drivers/STM32F7xx_HAL_Driver/stm32f7xx_hal_rcc.o
